<html>
<body>
<pre>
<h1>礦ision Build Log</h1>
<h2>Tool Versions:</h2>
IDE-Version: μVision V5.18a
Copyright (C) 2016 ARM Ltd and ARM Germany GmbH. All rights reserved.
License Information: 1 Microsoft, Microsoft, LIC=SDA0P-M2UDF-FWP2N-YV1K4-URX7K-QWXBZ
 
Tool Versions:
Toolchain:       MDK-ARM Standard  Version: 5.18a
Toolchain Path:  C:\Keil_v5\ARM\ARMCC\Bin
C Compiler:      Armcc.exe V5.06 update 1 (build 61)
Assembler:       Armasm.exe V5.06 update 1 (build 61)
Linker/Locator:  ArmLink.exe V5.06 update 1 (build 61)
Library Manager: ArmAr.exe V5.06 update 1 (build 61)
Hex Converter:   FromElf.exe V5.06 update 1 (build 61)
CPU DLL:         
Dialog DLL:      
Target DLL:      Segger\JL2CM3.dll V2.99.19.0
Dialog DLL:      TCM.DLL V1.14.8.0
 
<h2>Project:</h2>
F:\青风nRF52蓝牙5.0网盘\2.青风蓝牙5.0代码\1.蓝牙从机架构篇\BLE实验1：蓝牙样例\examples\ble_peripheral\ble_app_template\pca10040\s132\arm5_no_packs\ble_app_template_pca10040_s132.uvprojx
Project File Date:  08/29/2020

<h2>Output:</h2>
*** Using Compiler 'V5.06 update 1 (build 61)', folder: 'C:\Keil_v5\ARM\ARMCC\Bin'
Build target 'nrf52832_xxaa'
compiling boards.c...
compiling main.c...
compiling utf.c...
compiling bsp.c...
compiling bsp_btn_ble.c...
compiling ble_advdata.c...
compiling auth_status_tracker.c...
compiling ble_advertising.c...
compiling ble_conn_state.c...
compiling ble_conn_params.c...
compiling ble_srv_common.c...
compiling gatt_cache_manager.c...
compiling gatts_cache_manager.c...
compiling id_manager.c...
compiling nrf_ble_qwr.c...
compiling nrf_ble_gatt.c...
compiling peer_data_storage.c...
compiling peer_id.c...
compiling peer_database.c...
compiling peer_manager.c...
compiling pm_buffer.c...
compiling peer_manager_handler.c...
compiling security_manager.c...
compiling security_dispatcher.c...
compiling nrf_drv_clock.c...
compiling nrfx_clock.c...
compiling nrfx_atomic.c...
compiling nrf_drv_uart.c...
compiling nrfx_prs.c...
compiling nrfx_gpiote.c...
compiling nrfx_uart.c...
compiling app_error.c...
compiling app_button.c...
compiling nrfx_uarte.c...
compiling app_error_handler_keil.c...
compiling app_scheduler.c...
compiling app_error_weak.c...
compiling app_util_platform.c...
compiling crc16.c...
compiling app_timer2.c...
compiling drv_rtc.c...
compiling fds.c...
compiling hardfault_implementation.c...
compiling nrf_assert.c...
compiling nrf_atflags.c...
compiling nrf_atfifo.c...
compiling nrf_atomic.c...
compiling nrf_fprintf.c...
compiling nrf_balloc.c...
compiling nrf_fprintf_format.c...
compiling nrf_fstorage_sd.c...
compiling nrf_fstorage.c...
compiling nrf_memobj.c...
compiling nrf_ringbuf.c...
compiling nrf_pwr_mgmt.c...
compiling nrf_sortlist.c...
compiling nrf_section_iter.c...
compiling sensorsim.c...
compiling nrf_log_backend_rtt.c...
compiling nrf_strerror.c...
compiling nrf_log_backend_serial.c...
compiling nrf_log_backend_uart.c...
compiling nrf_log_default_backends.c...
compiling nrf_log_frontend.c...
compiling nrf_log_str_formatter.c...
compiling SEGGER_RTT.c...
compiling SEGGER_RTT_Syscalls_KEIL.c...
compiling SEGGER_RTT_printf.c...
compiling nrf_sdh.c...
compiling nrf_sdh_ble.c...
compiling nrf_sdh_soc.c...
compiling system_nrf52.c...
linking...
Program Size: Code=58756 RO-data=9084 RW-data=644 ZI-data=12636  
FromELF: creating hex file...
".\_build\3exa.axf" - 0 Error(s), 0 Warning(s).

<h2>Software Packages used:</h2>

Package Vendor: ARM
                http://www.keil.com/pack/ARM.CMSIS.5.6.0.pack
                ARM::CMSIS:CORE:5.3.0
                CMSIS (Cortex Microcontroller Software Interface Standard)
   * Component: CORE Version: 5.3.0

Package Vendor: NordicSemiconductor
                http://developer.nordicsemi.com/nRF5_SDK/pieces/nRF_DeviceFamilyPack/NordicSemiconductor.nRF_DeviceFamilyPack.8.32.1.pack
                NordicSemiconductor::Device:Startup:8.32.1
                Nordic Semiconductor nRF ARM devices Device Family Pack with BSD license.
   * Component: Startup Version: 8.32.1

<h2>Collection of Component include folders:</h2>
  F:\青风nRF52蓝牙5.0网盘\2.青风蓝牙5.0代码\1.蓝牙从机架构篇\BLE实验1：蓝牙样例\examples\ble_peripheral\ble_app_template\pca10040\s132\arm5_no_packs\RTE
  C:\Keil_v5\ARM\PACK\ARM\CMSIS\5.6.0\CMSIS\Core\Include
  C:\Keil_v5\ARM\PACK\NordicSemiconductor\nRF_DeviceFamilyPack\8.32.1\Device\Include

<h2>Collection of Component Files used:</h2>

   * Component: ARM::CMSIS:CORE:5.3.0

   * Component: NordicSemiconductor::Device:Startup:8.32.1
      Source file:   Device\Source\arm\arm_startup_nrf52.s
      Source file:   Device\Source\system_nrf52.c
      Include file:  Device\Include\system_nrf52.h
      Include file:  Device\Include\system_nrf.h
Build Time Elapsed:  00:01:04
</pre>
</body>
</html>
