Component: ARM Compiler 5.06 update 1 (build 61) Tool: armlink [4d35a8]

==============================================================================

Section Cross References

    main.o(i.advertising_init) refers to memseta.o(.text) for __aeabi_memclr4
    main.o(i.advertising_init) refers to ble_advertising.o(i.ble_advertising_init) for ble_advertising_init
    main.o(i.advertising_init) refers to app_error_handler_keil.o(.emb_text) for app_error_handler
    main.o(i.advertising_init) refers to ble_advertising.o(i.ble_advertising_conn_cfg_tag_set) for ble_advertising_conn_cfg_tag_set
    main.o(i.advertising_init) refers to main.o(.data) for m_adv_uuids
    main.o(i.advertising_init) refers to main.o(i.on_adv_evt) for on_adv_evt
    main.o(i.advertising_init) refers to main.o(.bss) for m_advertising
    main.o(i.advertising_start) refers to main.o(i.delete_bonds) for delete_bonds
    main.o(i.advertising_start) refers to ble_advertising.o(i.ble_advertising_start) for ble_advertising_start
    main.o(i.advertising_start) refers to app_error_handler_keil.o(.emb_text) for app_error_handler
    main.o(i.advertising_start) refers to main.o(.bss) for m_advertising
    main.o(i.assert_nrf_callback) refers to app_error_handler_keil.o(.emb_text) for app_error_handler
    main.o(i.ble_evt_handler) refers to nrf_log_frontend.o(i.nrf_log_frontend_std_0) for nrf_log_frontend_std_0
    main.o(i.ble_evt_handler) refers to bsp.o(i.bsp_indication_set) for bsp_indication_set
    main.o(i.ble_evt_handler) refers to app_error_handler_keil.o(.emb_text) for app_error_handler
    main.o(i.ble_evt_handler) refers to nrf_ble_qwr.o(i.nrf_ble_qwr_conn_handle_assign) for nrf_ble_qwr_conn_handle_assign
    main.o(i.ble_evt_handler) refers to nrf_log_frontend.o(log_const_data) for m_nrf_log_app_logs_data_const
    main.o(i.ble_evt_handler) refers to main.o(.data) for m_conn_handle
    main.o(i.ble_evt_handler) refers to main.o(.bss) for m_qwr
    main.o(i.ble_stack_init) refers to nrf_sdh.o(i.nrf_sdh_enable_request) for nrf_sdh_enable_request
    main.o(i.ble_stack_init) refers to app_error_handler_keil.o(.emb_text) for app_error_handler
    main.o(i.ble_stack_init) refers to nrf_sdh_ble.o(i.nrf_sdh_ble_default_cfg_set) for nrf_sdh_ble_default_cfg_set
    main.o(i.ble_stack_init) refers to nrf_sdh_ble.o(i.nrf_sdh_ble_enable) for nrf_sdh_ble_enable
    main.o(i.bsp_event_handler) refers to main.o(i.sleep_mode_enter) for sleep_mode_enter
    main.o(i.bsp_event_handler) refers to app_error_handler_keil.o(.emb_text) for app_error_handler
    main.o(i.bsp_event_handler) refers to ble_advertising.o(i.ble_advertising_restart_without_whitelist) for ble_advertising_restart_without_whitelist
    main.o(i.bsp_event_handler) refers to main.o(.data) for m_conn_handle
    main.o(i.bsp_event_handler) refers to main.o(.bss) for m_advertising
    main.o(i.buttons_leds_init) refers to bsp.o(i.bsp_init) for bsp_init
    main.o(i.buttons_leds_init) refers to app_error_handler_keil.o(.emb_text) for app_error_handler
    main.o(i.buttons_leds_init) refers to bsp_btn_ble.o(i.bsp_btn_ble_init) for bsp_btn_ble_init
    main.o(i.buttons_leds_init) refers to main.o(i.bsp_event_handler) for bsp_event_handler
    main.o(i.conn_params_error_handler) refers to app_error_handler_keil.o(.emb_text) for app_error_handler
    main.o(i.conn_params_init) refers to memseta.o(.text) for __aeabi_memclr4
    main.o(i.conn_params_init) refers to ble_conn_params.o(i.ble_conn_params_init) for ble_conn_params_init
    main.o(i.conn_params_init) refers to app_error_handler_keil.o(.emb_text) for app_error_handler
    main.o(i.conn_params_init) refers to main.o(i.on_conn_params_evt) for on_conn_params_evt
    main.o(i.conn_params_init) refers to main.o(i.conn_params_error_handler) for conn_params_error_handler
    main.o(i.delete_bonds) refers to nrf_log_frontend.o(i.nrf_log_frontend_std_0) for nrf_log_frontend_std_0
    main.o(i.delete_bonds) refers to peer_manager.o(i.pm_peers_delete) for pm_peers_delete
    main.o(i.delete_bonds) refers to app_error_handler_keil.o(.emb_text) for app_error_handler
    main.o(i.delete_bonds) refers to nrf_log_frontend.o(log_const_data) for m_nrf_log_app_logs_data_const
    main.o(i.gap_params_init) refers to app_error_handler_keil.o(.emb_text) for app_error_handler
    main.o(i.gatt_init) refers to nrf_ble_gatt.o(i.nrf_ble_gatt_init) for nrf_ble_gatt_init
    main.o(i.gatt_init) refers to app_error_handler_keil.o(.emb_text) for app_error_handler
    main.o(i.gatt_init) refers to main.o(.bss) for m_gatt
    main.o(i.idle_state_handle) refers to nrf_log_frontend.o(i.nrf_log_frontend_dequeue) for nrf_log_frontend_dequeue
    main.o(i.idle_state_handle) refers to nrf_pwr_mgmt.o(i.nrf_pwr_mgmt_run) for nrf_pwr_mgmt_run
    main.o(i.log_init) refers to nrf_log_frontend.o(i.nrf_log_init) for nrf_log_init
    main.o(i.log_init) refers to app_error_handler_keil.o(.emb_text) for app_error_handler
[...]
    0x00026bae   0x00000010   Code   RO         6476    i.addr_is_aligned32  nrf_fstorage.o
    0x00026bbe   0x00000014   Code   RO         6477    i.addr_is_page_aligned  nrf_fstorage.o
    0x00026bd2   0x00000018   Code   RO          969    i.addr_is_valid     ble_advertising.o
    0x00026bea   0x0000001c   Code   RO         6478    i.addr_is_within_bounds  nrf_fstorage.o
    0x00026c06   0x00000002   PAD
    0x00026c08   0x0000002c   Code   RO         5576    i.address_is_valid  fds.o
    0x00026c34   0x00000058   Code   RO          970    i.adv_mode_next_avail_get  ble_advertising.o
    0x00026c8c   0x00000012   Code   RO          971    i.adv_mode_next_get  ble_advertising.o
    0x00026c9e   0x00000012   Code   RO          972    i.adv_set_data_size_max_get  ble_advertising.o
    0x00026cb0   0x00000054   Code   RO          705    i.advertising_buttons_configure  bsp_btn_ble.o
    0x00026d04   0x00000088   Code   RO            4    i.advertising_init  main.o
    0x00026d8c   0x00000048   Code   RO            5    i.advertising_start  main.o
    0x00026dd4   0x00000056   Code   RO         1773    i.ah                id_manager.o
    0x00026e2a   0x0000000c   Code   RO          591    i.alert_timer_handler  bsp.o
    0x00026e36   0x00000002   PAD
    0x00026e38   0x00000014   Code   RO         3029    i.allow_repairing   security_dispatcher.o
    0x00026e4c   0x0000002c   Code   RO         4835    i.app_button_enable  app_button.o
    0x00026e78   0x000000b0   Code   RO         4836    i.app_button_init   app_button.o
    0x00026f28   0x000001c8   Code   RO         4997    i.app_error_fault_handler  app_error_weak.o
    0x000270f0   0x00000088   Code   RO         4938    i.app_error_save_and_stop  app_error.o
    0x00027178   0x00000010   Code   RO         5093    i.app_timer_cnt_get  app_timer2.o
    0x00027188   0x00000020   Code   RO         5094    i.app_timer_create  app_timer2.o
    0x000271a8   0x0000006c   Code   RO         5095    i.app_timer_init    app_timer2.o
    0x00027214   0x00000036   Code   RO         5098    i.app_timer_start   app_timer2.o
    0x0002724a   0x00000014   Code   RO         5099    i.app_timer_stop    app_timer2.o
    0x0002725e   0x0000000c   Code   RO         5253    i.app_util_critical_region_enter  app_util_platform.o
    0x0002726a   0x00000002   PAD
    0x0002726c   0x00000048   Code   RO         5254    i.app_util_critical_region_exit  app_util_platform.o
    0x000272b4   0x00000052   Code   RO          842    i.appearance_encode  ble_advdata.o
    0x00027306   0x00000002   Code   RO            6    i.application_timers_start  main.o
    0x00027308   0x0000007c   Code   RO         4367    i.apply_config      nrfx_uart.o
    0x00027384   0x0000007c   Code   RO         4612    i.apply_config      nrfx_uarte.o
    0x00027400   0x0000000e   Code   RO         1483    i.apply_pending_handle  gatt_cache_manager.o
    0x0002740e   0x00000014   Code   RO         3030    i.auth_status_failure_process  security_dispatcher.o
    0x00027422   0x0000001c   Code   RO         3031    i.auth_status_process  security_dispatcher.o
    0x0002743e   0x00000002   PAD
    0x00027440   0x000001bc   Code   RO         3032    i.auth_status_success_process  security_dispatcher.o
    0x000275fc   0x0000003c   Code   RO         7242    i.backend_id_assign  nrf_log_frontend.o
    0x00027638   0x0000016c   Code   RO          844    i.ble_advdata_encode  ble_advdata.o
    0x000277a4   0x00000028   Code   RO          846    i.ble_advdata_parse  ble_advdata.o
    0x000277cc   0x0000005c   Code   RO          847    i.ble_advdata_search  ble_advdata.o
    0x00027828   0x00000006   Code   RO          974    i.ble_advertising_conn_cfg_tag_set  ble_advertising.o
    0x0002782e   0x00000108   Code   RO          975    i.ble_advertising_init  ble_advertising.o
    0x00027936   0x0000003c   Code   RO          977    i.ble_advertising_on_ble_evt  ble_advertising.o
    0x00027972   0x0000004a   Code   RO          979    i.ble_advertising_restart_without_whitelist  ble_advertising.o
    0x000279bc   0x00000174   Code   RO          980    i.ble_advertising_start  ble_advertising.o
    0x00027b30   0x0000009c   Code   RO         1122    i.ble_conn_params_init  ble_conn_params.o
    0x00027bcc   0x00000020   Code   RO         1223    i.ble_conn_state_encrypted  ble_conn_state.o
    0x00027bec   0x00000028   Code   RO         1225    i.ble_conn_state_for_each_set_user_flag  ble_conn_state.o
    0x00027c14   0x00000020   Code   RO         1227    i.ble_conn_state_lesc  ble_conn_state.o
    0x00027c34   0x00000020   Code   RO         1228    i.ble_conn_state_mitm_protected  ble_conn_state.o
    0x00027c54   0x0000002c   Code   RO         1231    i.ble_conn_state_role  ble_conn_state.o
    0x00027c80   0x0000002c   Code   RO         1232    i.ble_conn_state_status  ble_conn_state.o
    0x00027cac   0x0000001c   Code   RO         1233    i.ble_conn_state_user_flag_acquire  ble_conn_state.o
    0x00027cc8   0x0000002c   Code   RO         1234    i.ble_conn_state_user_flag_get  ble_conn_state.o
    0x00027cf4   0x0000002c   Code   RO         1235    i.ble_conn_state_user_flag_set  ble_conn_state.o
    0x00027d20   0x0000001c   Code   RO         1236    i.ble_conn_state_valid  ble_conn_state.o
    0x00027d3c   0x00000076   Code   RO          850    i.ble_device_addr_encode  ble_advdata.o
    0x00027db2   0x00000002   PAD
    0x00027db4   0x000001c8   Code   RO            8    i.ble_evt_handler   main.o
    0x00027f7c   0x00000078   Code   RO          706    i.ble_evt_handler   bsp_btn_ble.o
    0x00027ff4   0x00000040   Code   RO         1124    i.ble_evt_handler   ble_conn_params.o
    0x00028034   0x000000f8   Code   RO         1237    i.ble_evt_handler   ble_conn_state.o
    0x0002812c   0x0000002c   Code   RO         2552    i.ble_evt_handler   peer_manager.o
    0x00028158   0x00000012   Code   RO         1414    i.ble_srv_is_notification_enabled  ble_srv_common.o
    0x0002816a   0x00000002   PAD
    0x0002816c   0x00000078   Code   RO            9    i.ble_stack_init    main.o
    0x000281e4   0x0000000c   Code   RO          466    i.bsp_board_button_idx_to_pin  boards.o
    0x000281f0   0x00000030   Code   RO          467    i.bsp_board_button_state_get  boards.o
    0x00028220   0x0000002c   Code   RO          468    i.bsp_board_buttons_init  boards.o
    0x0002824c   0x0000001a   Code   RO          469    i.bsp_board_init    boards.o
    0x00028266   0x00000002   PAD
    0x00028268   0x00000030   Code   RO          471    i.bsp_board_led_invert  boards.o
    0x00028298   0x00000014   Code   RO          472    i.bsp_board_led_off  boards.o
    0x000282ac   0x00000014   Code   RO          473    i.bsp_board_led_on  boards.o
    0x000282c0   0x00000030   Code   RO          474    i.bsp_board_led_state_get  boards.o
    0x000282f0   0x00000030   Code   RO          475    i.bsp_board_leds_init  boards.o
    0x00028320   0x00000014   Code   RO          476    i.bsp_board_leds_off  boards.o
    0x00028334   0x00000014   Code   RO          477    i.bsp_board_leds_on  boards.o
    0x00028348   0x00000024   Code   RO          478    i.bsp_board_pin_to_button_idx  boards.o
    0x0002836c   0x0000002c   Code   RO          707    i.bsp_btn_ble_init  bsp_btn_ble.o
    0x00028398   0x00000032   Code   RO          708    i.bsp_btn_ble_sleep_mode_prepare  bsp_btn_ble.o
    0x000283ca   0x00000002   PAD
    0x000283cc   0x000000c4   Code   RO          592    i.bsp_button_event_handler  bsp.o
    0x00028490   0x00000014   Code   RO          593    i.bsp_button_is_pressed  bsp.o
    0x000284a4   0x00000090   Code   RO           10    i.bsp_event_handler  main.o
    0x00028534   0x0000005c   Code   RO          596    i.bsp_event_to_button_action_assign  bsp.o
    0x00028590   0x00000020   Code   RO          597    i.bsp_indication_set  bsp.o
    0x000285b0   0x000000ac   Code   RO          598    i.bsp_init          bsp.o
    0x0002865c   0x00000388   Code   RO          599    i.bsp_led_indication  bsp.o
    0x000289e4   0x0000000e   Code   RO          601    i.bsp_wakeup_button_enable  bsp.o
    0x000289f2   0x00000002   PAD
    0x000289f4   0x000000e8   Code   RO         7243    i.buf_prealloc      nrf_log_frontend.o
    0x00028adc   0x0000002c   Code   RO         6431    i.buffer_add        nrf_fprintf_format.o
    0x00028b08   0x00000018   Code   RO         7244    i.buffer_is_empty   nrf_log_frontend.o
    0x00028b20   0x0000002c   Code   RO         4838    i.button_get        app_button.o
    0x00028b4c   0x0000000e   Code   RO          602    i.button_timer_handler  bsp.o
    0x00028b5a   0x00000002   PAD
    0x00028b5c   0x00000070   Code   RO           11    i.buttons_leds_init  main.o
    0x00028bcc   0x0000002c   Code   RO         1484    i.car_update_needed  gatt_cache_manager.o
    0x00028bf8   0x00000040   Code   RO         1485    i.car_update_pending_handle  gatt_cache_manager.o
    0x00028c38   0x00000020   Code   RO         1486    i.cccd_written      gatt_cache_manager.o
    0x00028c58   0x00000020   Code   RO         3944    i.channel_free      nrfx_gpiote.o
    0x00028c78   0x00000010   Code   RO         3945    i.channel_handler_get  nrfx_gpiote.o
    0x00028c88   0x00000080   Code   RO         3946    i.channel_port_alloc  nrfx_gpiote.o
    0x00028d08   0x0000000c   Code   RO         3947    i.channel_port_get  nrfx_gpiote.o
    0x00028d14   0x0000004c   Code   RO         2457    i.claim             peer_id.o
    0x00028d60   0x00000030   Code   RO         3410    i.clock_clk_started_notify  nrf_drv_clock.o
    0x00028d90   0x00000028   Code   RO         3411    i.clock_irq_handler  nrf_drv_clock.o
    0x00028db8   0x00000026   Code   RO         5101    i.compare_func      app_timer2.o
    0x00028dde   0x00000028   Code   RO          982    i.config_is_valid   ble_advertising.o
    0x00028e06   0x0000003c   Code   RO         1238    i.conn_handle_list_get  ble_conn_state.o
    0x00028e42   0x0000005a   Code   RO          851    i.conn_int_check    ble_advdata.o
    0x00028e9c   0x00000068   Code   RO          852    i.conn_int_encode   ble_advdata.o
    0x00028f04   0x00000028   Code   RO           12    i.conn_params_error_handler  main.o
    0x00028f2c   0x00000070   Code   RO           13    i.conn_params_init  main.o
    0x00028f9c   0x00000054   Code   RO         1125    i.conn_params_negotiation  ble_conn_params.o
    0x00028ff0   0x00000044   Code   RO         3033    i.conn_sec_failure  security_dispatcher.o
    0x00029034   0x00000058   Code   RO         3034    i.conn_sec_update_process  security_dispatcher.o
    0x0002908c   0x00000010   Code   RO         2875    i.conn_secure       peer_manager_handler.o
    0x0002909c   0x00000054   Code   RO          709    i.connection_buttons_configure  bsp_btn_ble.o
    0x000290f0   0x00000130   Code   RO         1947    i.data_length_update  nrf_ble_gatt.o
    0x00029220   0x0000004c   Code   RO         1487    i.db_update_pending_handle  gatt_cache_manager.o
    0x0002926c   0x00000060   Code   RO           14    i.delete_bonds      main.o
    0x000292cc   0x00000052   Code   RO         5577    i.delete_execute    fds.o
    0x0002931e   0x00000002   PAD
    0x00029320   0x00000060   Code   RO         4839    i.detection_delay_timeout_handler  app_button.o
    0x00029380   0x00000022   Code   RO         3035    i.disconnect_process  security_dispatcher.o
    0x000293a2   0x00000002   PAD
    0x000293a4   0x00000018   Code   RO         7245    i.dropped_sat16_get  nrf_log_frontend.o
    0x000293bc   0x00000016   Code   RO         5358    i.drv_rtc_compare_disable  drv_rtc.o
    0x000293d2   0x0000001a   Code   RO         5361    i.drv_rtc_compare_pending  drv_rtc.o
    0x000293ec   0x0000005c   Code   RO         5362    i.drv_rtc_compare_set  drv_rtc.o
    0x00029448   0x0000000c   Code   RO         5363    i.drv_rtc_counter_get  drv_rtc.o
    0x00029454   0x00000128   Code   RO         5364    i.drv_rtc_init      drv_rtc.o
    0x0002957c   0x00000024   Code   RO         5365    i.drv_rtc_irq_trigger  drv_rtc.o
    0x000295a0   0x00000012   Code   RO         5367    i.drv_rtc_overflow_enable  drv_rtc.o
    0x000295b2   0x00000010   Code   RO         5368    i.drv_rtc_overflow_pending  drv_rtc.o
    0x000295c2   0x0000000e   Code   RO         5369    i.drv_rtc_start     drv_rtc.o
    0x000295d0   0x0000000e   Code   RO         5370    i.drv_rtc_stop      drv_rtc.o
    0x000295de   0x000000fc   Code   RO         5375    i.drv_rtc_windowed_compare_set  drv_rtc.o
    0x000296da   0x00000016   Code   RO         3036    i.encryption_failure  security_dispatcher.o
    0x000296f0   0x00000058   Code   RO         6568    i.erase             nrf_fstorage_sd.o
    0x00029748   0x0000000e   Code   RO         6569    i.erase_execute     nrf_fstorage_sd.o
    0x00029756   0x0000007e   Code   RO         5578    i.event_prepare     fds.o
    0x000297d4   0x00000028   Code   RO         5579    i.event_send        fds.o
    0x000297fc   0x00000068   Code   RO         6570    i.event_send        nrf_fstorage_sd.o
    0x00029864   0x000000a0   Code   RO         3220    i.events_send_from_err_code  security_manager.o
    0x00029904   0x00000018   Code   RO         5376    i.evt_disable       drv_rtc.o
    0x0002991c   0x0000001c   Code   RO         5377    i.evt_enable        drv_rtc.o
    0x00029938   0x0000000c   Code   RO         3221    i.evt_forward       security_manager.o
    0x00029944   0x000000f0   Code   RO         4840    i.evt_handle        app_button.o
    0x00029a34   0x0000001c   Code   RO         5378    i.evt_pending       drv_rtc.o
    0x00029a50   0x00000028   Code   RO         1488    i.evt_send          gatt_cache_manager.o
    0x00029a78   0x00000028   Code   RO         1674    i.evt_send          gatts_cache_manager.o
    0x00029aa0   0x00000020   Code   RO         1774    i.evt_send          id_manager.o
    0x00029ac0   0x00000028   Code   RO         2553    i.evt_send          peer_manager.o
    0x00029ae8   0x00000028   Code   RO         3037    i.evt_send          security_dispatcher.o
    0x00029b10   0x00000020   Code   RO         3222    i.evt_send          security_manager.o
    0x00029b30   0x000000f4   Code   RO         2125    i.fds_evt_handler   peer_data_storage.o
    0x00029c24   0x0000004c   Code   RO         5581    i.fds_file_delete   fds.o
    0x00029c70   0x00000044   Code   RO         5582    i.fds_gc            fds.o
    0x00029cb4   0x000000cc   Code   RO         5583    i.fds_init          fds.o
    0x00029d80   0x00000068   Code   RO         5584    i.fds_record_close  fds.o
    0x00029de8   0x00000016   Code   RO         5586    i.fds_record_find   fds.o
    0x00029dfe   0x00000014   Code   RO         5587    i.fds_record_find_by_key  fds.o
    0x00029e12   0x00000014   Code   RO         5588    i.fds_record_find_in_file  fds.o
    0x00029e26   0x00000014   Code   RO         5589    i.fds_record_id_from_desc  fds.o
    0x00029e3a   0x00000002   PAD
    0x00029e3c   0x00000050   Code   RO         5591    i.fds_record_open   fds.o
    0x00029e8c   0x0000001c   Code   RO         5592    i.fds_record_update  fds.o
    0x00029ea8   0x00000014   Code   RO         5593    i.fds_record_write  fds.o
    0x00029ebc   0x00000034   Code   RO         5595    i.fds_register      fds.o
    0x00029ef0   0x000000c4   Code   RO         5598    i.fds_stat          fds.o
    0x00029fb4   0x00000034   Code   RO         5599    i.file_find_and_delete  fds.o
    0x00029fe8   0x0000000a   Code   RO         2126    i.file_id_to_peer_id  peer_data_storage.o
    0x00029ff2   0x00000018   Code   RO         2127    i.file_id_within_pm_range  peer_data_storage.o
    0x0002a00a   0x00000012   Code   RO         3038    i.flag_id_init      security_dispatcher.o
    0x0002a01c   0x00000012   Code   RO         3223    i.flag_id_init      security_manager.o
    0x0002a02e   0x0000001e   Code   RO         1239    i.flag_toggle       ble_conn_state.o
    0x0002a04c   0x00000036   Code   RO          853    i.flags_encode      ble_advdata.o
    0x0002a082   0x0000002c   Code   RO          983    i.flags_set         ble_advertising.o
    0x0002a0ae   0x00000002   PAD
    0x0002a0b0   0x0000004c   Code   RO         3224    i.flags_set_from_err_code  security_manager.o
    0x0002a0fc   0x0000001c   Code   RO         5600    i.flash_bounds_set  fds.o
    0x0002a118   0x00000036   Code   RO         5601    i.flash_end_addr    fds.o
    0x0002a14e   0x00000002   PAD
    0x0002a150   0x0000001c   Code   RO         5602    i.flash_subsystem_init  fds.o
    0x0002a16c   0x00000032   Code   RO         1240    i.for_each_set_flag  ble_conn_state.o
    0x0002a19e   0x0000000c   Code   RO         5603    i.fs_event_handler  fds.o
    0x0002a1aa   0x00000002   PAD
    0x0002a1ac   0x000000cc   Code   RO           15    i.gap_params_init   main.o
    0x0002a278   0x00000038   Code   RO           16    i.gatt_init         main.o
    0x0002a2b0   0x00000074   Code   RO         5604    i.gc_execute        fds.o
    0x0002a324   0x00000040   Code   RO         5605    i.gc_init           fds.o
    0x0002a364   0x00000028   Code   RO         5606    i.gc_next_page      fds.o
    0x0002a38c   0x0000004c   Code   RO         5607    i.gc_page_erase     fds.o
    0x0002a3d8   0x00000050   Code   RO         5608    i.gc_page_next      fds.o
    0x0002a428   0x00000040   Code   RO         5609    i.gc_record_copy    fds.o
    0x0002a468   0x00000024   Code   RO         5610    i.gc_record_find_next  fds.o
    0x0002a48c   0x00000058   Code   RO         5611    i.gc_state_advance  fds.o
    0x0002a4e4   0x0000002c   Code   RO         5612    i.gc_swap_erase     fds.o
    0x0002a510   0x00000060   Code   RO         5613    i.gc_swap_pages     fds.o
    0x0002a570   0x00000024   Code   RO         5614    i.gc_swap_promote   fds.o
    0x0002a594   0x00000018   Code   RO         5615    i.gc_tag_new_swap   fds.o
    0x0002a5ac   0x00000020   Code   RO         5616    i.gc_update_swap_offset  fds.o
    0x0002a5cc   0x00000298   Code   RO         1489    i.gcm_ble_evt_handler  gatt_cache_manager.o
    0x0002a864   0x00000026   Code   RO         1490    i.gcm_im_evt_handler  gatt_cache_manager.o
    0x0002a88a   0x00000002   PAD
    0x0002a88c   0x000000e4   Code   RO         1491    i.gcm_init          gatt_cache_manager.o
    0x0002a970   0x0000009c   Code   RO         1494    i.gcm_pdb_evt_handler  gatt_cache_manager.o
    0x0002aa0c   0x0000003c   Code   RO         5102    i.get_now           app_timer2.o
    0x0002aa48   0x00000048   Code   RO         4841    i.gpiote_event_handler  app_button.o
    0x0002aa90   0x0000001c   Code   RO         1675    i.gscm_db_change_notification_done  gatts_cache_manager.o
    0x0002aaac   0x00000014   Code   RO         1676    i.gscm_init         gatts_cache_manager.o
    0x0002aac0   0x000000b8   Code   RO         1678    i.gscm_local_db_cache_apply  gatts_cache_manager.o
    0x0002ab78   0x000000c8   Code   RO         1679    i.gscm_local_db_cache_update  gatts_cache_manager.o
    0x0002ac40   0x0000001c   Code   RO         1680    i.gscm_pdb_evt_handler  gatts_cache_manager.o
    0x0002ac5c   0x00000028   Code   RO         1681    i.gscm_service_changed_ind_needed  gatts_cache_manager.o
    0x0002ac84   0x00000074   Code   RO         1682    i.gscm_service_changed_ind_send  gatts_cache_manager.o
    0x0002acf8   0x00000030   Code   RO         5617    i.header_check      fds.o
    0x0002ad28   0x00000016   Code   RO         5618    i.header_has_next   fds.o
    0x0002ad3e   0x0000000e   Code   RO         5619    i.header_jump       fds.o
    0x0002ad4c   0x0000000e   Code   RO           17    i.idle_state_handle  main.o
    0x0002ad5a   0x0000004c   Code   RO         1775    i.im_address_resolve  id_manager.o
    0x0002ada6   0x00000002   PAD
    0x0002ada8   0x00000038   Code   RO         1776    i.im_ble_addr_get   id_manager.o
    0x0002ade0   0x000000ec   Code   RO         1777    i.im_ble_evt_handler  id_manager.o
    0x0002aecc   0x00000040   Code   RO         1778    i.im_conn_handle_get  id_manager.o
    0x0002af0c   0x00000038   Code   RO         1780    i.im_find_duplicate_bonding_data  id_manager.o
    0x0002af44   0x00000090   Code   RO         1783    i.im_is_duplicate_bonding_data  id_manager.o
    0x0002afd4   0x00000022   Code   RO         1784    i.im_master_id_is_valid  id_manager.o
    0x0002aff6   0x00000032   Code   RO         1785    i.im_master_ids_compare  id_manager.o
    0x0002b028   0x00000014   Code   RO         1786    i.im_new_peer_id    id_manager.o
    0x0002b03c   0x00000030   Code   RO         1787    i.im_peer_free      id_manager.o
    0x0002b06c   0x00000028   Code   RO         1788    i.im_peer_id_get_by_conn_handle  id_manager.o
    0x0002b094   0x00000040   Code   RO         1789    i.im_peer_id_get_by_master_id  id_manager.o
    0x0002b0d4   0x0000003c   Code   RO         6571    i.init              nrf_fstorage_sd.o
    0x0002b110   0x00000134   Code   RO         5620    i.init_execute      fds.o
    0x0002b244   0x0000002c   Code   RO         1126    i.instance_get      ble_conn_params.o
    0x0002b270   0x000000be   Code   RO         6432    i.int_print         nrf_fprintf_format.o
    0x0002b32e   0x00000002   PAD
    0x0002b330   0x0000000c   Code   RO         1495    i.internal_state_reset  gatt_cache_manager.o
    0x0002b33c   0x00000018   Code   RO         1683    i.internal_state_reset  gatts_cache_manager.o
    0x0002b354   0x00000020   Code   RO         2303    i.internal_state_reset  peer_database.o
    0x0002b374   0x0000000e   Code   RO         2458    i.internal_state_reset  peer_id.o
    0x0002b382   0x00000002   PAD
    0x0002b384   0x00000018   Code   RO         2554    i.internal_state_reset  peer_manager.o
    0x0002b39c   0x00000058   Code   RO         4368    i.interrupts_disable  nrfx_uart.o
    0x0002b3f4   0x00000058   Code   RO         4613    i.interrupts_disable  nrfx_uarte.o
    0x0002b44c   0x00000094   Code   RO         4369    i.interrupts_enable  nrfx_uart.o
    0x0002b4e0   0x000000b4   Code   RO         4614    i.interrupts_enable  nrfx_uarte.o
    0x0002b594   0x00000046   Code   RO         7247    i.invalid_packets_omit  nrf_log_frontend.o
    0x0002b5da   0x00000002   PAD
    0x0002b5dc   0x00000014   Code   RO         6572    i.is_busy           nrf_fstorage_sd.o
    0x0002b5f0   0x00000072   Code   RO         1127    i.is_conn_params_ok  ble_conn_params.o
    0x0002b662   0x00000018   Code   RO         1794    i.is_valid_irk      id_manager.o
    0x0002b67a   0x00000010   Code   RO         5621    i.is_word_aligned   fds.o
    0x0002b68a   0x0000000c   Code   RO         3414    i.item_dequeue      nrf_drv_clock.o
    0x0002b696   0x00000026   Code   RO         3225    i.key_is_lesc       security_manager.o
    0x0002b6bc   0x00000026   Code   RO         3948    i.latch_pending_read_and_check  nrfx_gpiote.o
    0x0002b6e2   0x00000002   PAD
    0x0002b6e4   0x00000028   Code   RO          603    i.leds_off          bsp.o
    0x0002b70c   0x00000020   Code   RO          604    i.leds_timer_handler  bsp.o
    0x0002b72c   0x00000018   Code   RO         3416    i.lfclk_stop        nrf_drv_clock.o
    0x0002b744   0x00000014   Code   RO         1948    i.link_init         nrf_ble_gatt.o
    0x0002b758   0x000000e8   Code   RO         3226    i.link_secure       security_manager.o
    0x0002b840   0x00000018   Code   RO         3039    i.link_secure_authenticate  security_dispatcher.o
    0x0002b858   0x0000003c   Code   RO         3040    i.link_secure_failure  security_dispatcher.o
    0x0002b894   0x0000003c   Code   RO         3227    i.link_secure_pending_handle  security_manager.o
    0x0002b8d0   0x00000018   Code   RO         3041    i.link_secure_peripheral  security_dispatcher.o
    0x0002b8e8   0x000000c4   Code   RO         1496    i.local_db_apply_in_evt  gatt_cache_manager.o
    0x0002b9ac   0x00000018   Code   RO         1497    i.local_db_update   gatt_cache_manager.o
    0x0002b9c4   0x00000120   Code   RO         1498    i.local_db_update_in_evt  gatt_cache_manager.o
    0x0002bae4   0x0000003c   Code   RO           18    i.log_init          main.o
    0x0002bb20   0x000000cc   Code   RO         7248    i.log_skip          nrf_log_frontend.o
    0x0002bbec   0x0000007c   Code   RO           19    i.main              main.o
    0x0002bc68   0x00000076   Code   RO          854    i.manuf_specific_data_encode  ble_advdata.o
    0x0002bcde   0x000000ca   Code   RO         6703    i.memobj_op         nrf_memobj.o
    0x0002bda8   0x00000038   Code   RO         7249    i.module_idx_get    nrf_log_frontend.o
    0x0002bde0   0x00000026   Code   RO         2972    i.mutex_lock        pm_buffer.o
    0x0002be06   0x00000020   Code   RO         2973    i.mutex_lock_status_get  pm_buffer.o
    0x0002be26   0x00000020   Code   RO         2974    i.mutex_unlock      pm_buffer.o
    0x0002be46   0x000000c8   Code   RO          855    i.name_encode       ble_advdata.o
    0x0002bf0e   0x00000002   PAD
    0x0002bf10   0x00000020   Code   RO         3228    i.new_context_get   security_manager.o
    0x0002bf30   0x00000032   Code   RO         3229    i.new_evt           security_manager.o
    0x0002bf62   0x00000034   Code   RO         2459    i.next_id_get       peer_id.o
    0x0002bf96   0x00000002   PAD
    0x0002bf98   0x00000058   Code   RO         8185    i.nrf52_errata_108  system_nrf52.o
    0x0002bff0   0x00000058   Code   RO         8197    i.nrf52_errata_12   system_nrf52.o
    0x0002c048   0x00000058   Code   RO         8208    i.nrf52_errata_136  system_nrf52.o
    0x0002c0a0   0x0000003c   Code   RO         8227    i.nrf52_errata_16   system_nrf52.o
    0x0002c0dc   0x0000003c   Code   RO         8244    i.nrf52_errata_182  system_nrf52.o
    0x0002c118   0x00000058   Code   RO         8291    i.nrf52_errata_31   system_nrf52.o
    0x0002c170   0x0000003c   Code   RO         8292    i.nrf52_errata_32   system_nrf52.o
    0x0002c1ac   0x00000058   Code   RO         8296    i.nrf52_errata_36   system_nrf52.o
    0x0002c204   0x0000003c   Code   RO         8297    i.nrf52_errata_37   system_nrf52.o
    0x0002c240   0x0000003c   Code   RO         8313    i.nrf52_errata_57   system_nrf52.o
    0x0002c27c   0x00000058   Code   RO         8319    i.nrf52_errata_66   system_nrf52.o
    0x0002c2d4   0x00000016   Code   RO         6069    i.nrf_atfifo_clear  nrf_atfifo.o
    0x0002c2ea   0x00000028   Code   RO         6071    i.nrf_atfifo_init   nrf_atfifo.o
    0x0002c312   0x0000001c   Code   RO         6072    i.nrf_atfifo_item_alloc  nrf_atfifo.o
    0x0002c32e   0x0000001c   Code   RO         6073    i.nrf_atfifo_item_free  nrf_atfifo.o
    0x0002c34a   0x0000001c   Code   RO         6074    i.nrf_atfifo_item_get  nrf_atfifo.o
    0x0002c366   0x0000001c   Code   RO         6075    i.nrf_atfifo_item_put  nrf_atfifo.o
    0x0002c382   0x0000001e   Code   RO         6140    i.nrf_atflags_clear  nrf_atflags.o
    0x0002c3a0   0x0000002e   Code   RO         6142    i.nrf_atflags_fetch_set  nrf_atflags.o
    0x0002c3ce   0x00000060   Code   RO         6144    i.nrf_atflags_find_and_set_flag  nrf_atflags.o
    0x0002c42e   0x0000001e   Code   RO         6145    i.nrf_atflags_get   nrf_atflags.o
    0x0002c44c   0x0000001e   Code   RO         6147    i.nrf_atflags_set   nrf_atflags.o
    0x0002c46a   0x0000000e   Code   RO         6208    i.nrf_atomic_flag_clear_fetch  nrf_atomic.o
    0x0002c478   0x0000000e   Code   RO         6209    i.nrf_atomic_flag_set  nrf_atomic.o
    0x0002c486   0x0000000e   Code   RO         6210    i.nrf_atomic_flag_set_fetch  nrf_atomic.o
    0x0002c494   0x00000016   Code   RO         6211    i.nrf_atomic_u32_add  nrf_atomic.o
    0x0002c4aa   0x00000016   Code   RO         6212    i.nrf_atomic_u32_and  nrf_atomic.o
    0x0002c4c0   0x00000016   Code   RO         6214    i.nrf_atomic_u32_fetch_add  nrf_atomic.o
    0x0002c4d6   0x00000016   Code   RO         6215    i.nrf_atomic_u32_fetch_and  nrf_atomic.o
    0x0002c4ec   0x00000016   Code   RO         6216    i.nrf_atomic_u32_fetch_or  nrf_atomic.o
    0x0002c502   0x00000016   Code   RO         6217    i.nrf_atomic_u32_fetch_store  nrf_atomic.o
    0x0002c518   0x00000016   Code   RO         6221    i.nrf_atomic_u32_or  nrf_atomic.o
    0x0002c52e   0x00000016   Code   RO         6223    i.nrf_atomic_u32_sub  nrf_atomic.o
    0x0002c544   0x00000052   Code   RO         6345    i.nrf_balloc_alloc  nrf_balloc.o
    0x0002c596   0x00000010   Code   RO         6346    i.nrf_balloc_block2idx  nrf_balloc.o
    0x0002c5a6   0x00000030   Code   RO         6347    i.nrf_balloc_free   nrf_balloc.o
    0x0002c5d6   0x0000000c   Code   RO         6348    i.nrf_balloc_idx2block  nrf_balloc.o
    0x0002c5e2   0x0000003c   Code   RO         6349    i.nrf_balloc_init   nrf_balloc.o
    0x0002c61e   0x00000016   Code   RO         3949    i.nrf_bitmask_bit_is_set  nrfx_gpiote.o
    0x0002c634   0x00000034   Code   RO         1954    i.nrf_ble_gatt_init  nrf_ble_gatt.o
    0x0002c668   0x0000012c   Code   RO         1955    i.nrf_ble_gatt_on_ble_evt  nrf_ble_gatt.o
    0x0002c794   0x00000020   Code   RO         2069    i.nrf_ble_qwr_conn_handle_assign  nrf_ble_qwr.o
    0x0002c7b4   0x00000032   Code   RO         2070    i.nrf_ble_qwr_init  nrf_ble_qwr.o
    0x0002c7e6   0x0000007c   Code   RO         2071    i.nrf_ble_qwr_on_ble_evt  nrf_ble_qwr.o
    0x0002c862   0x00000012   Code   RO         3776    i.nrf_clock_event_check  nrfx_clock.o
    0x0002c874   0x00000012   Code   RO         3777    i.nrf_clock_event_clear  nrfx_clock.o
    0x0002c886   0x00000002   PAD
    0x0002c888   0x0000000c   Code   RO         3778    i.nrf_clock_int_disable  nrfx_clock.o
    0x0002c894   0x00000008   Code   RO         3780    i.nrf_clock_task_trigger  nrfx_clock.o
    0x0002c89c   0x0000004c   Code   RO         3422    i.nrf_drv_clock_init  nrf_drv_clock.o
    0x0002c8e8   0x00000030   Code   RO         3426    i.nrf_drv_clock_lfclk_release  nrf_drv_clock.o
    0x0002c918   0x0000008c   Code   RO         3581    i.nrf_drv_uart_init  nrf_drv_uart.o
    0x0002c9a4   0x0000002a   Code   RO         6392    i.nrf_fprintf       nrf_fprintf.o
    0x0002c9ce   0x0000001c   Code   RO         6393    i.nrf_fprintf_buffer_flush  nrf_fprintf.o
    0x0002c9ea   0x000001f0   Code   RO         6433    i.nrf_fprintf_fmt   nrf_fprintf_format.o
    0x0002cbda   0x00000002   PAD
    0x0002cbdc   0x00000170   Code   RO         6479    i.nrf_fstorage_erase  nrf_fstorage.o
    0x0002cd4c   0x000000ac   Code   RO         6480    i.nrf_fstorage_init  nrf_fstorage.o
    0x0002cdf8   0x0000001c   Code   RO         6573    i.nrf_fstorage_sdh_req_handler  nrf_fstorage_sd.o
    0x0002ce14   0x0000002c   Code   RO         6574    i.nrf_fstorage_sdh_state_handler  nrf_fstorage_sd.o
    0x0002ce40   0x0000008c   Code   RO         6575    i.nrf_fstorage_sys_evt_handler  nrf_fstorage_sd.o
    0x0002cecc   0x00000264   Code   RO         6486    i.nrf_fstorage_write  nrf_fstorage.o
    0x0002d130   0x00000028   Code   RO          480    i.nrf_gpio_cfg      boards.o
    0x0002d158   0x00000028   Code   RO         3950    i.nrf_gpio_cfg      nrfx_gpiote.o
    0x0002d180   0x00000028   Code   RO         4370    i.nrf_gpio_cfg      nrfx_uart.o
    0x0002d1a8   0x00000028   Code   RO         4615    i.nrf_gpio_cfg      nrfx_uarte.o
    0x0002d1d0   0x00000018   Code   RO         4371    i.nrf_gpio_cfg_default  nrfx_uart.o
    0x0002d1e8   0x00000018   Code   RO         4616    i.nrf_gpio_cfg_default  nrfx_uarte.o
    0x0002d200   0x0000001a   Code   RO         4372    i.nrf_gpio_cfg_input  nrfx_uart.o
    0x0002d21a   0x0000001a   Code   RO         4617    i.nrf_gpio_cfg_input  nrfx_uarte.o
    0x0002d234   0x00000018   Code   RO         4373    i.nrf_gpio_cfg_output  nrfx_uart.o
    0x0002d24c   0x00000018   Code   RO         4618    i.nrf_gpio_cfg_output  nrfx_uarte.o
    0x0002d264   0x00000032   Code   RO         3952    i.nrf_gpio_cfg_sense_set  nrfx_gpiote.o
    0x0002d296   0x00000002   PAD
    0x0002d298   0x00000034   Code   RO         3953    i.nrf_gpio_latches_read_and_clear  nrfx_gpiote.o
    0x0002d2cc   0x00000022   Code   RO         3955    i.nrf_gpio_pin_present_check  nrfx_gpiote.o
    0x0002d2ee   0x00000018   Code   RO         3956    i.nrf_gpio_pin_read  nrfx_gpiote.o
    0x0002d306   0x00000016   Code   RO         4374    i.nrf_gpio_pin_set  nrfx_uart.o
    0x0002d31c   0x00000016   Code   RO         4619    i.nrf_gpio_pin_set  nrfx_uarte.o
    0x0002d332   0x0000003a   Code   RO          481    i.nrf_gpio_pin_write  boards.o
    0x0002d36c   0x0000000c   Code   RO         3958    i.nrf_gpiote_event_addr_get  nrfx_gpiote.o
    0x0002d378   0x0000001c   Code   RO         3959    i.nrf_gpiote_event_clear  nrfx_gpiote.o
    0x0002d394   0x00000016   Code   RO         3960    i.nrf_gpiote_event_is_set  nrfx_gpiote.o
    0x0002d3aa   0x00000002   PAD
    0x0002d3ac   0x0000000c   Code   RO         3961    i.nrf_gpiote_int_enable  nrfx_gpiote.o
    0x0002d3b8   0x00000054   Code   RO         7250    i.nrf_log_backend_add  nrf_log_frontend.o
    0x0002d40c   0x000000f2   Code   RO         7093    i.nrf_log_backend_serial_put  nrf_log_backend_serial.o
    0x0002d4fe   0x00000002   Code   RO         7133    i.nrf_log_backend_uart_flush  nrf_log_backend_uart.o
    0x0002d500   0x0000000c   Code   RO         7134    i.nrf_log_backend_uart_init  nrf_log_backend_uart.o
    0x0002d50c   0x00000038   Code   RO         7135    i.nrf_log_backend_uart_panic_set  nrf_log_backend_uart.o
    0x0002d544   0x00000020   Code   RO         7136    i.nrf_log_backend_uart_put  nrf_log_backend_uart.o
    0x0002d564   0x00000038   Code   RO         7252    i.nrf_log_color_id_get  nrf_log_frontend.o
    0x0002d59c   0x00000028   Code   RO         7206    i.nrf_log_default_backends_init  nrf_log_default_backends.o
    0x0002d5c4   0x0000031c   Code   RO         7253    i.nrf_log_frontend_dequeue  nrf_log_frontend.o
    0x0002d8e0   0x00000014   Code   RO         7255    i.nrf_log_frontend_std_0  nrf_log_frontend.o
    0x0002d8f4   0x00000018   Code   RO         7256    i.nrf_log_frontend_std_1  nrf_log_frontend.o
    0x0002d90c   0x00000020   Code   RO         7257    i.nrf_log_frontend_std_2  nrf_log_frontend.o
    0x0002d92c   0x00000028   Code   RO         7258    i.nrf_log_frontend_std_3  nrf_log_frontend.o
    0x0002d954   0x0000002c   Code   RO         7259    i.nrf_log_frontend_std_4  nrf_log_frontend.o
    0x0002d980   0x00000038   Code   RO         7260    i.nrf_log_frontend_std_5  nrf_log_frontend.o
    0x0002d9b8   0x000000bc   Code   RO         7446    i.nrf_log_hexdump_entry_process  nrf_log_str_formatter.o
    0x0002da74   0x00000048   Code   RO         7262    i.nrf_log_init      nrf_log_frontend.o
    0x0002dabc   0x00000014   Code   RO         7263    i.nrf_log_module_cnt_get  nrf_log_frontend.o
    0x0002dad0   0x00000024   Code   RO         7267    i.nrf_log_module_name_get  nrf_log_frontend.o
    0x0002daf4   0x00000034   Code   RO         7268    i.nrf_log_panic     nrf_log_frontend.o
    0x0002db28   0x000000c8   Code   RO         7447    i.nrf_log_std_entry_process  nrf_log_str_formatter.o
    0x0002dbf0   0x0000007a   Code   RO         6704    i.nrf_memobj_alloc  nrf_memobj.o
    0x0002dc6a   0x00000040   Code   RO         6705    i.nrf_memobj_free   nrf_memobj.o
    0x0002dcaa   0x00000010   Code   RO         6706    i.nrf_memobj_get    nrf_memobj.o
    0x0002dcba   0x0000000c   Code   RO         6707    i.nrf_memobj_pool_init  nrf_memobj.o
    0x0002dcc6   0x0000001e   Code   RO         6708    i.nrf_memobj_put    nrf_memobj.o
    0x0002dce4   0x00000022   Code   RO         6709    i.nrf_memobj_read   nrf_memobj.o
    0x0002dd06   0x00000022   Code   RO         6710    i.nrf_memobj_write  nrf_memobj.o
    0x0002dd28   0x00000016   Code   RO         1499    i.nrf_mtx_unlock    gatt_cache_manager.o
    0x0002dd3e   0x00000002   PAD
    0x0002dd40   0x00000040   Code   RO         6783    i.nrf_pwr_mgmt_init  nrf_pwr_mgmt.o
    0x0002dd80   0x0000006c   Code   RO         6784    i.nrf_pwr_mgmt_run  nrf_pwr_mgmt.o
    0x0002ddec   0x00000024   Code   RO           20    i.nrf_qwr_error_handler  main.o
    0x0002de10   0x0000001c   Code   RO         6863    i.nrf_ringbuf_init  nrf_ringbuf.o
    0x0002de2c   0x0000000c   Code   RO         5379    i.nrf_rtc_cc_get    drv_rtc.o
    0x0002de38   0x0000000a   Code   RO         5380    i.nrf_rtc_cc_set    drv_rtc.o
    0x0002de42   0x00000008   Code   RO         5381    i.nrf_rtc_counter_get  drv_rtc.o
    0x0002de4a   0x0000000e   Code   RO         5382    i.nrf_rtc_event_clear  drv_rtc.o
    0x0002de58   0x00000006   Code   RO         5383    i.nrf_rtc_event_disable  drv_rtc.o
    0x0002de5e   0x00000006   Code   RO         5384    i.nrf_rtc_event_enable  drv_rtc.o
    0x0002de64   0x00000006   Code   RO         5385    i.nrf_rtc_int_disable  drv_rtc.o
    0x0002de6a   0x00000006   Code   RO         5386    i.nrf_rtc_int_enable  drv_rtc.o
    0x0002de70   0x00000006   Code   RO         5387    i.nrf_rtc_task_trigger  drv_rtc.o
    0x0002de76   0x00000002   PAD
    0x0002de78   0x00000018   Code   RO         7997    i.nrf_sdh_ble_app_ram_start_get  nrf_sdh_ble.o
    0x0002de90   0x00000160   Code   RO         7998    i.nrf_sdh_ble_default_cfg_set  nrf_sdh_ble.o
    0x0002dff0   0x0000014c   Code   RO         7999    i.nrf_sdh_ble_enable  nrf_sdh_ble.o
    0x0002e13c   0x000000b4   Code   RO         8000    i.nrf_sdh_ble_evts_poll  nrf_sdh_ble.o
    0x0002e1f0   0x00000064   Code   RO         7868    i.nrf_sdh_disable_request  nrf_sdh.o
    0x0002e254   0x00000084   Code   RO         7869    i.nrf_sdh_enable_request  nrf_sdh.o
    0x0002e2d8   0x00000030   Code   RO         7870    i.nrf_sdh_evts_poll  nrf_sdh.o
    0x0002e308   0x0000000c   Code   RO         7871    i.nrf_sdh_is_enabled  nrf_sdh.o
    0x0002e314   0x00000028   Code   RO         7873    i.nrf_sdh_request_continue  nrf_sdh.o
    0x0002e33c   0x00000098   Code   RO         8056    i.nrf_sdh_soc_evts_poll  nrf_sdh_soc.o
    0x0002e3d4   0x00000006   Code   RO         7876    i.nrf_section_iter_get  nrf_sdh.o
    0x0002e3da   0x00000014   Code   RO         6921    i.nrf_section_iter_init  nrf_section_iter.o
    0x0002e3ee   0x0000002e   Code   RO         6922    i.nrf_section_iter_item_set  nrf_section_iter.o
    0x0002e41c   0x0000002e   Code   RO         6923    i.nrf_section_iter_next  nrf_section_iter.o
    0x0002e44a   0x00000028   Code   RO         6956    i.nrf_sortlist_add  nrf_sortlist.o
    0x0002e472   0x00000008   Code   RO         6958    i.nrf_sortlist_peek  nrf_sortlist.o
    0x0002e47a   0x00000018   Code   RO         6959    i.nrf_sortlist_pop  nrf_sortlist.o
    0x0002e492   0x00000026   Code   RO         6960    i.nrf_sortlist_remove  nrf_sortlist.o
    0x0002e4b8   0x00000040   Code   RO         7012    i.nrf_strerror_find  nrf_strerror.o
    0x0002e4f8   0x0000001c   Code   RO         7013    i.nrf_strerror_get  nrf_strerror.o
    0x0002e514   0x0000000c   Code   RO         4375    i.nrf_uart_errorsrc_get_and_clear  nrfx_uart.o
    0x0002e520   0x0000000e   Code   RO         4376    i.nrf_uart_event_check  nrfx_uart.o
    0x0002e52e   0x0000000e   Code   RO         4377    i.nrf_uart_event_clear  nrfx_uart.o
    0x0002e53c   0x0000000a   Code   RO         4378    i.nrf_uart_hwfc_pins_set  nrfx_uart.o
    0x0002e546   0x00000006   Code   RO         4379    i.nrf_uart_int_disable  nrfx_uart.o
    0x0002e54c   0x00000006   Code   RO         4380    i.nrf_uart_int_enable  nrfx_uart.o
    0x0002e552   0x00000012   Code   RO         4381    i.nrf_uart_int_enable_check  nrfx_uart.o
    0x0002e564   0x00000006   Code   RO         4382    i.nrf_uart_task_trigger  nrfx_uart.o
    0x0002e56a   0x0000000a   Code   RO         4383    i.nrf_uart_txrx_pins_set  nrfx_uart.o
    0x0002e574   0x0000000c   Code   RO         4620    i.nrf_uarte_errorsrc_get_and_clear  nrfx_uarte.o
    0x0002e580   0x0000000e   Code   RO         4621    i.nrf_uarte_event_check  nrfx_uarte.o
    0x0002e58e   0x0000000e   Code   RO         4622    i.nrf_uarte_event_clear  nrfx_uarte.o
    0x0002e59c   0x0000000c   Code   RO         4623    i.nrf_uarte_hwfc_pins_set  nrfx_uarte.o
    0x0002e5a8   0x00000006   Code   RO         4624    i.nrf_uarte_int_disable  nrfx_uarte.o
    0x0002e5ae   0x00000006   Code   RO         4625    i.nrf_uarte_int_enable  nrfx_uarte.o
    0x0002e5b4   0x0000000a   Code   RO         4626    i.nrf_uarte_rx_amount_get  nrfx_uarte.o
    0x0002e5be   0x0000000c   Code   RO         4627    i.nrf_uarte_shorts_disable  nrfx_uarte.o
    0x0002e5ca   0x00000006   Code   RO         4628    i.nrf_uarte_task_trigger  nrfx_uarte.o
    0x0002e5d0   0x0000000a   Code   RO         4629    i.nrf_uarte_tx_amount_get  nrfx_uarte.o
    0x0002e5da   0x0000000e   Code   RO         4630    i.nrf_uarte_txrx_pins_set  nrfx_uarte.o
    0x0002e5e8   0x00000014   Code   RO         3429    i.nrf_wdt_started   nrf_drv_clock.o
    0x0002e5fc   0x00000014   Code   RO         3786    i.nrfx_clock_enable  nrfx_clock.o
    0x0002e610   0x00000024   Code   RO         3789    i.nrfx_clock_init   nrfx_clock.o
    0x0002e634   0x0000002c   Code   RO         3792    i.nrfx_clock_lfclk_stop  nrfx_clock.o
    0x0002e660   0x00000018   Code   RO         5388    i.nrfx_coredep_delay_us  drv_rtc.o
    0x0002e678   0x00000008   Code   RO         3794    i.nrfx_get_irq_number  nrfx_clock.o
    0x0002e680   0x00000008   Code   RO         3964    i.nrfx_get_irq_number  nrfx_gpiote.o
    0x0002e688   0x00000008   Code   RO         4384    i.nrfx_get_irq_number  nrfx_uart.o
    0x0002e690   0x00000008   Code   RO         4631    i.nrfx_get_irq_number  nrfx_uarte.o
    0x0002e698   0x000000ac   Code   RO         3970    i.nrfx_gpiote_in_event_enable  nrfx_gpiote.o
    0x0002e744   0x000000f4   Code   RO         3972    i.nrfx_gpiote_in_init  nrfx_gpiote.o
    0x0002e838   0x00000014   Code   RO         3973    i.nrfx_gpiote_in_is_set  nrfx_gpiote.o
    0x0002e84c   0x000000d4   Code   RO         3975    i.nrfx_gpiote_init  nrfx_gpiote.o
    0x0002e920   0x00000014   Code   RO         3976    i.nrfx_gpiote_is_init  nrfx_gpiote.o
    0x0002e934   0x00000014   Code   RO         4632    i.nrfx_is_in_ram    nrfx_uarte.o
    0x0002e948   0x000000b0   Code   RO         3795    i.nrfx_power_clock_irq_init  nrfx_clock.o
    0x0002e9f8   0x0000004e   Code   RO         4314    i.nrfx_prs_acquire  nrfx_prs.o
    0x0002ea46   0x00000016   Code   RO         4315    i.nrfx_prs_release  nrfx_prs.o
    0x0002ea5c   0x00000014   Code   RO         4385    i.nrfx_uart_0_irq_handler  nrfx_uart.o
    0x0002ea70   0x00000088   Code   RO         4387    i.nrfx_uart_init    nrfx_uart.o
    0x0002eaf8   0x0000008c   Code   RO         4393    i.nrfx_uart_tx      nrfx_uart.o
    0x0002eb84   0x00000024   Code   RO         4395    i.nrfx_uart_tx_in_progress  nrfx_uart.o
    0x0002eba8   0x00000044   Code   RO         4396    i.nrfx_uart_uninit  nrfx_uart.o
    0x0002ebec   0x00000014   Code   RO         4633    i.nrfx_uarte_0_irq_handler  nrfx_uarte.o
    0x0002ec00   0x00000080   Code   RO         4635    i.nrfx_uarte_init   nrfx_uarte.o
    0x0002ec80   0x000000c0   Code   RO         4639    i.nrfx_uarte_tx     nrfx_uarte.o
    0x0002ed40   0x00000020   Code   RO         4641    i.nrfx_uarte_tx_in_progress  nrfx_uarte.o
    0x0002ed60   0x00000094   Code   RO         4642    i.nrfx_uarte_uninit  nrfx_uarte.o
    0x0002edf4   0x00000078   Code   RO           21    i.on_adv_evt        main.o
    0x0002ee6c   0x00000014   Code   RO         5103    i.on_compare1_evt   app_timer2.o
    0x0002ee80   0x00000020   Code   RO         5104    i.on_compare_evt    app_timer2.o
    0x0002eea0   0x00000040   Code   RO           22    i.on_conn_params_evt  main.o
    0x0002eee0   0x00000030   Code   RO         1128    i.on_conn_params_update  ble_conn_params.o
    0x0002ef10   0x00000070   Code   RO         1129    i.on_connect        ble_conn_params.o
    0x0002ef80   0x0000000e   Code   RO          984    i.on_connected      ble_advertising.o
    0x0002ef8e   0x00000002   PAD
    0x0002ef90   0x00000138   Code   RO         1956    i.on_connected_evt  nrf_ble_gatt.o
    0x0002f0c8   0x00000150   Code   RO         1957    i.on_data_length_update_evt  nrf_ble_gatt.o
    0x0002f218   0x00000090   Code   RO         1958    i.on_data_length_update_request_evt  nrf_ble_gatt.o
    0x0002f2a8   0x00000032   Code   RO         1130    i.on_disconnect     ble_conn_params.o
    0x0002f2da   0x00000032   Code   RO          985    i.on_disconnected   ble_advertising.o
    0x0002f30c   0x00000014   Code   RO         1959    i.on_disconnected_evt  nrf_ble_gatt.o
    0x0002f320   0x0000017c   Code   RO         1960    i.on_exchange_mtu_request_evt  nrf_ble_gatt.o
    0x0002f49c   0x000000c0   Code   RO         1961    i.on_exchange_mtu_rsp_evt  nrf_ble_gatt.o
    0x0002f55c   0x00000024   Code   RO         6576    i.on_operation_failure  nrf_fstorage_sd.o
    0x0002f580   0x00000060   Code   RO         6577    i.on_operation_success  nrf_fstorage_sd.o
    0x0002f5e0   0x0000001c   Code   RO         5105    i.on_overflow_evt   app_timer2.o
    0x0002f5fc   0x0000006a   Code   RO         2072    i.on_rw_authorize_request  nrf_ble_qwr.o
    0x0002f666   0x00000040   Code   RO          986    i.on_terminated     ble_advertising.o
    0x0002f6a6   0x00000002   Code   RO         2073    i.on_user_mem_release  nrf_ble_qwr.o
    0x0002f6a8   0x00000020   Code   RO         2074    i.on_user_mem_request  nrf_ble_qwr.o
    0x0002f6c8   0x00000058   Code   RO         1131    i.on_write          ble_conn_params.o
    0x0002f720   0x00000034   Code   RO         5622    i.page_can_tag      fds.o
    0x0002f754   0x00000048   Code   RO         5623    i.page_from_record  fds.o
    0x0002f79c   0x00000034   Code   RO         5624    i.page_has_space    fds.o
    0x0002f7d0   0x00000030   Code   RO         5625    i.page_identify     fds.o
    0x0002f800   0x0000001c   Code   RO         5626    i.page_offsets_update  fds.o
    0x0002f81c   0x00000078   Code   RO         5627    i.page_scan         fds.o
    0x0002f894   0x00000020   Code   RO         5628    i.page_tag_write_data  fds.o
    0x0002f8b4   0x00000024   Code   RO         5629    i.page_tag_write_swap  fds.o
    0x0002f8d8   0x00000170   Code   RO         5630    i.pages_init        fds.o
    0x0002fa48   0x00000014   Code   RO         3042    i.pairing           security_dispatcher.o
    0x0002fa5c   0x00000080   Code   RO         3043    i.pairing_failure   security_dispatcher.o
    0x0002fadc   0x00000034   Code   RO         3044    i.pairing_success_evt_send  security_dispatcher.o
    0x0002fb10   0x00000010   Code   RO         3230    i.params_reply_pending_handle  security_manager.o
    0x0002fb20   0x00000022   Code   RO         3231    i.params_req_send   security_manager.o
    0x0002fb42   0x00000002   PAD
    0x0002fb44   0x00000020   Code   RO         2304    i.pdb_evt_send      peer_database.o
    0x0002fb64   0x00000088   Code   RO         2305    i.pdb_init          peer_database.o
    0x0002fbec   0x0000006c   Code   RO         2306    i.pdb_pds_evt_handler  peer_database.o
    0x0002fc58   0x00000016   Code   RO         2307    i.pdb_peer_data_ptr_get  peer_database.o
    0x0002fc6e   0x00000002   PAD
    0x0002fc70   0x000000ac   Code   RO         2308    i.pdb_peer_free     peer_database.o
    0x0002fd1c   0x000000f0   Code   RO         2309    i.pdb_write_buf_get  peer_database.o
    0x0002fe0c   0x00000020   Code   RO         2310    i.pdb_write_buf_release  peer_database.o
    0x0002fe2c   0x00000044   Code   RO         2311    i.pdb_write_buf_store  peer_database.o
    0x0002fe70   0x00000024   Code   RO         2128    i.pds_evt_send      peer_data_storage.o
    0x0002fe94   0x000000b0   Code   RO         2129    i.pds_init          peer_data_storage.o
    0x0002ff44   0x0000000c   Code   RO         2130    i.pds_next_deleted_peer_id_get  peer_data_storage.o
    0x0002ff50   0x0000000c   Code   RO         2131    i.pds_next_peer_id_get  peer_data_storage.o
    0x0002ff5c   0x0000006c   Code   RO         2134    i.pds_peer_data_iterate  peer_data_storage.o
    0x0002ffc8   0x00000010   Code   RO         2135    i.pds_peer_data_iterate_prepare  peer_data_storage.o
    0x0002ffd8   0x0000009a   Code   RO         2136    i.pds_peer_data_read  peer_data_storage.o
    0x00030072   0x00000002   PAD
    0x00030074   0x000000d4   Code   RO         2137    i.pds_peer_data_store  peer_data_storage.o
    0x00030148   0x0000000c   Code   RO         2138    i.pds_peer_id_allocate  peer_data_storage.o
    0x00030154   0x0000001e   Code   RO         2139    i.pds_peer_id_free  peer_data_storage.o
    0x00030172   0x0000000c   Code   RO         2140    i.pds_peer_id_is_allocated  peer_data_storage.o
    0x0003017e   0x0000001c   Code   RO         2312    i.peer_data_const_point_to_buffer  peer_database.o
    0x0003019a   0x00000002   PAD
    0x0003019c   0x000000a8   Code   RO         2142    i.peer_data_delete_process  peer_data_storage.o
    0x00030244   0x00000040   Code   RO         2143    i.peer_data_find    peer_data_storage.o
    0x00030284   0x00000026   Code   RO         2144    i.peer_data_id_is_valid  peer_data_storage.o
    0x000302aa   0x0000000a   Code   RO         2145    i.peer_data_id_to_record_key  peer_data_storage.o
    0x000302b4   0x0000001a   Code   RO         2313    i.peer_data_point_to_buffer  peer_database.o
    0x000302ce   0x00000002   PAD
    0x000302d0   0x00000014   Code   RO         2460    i.peer_id_allocate  peer_id.o
    0x000302e4   0x0000002c   Code   RO         2461    i.peer_id_delete    peer_id.o
    0x00030310   0x0000001c   Code   RO         2462    i.peer_id_free      peer_id.o
    0x0003032c   0x00000014   Code   RO         2463    i.peer_id_get_next_deleted  peer_id.o
    0x00030340   0x00000038   Code   RO         2464    i.peer_id_get_next_used  peer_id.o
    0x00030378   0x00000010   Code   RO         2465    i.peer_id_init      peer_id.o
    0x00030388   0x0000001c   Code   RO         2466    i.peer_id_is_allocated  peer_id.o
    0x000303a4   0x0000001c   Code   RO         2467    i.peer_id_is_deleted  peer_id.o
    0x000303c0   0x0000000a   Code   RO         2146    i.peer_id_to_file_id  peer_data_storage.o
    0x000303ca   0x00000046   Code   RO         2147    i.peer_ids_load     peer_data_storage.o
    0x00030410   0x0000010c   Code   RO           23    i.peer_manager_init  main.o
    0x0003051c   0x00000016   Code   RO          987    i.phy_is_valid      ble_advertising.o
    0x00030532   0x00000002   PAD
    0x00030534   0x00000020   Code   RO         3994    i.pin_configured_set  nrfx_gpiote.o
    0x00030554   0x0000001c   Code   RO         3995    i.pin_in_use_by_gpiote  nrfx_gpiote.o
    0x00030570   0x00000018   Code   RO         3996    i.pin_in_use_by_port  nrfx_gpiote.o
    0x00030588   0x00000020   Code   RO         3997    i.pin_in_use_by_te  nrfx_gpiote.o
    0x000305a8   0x0000000c   Code   RO         3998    i.pin_in_use_clear  nrfx_gpiote.o
    0x000305b4   0x00000078   Code   RO         4397    i.pins_to_default   nrfx_uart.o
    0x0003062c   0x0000007e   Code   RO         4643    i.pins_to_default   nrfx_uarte.o
    0x000306aa   0x00000062   Code   RO         2975    i.pm_buffer_block_acquire  pm_buffer.o
    0x0003070c   0x0000002a   Code   RO         2976    i.pm_buffer_init    pm_buffer.o
    0x00030736   0x00000030   Code   RO         2977    i.pm_buffer_ptr_get  pm_buffer.o
    0x00030766   0x00000028   Code   RO         2978    i.pm_buffer_release  pm_buffer.o
    0x0003078e   0x00000002   PAD
    0x00030790   0x00000024   Code   RO         2560    i.pm_conn_sec_status_get  peer_manager.o
    0x000307b4   0x0000002c   Code   RO         2561    i.pm_conn_secure    peer_manager.o
    0x000307e0   0x00000024   Code   RO           24    i.pm_evt_handler    main.o
    0x00030804   0x0000000c   Code   RO         2563    i.pm_gcm_evt_handler  peer_manager.o
    0x00030810   0x0000000c   Code   RO         2564    i.pm_gscm_evt_handler  peer_manager.o
    0x0003081c   0x00000358   Code   RO         2878    i.pm_handler_flash_clean  peer_manager_handler.o
    0x00030b74   0x0000001c   Code   RO         2879    i.pm_handler_flash_clean_on_return  peer_manager_handler.o
    0x00030b90   0x00000064   Code   RO         2880    i.pm_handler_on_pm_evt  peer_manager_handler.o
    0x00030bf4   0x000003d8   Code   RO         2881    i.pm_handler_pm_evt_log  peer_manager_handler.o
    0x00030fcc   0x0000000c   Code   RO         2567    i.pm_im_evt_handler  peer_manager.o
    0x00030fd8   0x0000023c   Code   RO         2568    i.pm_init           peer_manager.o
    0x00031214   0x0000017c   Code   RO         2572    i.pm_pdb_evt_handler  peer_manager.o
    0x00031390   0x00000020   Code   RO         2583    i.pm_peer_delete    peer_manager.o
    0x000313b0   0x00000144   Code   RO         2587    i.pm_peer_rank_highest  peer_manager.o
    0x000314f4   0x00000114   Code   RO         2588    i.pm_peer_ranks_get  peer_manager.o
    0x00031608   0x000000b4   Code   RO         2589    i.pm_peers_delete   peer_manager.o
    0x000316bc   0x00000040   Code   RO         2592    i.pm_register       peer_manager.o
    0x000316fc   0x00000024   Code   RO         2594    i.pm_sec_params_set  peer_manager.o
    0x00031720   0x00000016   Code   RO         2595    i.pm_sm_evt_handler  peer_manager.o
    0x00031736   0x00000002   PAD
    0x00031738   0x000000c0   Code   RO         3999    i.port_event_handle  nrfx_gpiote.o
    0x000317f8   0x00000010   Code   RO         4000    i.port_handler_pin_get  nrfx_gpiote.o
    0x00031808   0x00000010   Code   RO         4001    i.port_handler_polarity_get  nrfx_gpiote.o
    0x00031818   0x00000048   Code   RO         7449    i.postfix_process   nrf_log_str_formatter.o
    0x00031860   0x00000034   Code   RO           25    i.power_management_init  main.o
    0x00031894   0x000000a4   Code   RO         7450    i.prefix_process    nrf_log_str_formatter.o
    0x00031938   0x00000018   Code   RO         4316    i.prs_box_get       nrfx_prs.o
    0x00031950   0x00000020   Code   RO         5631    i.queue_buf_get     fds.o
    0x00031970   0x00000014   Code   RO         5632    i.queue_buf_store   fds.o
    0x00031984   0x00000014   Code   RO         5633    i.queue_free        fds.o
    0x00031998   0x00000018   Code   RO         6578    i.queue_free        nrf_fstorage_sd.o
    0x000319b0   0x00000018   Code   RO         5634    i.queue_has_next    fds.o
    0x000319c8   0x0000001c   Code   RO         5635    i.queue_init        fds.o
    0x000319e4   0x00000014   Code   RO         5636    i.queue_load        fds.o
    0x000319f8   0x0000002c   Code   RO         6579    i.queue_load_next   nrf_fstorage_sd.o
    0x00031a24   0x000000c4   Code   RO         5637    i.queue_process     fds.o
    0x00031ae8   0x00000090   Code   RO         6580    i.queue_process     nrf_fstorage_sd.o
    0x00031b78   0x00000018   Code   RO         5638    i.queue_start       fds.o
    0x00031b90   0x0000001c   Code   RO         6581    i.queue_start       nrf_fstorage_sd.o
    0x00031bac   0x00000010   Code   RO         8001    i.ram_end_address_get  nrf_sdh_ble.o
    0x00031bbc   0x0000001c   Code   RO         2884    i.rank_highest      peer_manager_handler.o
    0x00031bd8   0x00000008   Code   RO         2598    i.rank_init         peer_manager.o
    0x00031be0   0x00000040   Code   RO         2599    i.rank_vars_update  peer_manager.o
    0x00031c20   0x0000001c   Code   RO         6582    i.read              nrf_fstorage_sd.o
    0x00031c3c   0x00000078   Code   RO         2314    i.reattempt_previous_operations  peer_database.o
    0x00031cb4   0x00000028   Code   RO         1241    i.record_activate   ble_conn_state.o
    0x00031cdc   0x00000094   Code   RO         5639    i.record_find       fds.o
    0x00031d70   0x0000003c   Code   RO         5640    i.record_find_and_delete  fds.o
    0x00031dac   0x0000007c   Code   RO         5641    i.record_find_by_desc  fds.o
    0x00031e28   0x00000078   Code   RO         5642    i.record_find_next  fds.o
    0x00031ea0   0x00000040   Code   RO         5643    i.record_header_flag_dirty  fds.o
    0x00031ee0   0x0000002c   Code   RO         5644    i.record_header_write_begin  fds.o
    0x00031f0c   0x00000038   Code   RO         5645    i.record_header_write_finalize  fds.o
    0x00031f44   0x00000038   Code   RO         5646    i.record_header_write_id  fds.o
    0x00031f7c   0x00000010   Code   RO         5647    i.record_id_new     fds.o
    0x00031f8c   0x00000020   Code   RO         1242    i.record_invalidate  ble_conn_state.o
    0x00031fac   0x00000006   Code   RO         2148    i.record_key_to_peer_data_id  peer_data_storage.o
    0x00031fb2   0x00000018   Code   RO         2149    i.record_key_within_pm_range  peer_data_storage.o
    0x00031fca   0x00000002   PAD
    0x00031fcc   0x00000048   Code   RO         1243    i.record_purge_disconnected  ble_conn_state.o
    0x00032014   0x00000014   Code   RO         1244    i.record_set_disconnected  ble_conn_state.o
    0x00032028   0x00000030   Code   RO         5648    i.record_write_data  fds.o
    0x00032058   0x000000a4   Code   RO         5649    i.records_stat      fds.o
    0x000320fc   0x00000014   Code   RO         2469    i.release           peer_id.o
    0x00032110   0x00000006   Code   RO         6583    i.rmap              nrf_fstorage_sd.o
    0x00032116   0x0000003e   Code   RO         5106    i.rtc_irq           app_timer2.o
    0x00032154   0x0000007c   Code   RO         5107    i.rtc_schedule      app_timer2.o
    0x000321d0   0x000000a4   Code   RO         5108    i.rtc_update        app_timer2.o
    0x00032274   0x0000003e   Code   RO         4398    i.rx_byte           nrfx_uart.o
    0x000322b2   0x0000001c   Code   RO         4399    i.rx_done_event     nrfx_uart.o
    0x000322ce   0x0000001c   Code   RO         4644    i.rx_done_event     nrfx_uarte.o
    0x000322ea   0x00000002   PAD
    0x000322ec   0x00000020   Code   RO         1500    i.sc_send_pending_handle  gatt_cache_manager.o
    0x0003230c   0x0000007c   Code   RO         7877    i.sd_nvic_DisableIRQ  nrf_sdh.o
    0x00032388   0x000000a4   Code   RO         7878    i.sd_nvic_EnableIRQ  nrf_sdh.o
    0x0003242c   0x00000068   Code   RO         5259    i.sd_nvic_critical_region_enter  app_util_platform.o
    0x00032494   0x00000090   Code   RO         3430    i.sd_state_evt_handler  nrf_drv_clock.o
    0x00032524   0x0000003c   Code   RO         7879    i.sdh_request_observer_notify  nrf_sdh.o
    0x00032560   0x00000034   Code   RO         7880    i.sdh_state_observer_notify  nrf_sdh.o
    0x00032594   0x000000f8   Code   RO         3045    i.sec_info_request_process  security_dispatcher.o
    0x0003268c   0x00000110   Code   RO         3046    i.sec_keyset_fill   security_dispatcher.o
    0x0003279c   0x00000030   Code   RO         3047    i.sec_params_request_process  security_dispatcher.o
    0x000327cc   0x000000e8   Code   RO         3232    i.sec_params_verify  security_manager.o
    0x000328b4   0x00000058   Code   RO         3048    i.sec_proc_start    security_dispatcher.o
    0x0003290c   0x00000068   Code   RO         3233    i.sec_req_process   security_manager.o
    0x00032974   0x00000028   Code   RO         3049    i.sec_start_send    security_dispatcher.o
    0x0003299c   0x00000022   Code   RO         3050    i.send_config_req   security_dispatcher.o
    0x000329be   0x00000002   PAD
    0x000329c0   0x00000018   Code   RO         1132    i.send_error_evt    ble_conn_params.o
    0x000329d8   0x00000028   Code   RO         3051    i.send_params_req   security_dispatcher.o
    0x00032a00   0x00000024   Code   RO         3052    i.send_storage_full_evt  security_dispatcher.o
    0x00032a24   0x00000028   Code   RO         1501    i.send_unexpected_error  gatt_cache_manager.o
    0x00032a4c   0x00000028   Code   RO         2150    i.send_unexpected_error  peer_data_storage.o
    0x00032a74   0x00000028   Code   RO         3053    i.send_unexpected_error  security_dispatcher.o
    0x00032a9c   0x0000001e   Code   RO         3234    i.send_unexpected_error  security_manager.o
    0x00032aba   0x00000024   Code   RO         1133    i.send_update_request  ble_conn_params.o
    0x00032ade   0x00000002   PAD
    0x00032ae0   0x00000088   Code   RO         7137    i.serial_tx         nrf_log_backend_uart.o
    0x00032b68   0x00000074   Code   RO         1502    i.service_changed_cccd  gatt_cache_manager.o
    0x00032bdc   0x00000020   Code   RO         1503    i.service_changed_needed  gatt_cache_manager.o
    0x00032bfc   0x00000018   Code   RO         1504    i.service_changed_pending_flags_check  gatt_cache_manager.o
    0x00032c14   0x000000a8   Code   RO         1684    i.service_changed_pending_set  gatts_cache_manager.o
    0x00032cbc   0x00000124   Code   RO         1505    i.service_changed_send_in_evt  gatt_cache_manager.o
    0x00032de0   0x00000096   Code   RO          856    i.service_data_encode  ble_advdata.o
    0x00032e76   0x00000002   PAD
    0x00032e78   0x00000048   Code   RO           26    i.services_init     main.o
    0x00032ec0   0x00000030   Code   RO          988    i.set_adv_mode_directed  ble_advertising.o
    0x00032ef0   0x00000024   Code   RO          989    i.set_adv_mode_directed_high_duty  ble_advertising.o
    0x00032f14   0x0000005c   Code   RO          990    i.set_adv_mode_fast  ble_advertising.o
    0x00032f70   0x0000005c   Code   RO          991    i.set_adv_mode_slow  ble_advertising.o
    0x00032fcc   0x00000070   Code   RO           27    i.sleep_mode_enter  main.o
    0x0003303c   0x00000034   Code   RO         3235    i.sm_ble_evt_handler  security_manager.o
    0x00033070   0x0000009a   Code   RO         3237    i.sm_conn_sec_status_get  security_manager.o
    0x0003310a   0x00000002   PAD
    0x0003310c   0x00000064   Code   RO         3238    i.sm_init           security_manager.o
    0x00033170   0x00000018   Code   RO         3240    i.sm_link_secure    security_manager.o
    0x00033188   0x00000058   Code   RO         3241    i.sm_pdb_evt_handler  security_manager.o
    0x000331e0   0x00000030   Code   RO         3242    i.sm_sec_is_sufficient  security_manager.o
    0x00033210   0x00000048   Code   RO         3244    i.sm_sec_params_set  security_manager.o
    0x00033258   0x00000032   Code   RO         3245    i.sm_smd_evt_handler  security_manager.o
    0x0003328a   0x0000004c   Code   RO         3054    i.smd_ble_evt_handler  security_dispatcher.o
    0x000332d6   0x00000002   PAD
    0x000332d8   0x0000007c   Code   RO         3056    i.smd_init          security_dispatcher.o
    0x00033354   0x00000028   Code   RO         3057    i.smd_link_secure   security_dispatcher.o
    0x0003337c   0x000000c0   Code   RO         3058    i.smd_params_reply  security_dispatcher.o
    0x0003343c   0x00000040   Code   RO         3246    i.smd_params_reply_perform  security_manager.o
    0x0003347c   0x0000001c   Code   RO         3431    i.soc_evt_handler   nrf_drv_clock.o
    0x00033498   0x00000060   Code   RO         7881    i.softdevice_evt_irq_disable  nrf_sdh.o
    0x000334f8   0x00000060   Code   RO         7882    i.softdevices_evt_irq_enable  nrf_sdh.o
    0x00033558   0x00000014   Code   RO         5109    i.sorted_list_stop_all  app_timer2.o
    0x0003356c   0x00000018   Code   RO         5110    i.sortlist_pop      app_timer2.o
    0x00033584   0x00000026   Code   RO          710    i.startup_event_extract  bsp_btn_ble.o
    0x000335aa   0x00000002   PAD
    0x000335ac   0x00000020   Code   RO         4842    i.state_get         app_button.o
    0x000335cc   0x00000048   Code   RO         4843    i.state_set         app_button.o
    0x00033614   0x00000064   Code   RO         7270    i.std_header_set    nrf_log_frontend.o
    0x00033678   0x00000070   Code   RO         7271    i.std_n             nrf_log_frontend.o
    0x000336e8   0x00000078   Code   RO         1506    i.store_car_value   gatt_cache_manager.o
    0x00033760   0x00000074   Code   RO         6434    i.string_print      nrf_fprintf_format.o
    0x000337d4   0x0000000a   Code   RO         5389    i.ticks_sub         drv_rtc.o
    0x000337de   0x00000002   PAD
    0x000337e0   0x0000006c   Code   RO         5111    i.timer_expire      app_timer2.o
    0x0003384c   0x00000094   Code   RO         5112    i.timer_req_process  app_timer2.o
    0x000338e0   0x00000040   Code   RO         5113    i.timer_req_schedule  app_timer2.o
    0x00033920   0x00000020   Code   RO         4844    i.timer_start       app_button.o
    0x00033940   0x00000030   Code   RO           28    i.timers_init       main.o
    0x00033970   0x00000002   Code   RO         7451    i.timestamp_print   nrf_log_str_formatter.o
    0x00033972   0x00000036   Code   RO         4401    i.tx_blocking       nrfx_uart.o
    0x000339a8   0x00000026   Code   RO         4402    i.tx_byte           nrfx_uart.o
    0x000339ce   0x00000020   Code   RO         4403    i.tx_done_event     nrfx_uart.o
    0x000339ee   0x00000020   Code   RO         4645    i.tx_done_event     nrfx_uarte.o
    0x00033a0e   0x00000036   Code   RO          857    i.tx_power_level_encode  ble_advdata.o
    0x00033a44   0x00000038   Code   RO         3582    i.uart_evt_handler  nrf_drv_uart.o
    0x00033a7c   0x0000000c   Code   RO         7138    i.uart_evt_handler  nrf_log_backend_uart.o
    0x00033a88   0x00000068   Code   RO         7139    i.uart_init         nrf_log_backend_uart.o
    0x00033af0   0x0000014e   Code   RO         4404    i.uart_irq_handler  nrfx_uart.o
    0x00033c3e   0x00000002   PAD
    0x00033c40   0x00000038   Code   RO         3583    i.uarte_evt_handler  nrf_drv_uart.o
    0x00033c78   0x00000134   Code   RO         4646    i.uarte_irq_handler  nrfx_uarte.o
    0x00033dac   0x0000000c   Code   RO         1419    i.uint16_decode     ble_srv_common.o
    0x00033db8   0x0000000c   Code   RO          858    i.uint16_encode     ble_advdata.o
    0x00033dc4   0x00000024   Code   RO         6584    i.uninit            nrf_fstorage_sd.o
    0x00033de8   0x000000b8   Code   RO         6435    i.unsigned_print    nrf_fprintf_format.o
    0x00033ea0   0x00000034   Code   RO         1507    i.update_pending_flags_check  gatt_cache_manager.o
    0x00033ed4   0x00000074   Code   RO         1134    i.update_timeout_handler  ble_conn_params.o
    0x00033f48   0x0000001e   Code   RO          992    i.use_whitelist     ble_advertising.o
    0x00033f66   0x00000002   PAD
    0x00033f68   0x00000014   Code   RO         1245    i.user_flag_is_acquired  ble_conn_state.o
    0x00033f7c   0x0000002c   Code   RO         2075    i.user_mem_reply    nrf_ble_qwr.o
    0x00033fa8   0x0000001e   Code   RO         4845    i.usr_event         app_button.o
    0x00033fc6   0x0000004e   Code   RO          859    i.uuid_list_encode  ble_advdata.o
    0x00034014   0x000000d6   Code   RO          860    i.uuid_list_sized_encode  ble_advdata.o
    0x000340ea   0x00000056   Code   RO          605    i.wakeup_button_cfg  bsp.o
    0x00034140   0x00000008   Code   RO          993    i.whitelist_has_entries  ble_advertising.o
    0x00034148   0x00000006   Code   RO         6585    i.wmap              nrf_fstorage_sd.o
    0x0003414e   0x00000002   PAD
    0x00034150   0x00000054   Code   RO         6586    i.write             nrf_fstorage_sd.o
    0x000341a4   0x00000038   Code   RO         2315    i.write_buf_length_words_set  peer_database.o
    0x000341dc   0x00000160   Code   RO         2316    i.write_buf_store   peer_database.o
    0x0003433c   0x00000070   Code   RO         2317    i.write_buf_store_in_event  peer_database.o
    0x000343ac   0x00000024   Code   RO         2318    i.write_buffer_record_acquire  peer_database.o
    0x000343d0   0x0000004c   Code   RO         2319    i.write_buffer_record_find  peer_database.o
    0x0003441c   0x00000034   Code   RO         2320    i.write_buffer_record_find_next  peer_database.o
    0x00034450   0x00000030   Code   RO         2321    i.write_buffer_record_find_stored  peer_database.o
    0x00034480   0x0000000e   Code   RO         2322    i.write_buffer_record_find_unused  peer_database.o
    0x0003448e   0x00000024   Code   RO         2323    i.write_buffer_record_invalidate  peer_database.o
    0x000344b2   0x00000002   PAD
    0x000344b4   0x00000028   Code   RO         2324    i.write_buffer_record_release  peer_database.o
    0x000344dc   0x000000e8   Code   RO         5650    i.write_enqueue     fds.o
    0x000345c4   0x000000c8   Code   RO         5651    i.write_execute     fds.o
    0x0003468c   0x00000058   Code   RO         6587    i.write_execute     nrf_fstorage_sd.o
    0x000346e4   0x00000024   Code   RO         5652    i.write_space_free  fds.o
    0x00034708   0x0000007c   Code   RO         5653    i.write_space_reserve  fds.o
    0x00034784   0x00000008   Data   RO          482    .constdata          boards.o
    0x0003478c   0x0000002c   Data   RO          607    .constdata          bsp.o
    0x000347b8   0x0000006c   Data   RO         1508    .constdata          gatt_cache_manager.o
    0x00034824   0x00000018   Data   RO         1685    .constdata          gatts_cache_manager.o
    0x0003483c   0x00000008   Data   RO         1797    .constdata          id_manager.o
    0x00034844   0x00000016   Data   RO         1962    .constdata          nrf_ble_gatt.o
    0x0003485a   0x00000002   PAD
    0x0003485c   0x00000018   Data   RO         2151    .constdata          peer_data_storage.o
    0x00034874   0x00000010   Data   RO         2326    .constdata          peer_database.o
    0x00034884   0x0000002c   Data   RO         2601    .constdata          peer_manager.o
    0x000348b0   0x00000034   Data   RO         2887    .constdata          peer_manager_handler.o
    0x000348e4   0x00000078   Data   RO         3060    .constdata          security_dispatcher.o
    0x0003495c   0x00000005   Data   RO         3247    .constdata          security_manager.o
    0x00034961   0x00000003   PAD
    0x00034964   0x0000003e   Data   RO         4003    .constdata          nrfx_gpiote.o
    0x000349a2   0x00000002   PAD
    0x000349a4   0x0000002e   Data   RO         4406    .constdata          nrfx_uart.o
    0x000349d2   0x00000002   PAD
    0x000349d4   0x00000030   Data   RO         4648    .constdata          nrfx_uarte.o
    0x00034a04   0x00000007   Data   RO         4847    .constdata          app_button.o
    0x00034a0b   0x00000001   PAD
    0x00034a0c   0x00000014   Data   RO         5115    .constdata          app_timer2.o
    0x00034a20   0x00000006   Data   RO         5390    .constdata          drv_rtc.o
    0x00034a26   0x00000002   PAD
    0x00034a28   0x00000018   Data   RO         5655    .constdata          fds.o
    0x00034a40   0x00000010   Data   RO         6436    .constdata          nrf_fprintf_format.o
    0x00034a50   0x0000005e   Data   RO         6487    .constdata          nrf_fstorage.o
    0x00034aae   0x00000002   PAD
    0x00034ab0   0x00000030   Data   RO         6589    .constdata          nrf_fstorage_sd.o
    0x00034ae0   0x00000024   Data   RO         6788    .constdata          nrf_pwr_mgmt.o
    0x00034b04   0x0000013c   Data   RO         7014    .constdata          nrf_strerror.o
    0x00034c40   0x0000002c   Data   RO         7141    .constdata          nrf_log_backend_uart.o
    0x00034c6c   0x0000000c   Data   RO         7273    .constdata          nrf_log_frontend.o
    0x00034c78   0x00000058   Data   RO         7883    .constdata          nrf_sdh.o
    0x00034cd0   0x00000030   Data   RO         8002    .constdata          nrf_sdh_ble.o
    0x00034d00   0x0000001c   Data   RO         8057    .constdata          nrf_sdh_soc.o
    0x00034d1c   0x00000081   Data   RO         9852    .constdata          mc_w.l(ctype_o.o)
    0x00034d9d   0x00000003   PAD
    0x00034da0   0x00000004   Data   RO         9853    .constdata          mc_w.l(ctype_o.o)
    0x00034da4   0x000001a4   Data   RO         1509    .conststring        gatt_cache_manager.o
    0x00034f48   0x0000019c   Data   RO         1686    .conststring        gatts_cache_manager.o
    0x000350e4   0x0000013e   Data   RO         1963    .conststring        nrf_ble_gatt.o
    0x00035222   0x00000002   PAD
    0x00035224   0x000000e8   Data   RO         2152    .conststring        peer_data_storage.o
    0x0003530c   0x00000180   Data   RO         2327    .conststring        peer_database.o
    0x0003548c   0x00000090   Data   RO         2602    .conststring        peer_manager.o
    0x0003551c   0x0000065b   Data   RO         2888    .conststring        peer_manager_handler.o
    0x00035b77   0x00000001   PAD
    0x00035b78   0x000002b2   Data   RO         3061    .conststring        security_dispatcher.o
    0x00035e2a   0x00000002   PAD
    0x00035e2c   0x0000017b   Data   RO         3248    .conststring        security_manager.o
    0x00035fa7   0x00000001   PAD
    0x00035fa8   0x0000004f   Data   RO         6488    .conststring        nrf_fstorage.o
    0x00035ff7   0x00000001   PAD
    0x00035ff8   0x000003eb   Data   RO         7015    .conststring        nrf_strerror.o
    0x000363e3   0x00000001   PAD
    0x000363e4   0x00000046   Data   RO         7142    .conststring        nrf_log_backend_uart.o
    0x0003642a   0x00000002   PAD
    0x0003642c   0x00000066   Data   RO         7452    .conststring        nrf_log_str_formatter.o
    0x00036492   0x00000002   PAD
    0x00036494   0x00000188   Data   RO         8003    .conststring        nrf_sdh_ble.o
    0x0003661c   0x00000011   Data   RO         1510    .conststrlit        gatt_cache_manager.o
    0x0003662d   0x00000003   PAD
    0x00036630   0x00000012   Data   RO         1687    .conststrlit        gatts_cache_manager.o
    0x00036642   0x00000002   PAD
    0x00036644   0x00000010   Data   RO         1799    .conststrlit        id_manager.o
    0x00036654   0x0000000d   Data   RO         1964    .conststrlit        nrf_ble_gatt.o
    0x00036661   0x00000003   PAD
    0x00036664   0x00000011   Data   RO         2153    .conststrlit        peer_data_storage.o
    0x00036675   0x00000003   PAD
    0x00036678   0x00000011   Data   RO         2328    .conststrlit        peer_database.o
    0x00036689   0x00000003   PAD
    0x0003668c   0x0000000d   Data   RO         2603    .conststrlit        peer_manager.o
    0x00036699   0x00000003   PAD
    0x0003669c   0x00000015   Data   RO         2889    .conststrlit        peer_manager_handler.o
    0x000366b1   0x00000003   PAD
    0x000366b4   0x00000011   Data   RO         3062    .conststrlit        security_dispatcher.o
    0x000366c5   0x00000003   PAD
    0x000366c8   0x00000010   Data   RO         3249    .conststrlit        security_manager.o
    0x000366d8   0x00000006   Data   RO         3434    .conststrlit        nrf_drv_clock.o
    0x000366de   0x00000002   PAD
    0x000366e0   0x00000006   Data   RO         3797    .conststrlit        nrfx_clock.o
    0x000366e6   0x00000002   PAD
    0x000366e8   0x00000007   Data   RO         4004    .conststrlit        nrfx_gpiote.o
    0x000366ef   0x00000001   PAD
    0x000366f0   0x00000004   Data   RO         4318    .conststrlit        nrfx_prs.o
    0x000366f4   0x00000005   Data   RO         4407    .conststrlit        nrfx_uart.o
    0x000366f9   0x00000003   PAD
    0x000366fc   0x00000006   Data   RO         4649    .conststrlit        nrfx_uarte.o
    0x00036702   0x00000002   PAD
    0x00036704   0x0000000b   Data   RO         4848    .conststrlit        app_button.o
    0x0003670f   0x00000001   PAD
    0x00036710   0x0000000a   Data   RO         5116    .conststrlit        app_timer2.o
    0x0003671a   0x00000002   PAD
    0x0003671c   0x0000000d   Data   RO         6489    .conststrlit        nrf_fstorage.o
    0x00036729   0x00000003   PAD
    0x0003672c   0x00000009   Data   RO         6789    .conststrlit        nrf_pwr_mgmt.o
    0x00036735   0x00000003   PAD
    0x00036738   0x00000009   Data   RO         6961    .conststrlit        nrf_sortlist.o
    0x00036741   0x00000003   PAD
    0x00036744   0x00000011   Data   RO         7207    .conststrlit        nrf_log_default_backends.o
    0x00036755   0x00000003   PAD
    0x00036758   0x00000004   Data   RO         7274    .conststrlit        nrf_log_frontend.o
    0x0003675c   0x00000008   Data   RO         7884    .conststrlit        nrf_sdh.o
    0x00036764   0x0000000c   Data   RO         8004    .conststrlit        nrf_sdh_ble.o
    0x00036770   0x0000000c   Data   RO         8058    .conststrlit        nrf_sdh_soc.o
    0x0003677c   0x00000020   Data   RO        10191    Region$$Table       anon$$obj.o
    0x0003679c   0x00000010   Data   RO         7209    log_backends        nrf_log_default_backends.o
    0x000367ac   0x00000008   Data   RO         1512    log_const_data      gatt_cache_manager.o
    0x000367b4   0x00000008   Data   RO         1689    log_const_data      gatts_cache_manager.o
    0x000367bc   0x00000008   Data   RO         1801    log_const_data      id_manager.o
    0x000367c4   0x00000008   Data   RO         1965    log_const_data      nrf_ble_gatt.o
    0x000367cc   0x00000008   Data   RO         2155    log_const_data      peer_data_storage.o
    0x000367d4   0x00000008   Data   RO         2330    log_const_data      peer_database.o
    0x000367dc   0x00000008   Data   RO         2605    log_const_data      peer_manager.o
    0x000367e4   0x00000008   Data   RO         2891    log_const_data      peer_manager_handler.o
    0x000367ec   0x00000008   Data   RO         3064    log_const_data      security_dispatcher.o
    0x000367f4   0x00000008   Data   RO         3251    log_const_data      security_manager.o
    0x000367fc   0x00000008   Data   RO         3435    log_const_data      nrf_drv_clock.o
    0x00036804   0x00000008   Data   RO         3799    log_const_data      nrfx_clock.o
    0x0003680c   0x00000008   Data   RO         4005    log_const_data      nrfx_gpiote.o
    0x00036814   0x00000008   Data   RO         4320    log_const_data      nrfx_prs.o
    0x0003681c   0x00000008   Data   RO         4408    log_const_data      nrfx_uart.o
    0x00036824   0x00000008   Data   RO         4650    log_const_data      nrfx_uarte.o
    0x0003682c   0x00000008   Data   RO         4850    log_const_data      app_button.o
    0x00036834   0x00000008   Data   RO         5118    log_const_data      app_timer2.o
    0x0003683c   0x00000008   Data   RO         6490    log_const_data      nrf_fstorage.o
    0x00036844   0x00000008   Data   RO         6791    log_const_data      nrf_pwr_mgmt.o
    0x0003684c   0x00000008   Data   RO         6962    log_const_data      nrf_sortlist.o
    0x00036854   0x00000008   Data   RO         7276    log_const_data      nrf_log_frontend.o
    0x0003685c   0x00000008   Data   RO         7886    log_const_data      nrf_sdh.o
    0x00036864   0x00000008   Data   RO         8006    log_const_data      nrf_sdh_ble.o
    0x0003686c   0x00000008   Data   RO         8059    log_const_data      nrf_sdh_soc.o
    0x00036874   0x00000014   Data   RO         7277    nrf_balloc          nrf_log_frontend.o
    0x00036888   0x00000008   Data   RO         1247    sdh_ble_observers0  ble_conn_state.o
    0x00036890   0x00000010   Data   RO           31    sdh_ble_observers1  main.o
    0x000368a0   0x00000008   Data   RO          712    sdh_ble_observers1  bsp_btn_ble.o
    0x000368a8   0x00000008   Data   RO         1137    sdh_ble_observers1  ble_conn_params.o
    0x000368b0   0x00000008   Data   RO         2606    sdh_ble_observers1  peer_manager.o
    0x000368b8   0x00000008   Data   RO           32    sdh_ble_observers2  main.o
    0x000368c0   0x00000008   Data   RO           33    sdh_ble_observers3  main.o
    0x000368c8   0x00000008   Data   RO         6591    sdh_req_observers0  nrf_fstorage_sd.o
    0x000368d0   0x00000008   Data   RO         3436    sdh_soc_observers0  nrf_drv_clock.o
    0x000368d8   0x00000008   Data   RO         6592    sdh_soc_observers0  nrf_fstorage_sd.o
    0x000368e0   0x00000008   Data   RO         8007    sdh_stack_observers0  nrf_sdh_ble.o
    0x000368e8   0x00000008   Data   RO         8060    sdh_stack_observers0  nrf_sdh_soc.o
    0x000368f0   0x00000008   Data   RO         3437    sdh_state_observers0  nrf_drv_clock.o
    0x000368f8   0x00000008   Data   RO         6593    sdh_state_observers0  nrf_fstorage_sd.o


    Execution Region RW_IRAM1 (Base: 0x20002250, Size: 0x000033e0, Max: 0x0000ddb0, ABSOLUTE, COMPRESSED[0x000000e4])

    Base Addr    Size         Type   Attr      Idx    E Section Name        Object

    0x20002250   0x00000006   Data   RW           30    .data               main.o
    0x20002256   0x00000002   PAD
    0x20002258   0x00000015   Data   RW          608    .data               bsp.o
    0x2000226d   0x00000003   PAD
    0x20002270   0x00000008   Data   RW          711    .data               bsp_btn_ble.o
    0x20002278   0x00000008   Data   RW         1136    .data               ble_conn_params.o
    0x20002280   0x00000013   Data   RW         1511    .data               gatt_cache_manager.o
    0x20002293   0x00000001   PAD
    0x20002294   0x0000000a   Data   RW         1688    .data               gatts_cache_manager.o
    0x2000229e   0x00000002   PAD
    0x200022a0   0x0000000c   Data   RW         2154    .data               peer_data_storage.o
    0x200022ac   0x00000008   Data   RW         2329    .data               peer_database.o
    0x200022b4   0x0000000f   Data   RW         2604    .data               peer_manager.o
    0x200022c3   0x00000001   PAD
    0x200022c4   0x000000b4   Data   RW         2890    .data               peer_manager_handler.o
    0x20002378   0x00000005   Data   RW         3063    .data               security_dispatcher.o
    0x2000237d   0x00000003   PAD
    0x20002380   0x00000018   Data   RW         3250    .data               security_manager.o
    0x20002398   0x00000009   Data   RW         3584    .data               nrf_drv_uart.o
    0x200023a1   0x00000003   PAD
    0x200023a4   0x00000008   Data   RW         3798    .data               nrfx_clock.o
    0x200023ac   0x00000008   Data   RW         4319    .data               nrfx_prs.o
    0x200023b4   0x00000004   PAD
    0x200023b8   0x00000018   Data   RW         4849    .data               app_button.o
    0x200023d0   0x00000024   Data   RW         5117    .data               app_timer2.o
    0x200023f4   0x0000000c   Data   RW         5391    .data               drv_rtc.o
    0x20002400   0x00000030   Data   RW         5656    .data               fds.o
    0x20002430   0x00000008   Data   RW         6590    .data               nrf_fstorage_sd.o
    0x20002438   0x00000009   Data   RW         6790    .data               nrf_pwr_mgmt.o
    0x20002441   0x00000003   PAD
    0x20002444   0x00000016   Data   RW         7143    .data               nrf_log_backend_uart.o
    0x2000245a   0x00000002   PAD
    0x2000245c   0x00000008   Data   RW         7208    .data               nrf_log_default_backends.o
    0x20002464   0x00000014   Data   RW         7275    .data               nrf_log_frontend.o
    0x20002478   0x00000040   Data   RW         7453    .data               nrf_log_str_formatter.o
    0x200024b8   0x00000003   Data   RW         7885    .data               nrf_sdh.o
    0x200024bb   0x00000001   Data   RW         8005    .data               nrf_sdh_ble.o
    0x200024bc   0x00000004   Data   RW         8437    .data               system_nrf52.o
    0x200024c0   0x00000014   Data   RW         5657    fs_data             fds.o
    0x200024d4   0x00000454   Zero   RW           29    .bss                main.o
    0x20002928   0x00000070   Zero   RW          606    .bss                bsp.o
    0x20002998   0x00000050   Zero   RW         1135    .bss                ble_conn_params.o
    0x200029e8   0x0000007c   Zero   RW         1246    .bss                ble_conn_state.o
    0x20002a64   0x000000d8   Zero   RW         1796    .bss                id_manager.o
    0x20002b3c   0x00000180   Zero   RW         2325    .bss                peer_database.o
    0x20002cbc   0x00000040   Zero   RW         2470    .bss                peer_id.o
    0x20002cfc   0x0000000c   Zero   RW         2600    .bss                peer_manager.o
    0x20002d08   0x00000040   Zero   RW         3059    .bss                security_dispatcher.o
    0x20002d48   0x00000014   Zero   RW         3432    .bss                nrf_drv_clock.o
    0x20002d5c   0x0000005c   Zero   RW         4002    .bss                nrfx_gpiote.o
    0x20002db8   0x0000002c   Zero   RW         4405    .bss                nrfx_uart.o
    0x20002de4   0x00000024   Zero   RW         4647    .bss                nrfx_uarte.o
    0x20002e08   0x00000030   Zero   RW         4846    .bss                app_button.o
    0x20002e38   0x00000020   Zero   RW         4939    .bss                app_error.o
    0x20002e58   0x00000068   Zero   RW         5114    .bss                app_timer2.o
    0x20002ec0   0x0000000c   Zero   RW         5260    .bss                app_util_platform.o
    0x20002ecc   0x000000f0   Zero   RW         5654    .bss                fds.o
    0x20002fbc   0x000000b0   Zero   RW         6588    .bss                nrf_fstorage_sd.o
    0x2000306c   0x0000000c   Zero   RW         6787    .bss                nrf_pwr_mgmt.o
    0x20003078   0x00000040   Zero   RW         7140    .bss                nrf_log_backend_uart.o
    0x200030b8   0x00000578   Zero   RW         7272    .bss                nrf_log_frontend.o
    0x20003630   0x00002000   Zero   RW         8087    STACK               arm_startup_nrf52.o


==============================================================================

Image component sizes


      Code (inc. data)   RO Data    RW Data    ZI Data      Debug   Object Name

       838        102         26         24         48      18974   app_button.o
       136          4          0          0         32       3674   app_error.o
        26          0          0          0          0        604   app_error_handler_keil.o
       456        194          0          0          0       5054   app_error_weak.o
         0          0          0          0          0      37210   app_scheduler.o
      1122        124         38         36        104      20233   app_timer2.o
       200         24          0          0         12      11906   app_util_platform.o
        36          8        512          0       8192        960   arm_startup_nrf52.o
      1770          0          0          0          0      56980   ble_advdata.o
      1464          6          0          0          0      19119   ble_advertising.o
       936         56          8          8         80      12867   ble_conn_params.o
       940        142          8          0        124      18710   ble_conn_state.o
        30          0          0          0          0      39480   ble_srv_common.o
       488         38          8          0          0      16779   boards.o
      1614        124         44         21        112      16991   bsp.o
       420         16          8          8          0       6548   bsp_btn_ble.o
      1010         98          6         12          0      55601   drv_rtc.o
      5244        484         24         68        240      67266   fds.o
      2606        620        553         19          0      38103   gatt_cache_manager.o
       848         90        462         10          0      17787   gatts_cache_manager.o
      1080         34         32          0        216      18530   id_manager.o
      2556        654         32          6       1108     206078   main.o
       374          0          0          0          0       7236   nrf_atfifo.o
       232          0          0          0          0       5368   nrf_atflags.o
       444          0          0          0          0      11140   nrf_atomic.o
       218          0          0          0          0       4143   nrf_balloc.o
      2060        788        361          0          0      40231   nrf_ble_gatt.o
       390          0          0          0          0       6737   nrf_ble_qwr.o
       440         52         30          0         20      45600   nrf_drv_clock.o
       252         42          0          9          0      18408   nrf_drv_uart.o
        70          0          0          0          0       3829   nrf_fprintf.o
      1030          6         16          0          0       7566   nrf_fprintf_format.o
      1216        430        194          0          0       8808   nrf_fstorage.o
      1118        118         72          8        176      20663   nrf_fstorage_sd.o
       242          0          0          0          0      11981   nrf_log_backend_serial.o
       354         60        114         22         64      16866   nrf_log_backend_uart.o
        40          6         33          8          0       3525   nrf_log_default_backends.o
      2214        148         44         20       1400      35861   nrf_log_frontend.o
       626        112        102         64          0       6460   nrf_log_str_formatter.o
       514          0          0          0          0      10267   nrf_memobj.o
       172         22         53          9         12      41930   nrf_pwr_mgmt.o
        28          0          0          0          0       2547   nrf_ringbuf.o
       994        210        104          3          0      46354   nrf_sdh.o
       904        300        468          1          0       6955   nrf_sdh_ble.o
       152         68         56          0          0       2888   nrf_sdh_soc.o
       112          0          0          0          0       3076   nrf_section_iter.o
       110          0         17          0          0       4421   nrf_sortlist.o
        92         10       1319          0          0       3003   nrf_strerror.o
       424         32         14          8          0      50256   nrfx_clock.o
      1738        124         77          0         92      73954   nrfx_gpiote.o
       140         14         12          8          0       4940   nrfx_prs.o
      1668         54         59          0         44      40444   nrfx_uart.o
      1686         54         62          0         36      36651   nrfx_uarte.o
      1488        150        281         12          0      23770   peer_data_storage.o
      1838        276        425          8        384      24550   peer_database.o
       402         46          0          0         64      10651   peer_id.o
      2182        512        217         15         12      22035   peer_manager.o
      2424        878       1708        180          0       9168   peer_manager_handler.o
       330          0          0          0          0       7019   pm_buffer.o
      2368        290        835          5         64      34107   security_dispatcher.o
      1778        164        408         24          0      57982   security_manager.o
      1508        158          0          4          0      41098   system_nrf52.o

    ----------------------------------------------------------------------
     58300       7942       8948        644      12636    1501942   Object Totals
         0          0         32          0          0          0   (incl. Generated)
       108          0         74         24          0          0   (incl. Padding)

    ----------------------------------------------------------------------

      Code (inc. data)   RO Data    RW Data    ZI Data      Debug   Library Member Name

        86          0          0          0          0          0   __dczerorl2.o
         8          4        133          0          0         68   ctype_o.o
         0          0          0          0          0          0   entry.o
         0          0          0          0          0          0   entry10a.o
         0          0          0          0          0          0   entry11a.o
         8          4          0          0          0          0   entry2.o
         4          0          0          0          0          0   entry5.o
         0          0          0          0          0          0   entry7b.o
         0          0          0          0          0          0   entry8b.o
         8          4          0          0          0          0   entry9a.o
        30          0          0          0          0          0   handlers.o
        36          8          0          0          0         68   init.o
        30          0          0          0          0         68   llshl.o
        32          0          0          0          0         68   llushr.o
        26          0          0          0          0         80   memcmp.o
        36          0          0          0          0         68   memcpya.o
        36          0          0          0          0        108   memseta.o
        14          0          0          0          0         68   strlen.o
        98          0          0          0          0         92   uldiv.o

    ----------------------------------------------------------------------
       456         20        136          0          0        688   Library Totals
         4          0          3          0          0          0   (incl. Padding)

    ----------------------------------------------------------------------

      Code (inc. data)   RO Data    RW Data    ZI Data      Debug   Library Name

       452         20        133          0          0        688   mc_w.l

    ----------------------------------------------------------------------
       456         20        136          0          0        688   Library Totals

    ----------------------------------------------------------------------

==============================================================================


      Code (inc. data)   RO Data    RW Data    ZI Data      Debug   

     58756       7962       9084        644      12636    1429806   Grand Totals
     58756       7962       9084        228      12636    1429806   ELF Image Totals (compressed)
     58756       7962       9084        228          0          0   ROM Totals

==============================================================================

    Total RO  Size (Code + RO Data)                67840 (  66.25kB)
    Total RW  Size (RW Data + ZI Data)             13280 (  12.97kB)
    Total ROM Size (Code + RO Data + RW Data)      68068 (  66.47kB)

==============================================================================

