Component: ARM Compiler 5.06 update 1 (build 61) Tool: armlink [4d35a8]

==============================================================================

Section Cross References

    main.o(i.advertising_init) refers to memseta.o(.text) for __aeabi_memclr4
    main.o(i.advertising_init) refers to ble_advertising.o(i.ble_advertising_init) for ble_advertising_init
    main.o(i.advertising_init) refers to app_error.o(i.app_error_handler_bare) for app_error_handler_bare
    main.o(i.advertising_init) refers to ble_advertising.o(i.ble_advertising_conn_cfg_tag_set) for ble_advertising_conn_cfg_tag_set
    main.o(i.advertising_init) refers to main.o(.data) for m_adv_uuids
    main.o(i.advertising_init) refers to main.o(i.on_adv_evt) for on_adv_evt
    main.o(i.advertising_init) refers to main.o(.bss) for m_advertising
    main.o(i.advertising_start) refers to main.o(i.delete_bonds) for delete_bonds
    main.o(i.advertising_start) refers to ble_advertising.o(i.ble_advertising_start) for ble_advertising_start
    main.o(i.advertising_start) refers to app_error.o(i.app_error_handler_bare) for app_error_handler_bare
    main.o(i.advertising_start) refers to main.o(.bss) for m_advertising
    main.o(i.assert_nrf_callback) refers to app_error_handler_keil.o(.emb_text) for app_error_handler
    main.o(i.ble_evt_handler) refers to nrf_log_frontend.o(i.nrf_log_frontend_std_0) for nrf_log_frontend_std_0
    main.o(i.ble_evt_handler) refers to nrf_log_frontend.o(i.nrf_log_frontend_std_6) for nrf_log_frontend_std_6
    main.o(i.ble_evt_handler) refers to nrf_log_frontend.o(i.nrf_log_frontend_std_1) for nrf_log_frontend_std_1
    main.o(i.ble_evt_handler) refers to bsp.o(i.bsp_indication_set) for bsp_indication_set
    main.o(i.ble_evt_handler) refers to app_error.o(i.app_error_handler_bare) for app_error_handler_bare
    main.o(i.ble_evt_handler) refers to nrf_ble_qwr.o(i.nrf_ble_qwr_conn_handle_assign) for nrf_ble_qwr_conn_handle_assign
    main.o(i.ble_evt_handler) refers to nrf_log_frontend.o(log_const_data) for m_nrf_log_app_logs_data_const
    main.o(i.ble_evt_handler) refers to main.o(.data) for m_conn_handle
    main.o(i.ble_evt_handler) refers to main.o(.bss) for m_qwr
    main.o(i.ble_stack_init) refers to nrf_sdh.o(i.nrf_sdh_enable_request) for nrf_sdh_enable_request
    main.o(i.ble_stack_init) refers to app_error.o(i.app_error_handler_bare) for app_error_handler_bare
    main.o(i.ble_stack_init) refers to nrf_sdh_ble.o(i.nrf_sdh_ble_default_cfg_set) for nrf_sdh_ble_default_cfg_set
    main.o(i.ble_stack_init) refers to nrf_sdh_ble.o(i.nrf_sdh_ble_enable) for nrf_sdh_ble_enable
    main.o(i.bsp_event_handler) refers to main.o(i.sleep_mode_enter) for sleep_mode_enter
    main.o(i.bsp_event_handler) refers to app_error.o(i.app_error_handler_bare) for app_error_handler_bare
    main.o(i.bsp_event_handler) refers to ble_advertising.o(i.ble_advertising_restart_without_whitelist) for ble_advertising_restart_without_whitelist
    main.o(i.bsp_event_handler) refers to main.o(.data) for m_conn_handle
    main.o(i.bsp_event_handler) refers to main.o(.bss) for m_advertising
    main.o(i.buttons_leds_init) refers to bsp.o(i.bsp_init) for bsp_init
    main.o(i.buttons_leds_init) refers to app_error.o(i.app_error_handler_bare) for app_error_handler_bare
    main.o(i.buttons_leds_init) refers to bsp_btn_ble.o(i.bsp_btn_ble_init) for bsp_btn_ble_init
    main.o(i.buttons_leds_init) refers to main.o(i.bsp_event_handler) for bsp_event_handler
    main.o(i.conn_params_error_handler) refers to app_error.o(i.app_error_handler_bare) for app_error_handler_bare
    main.o(i.conn_params_init) refers to memseta.o(.text) for __aeabi_memclr4
    main.o(i.conn_params_init) refers to ble_conn_params.o(i.ble_conn_params_init) for ble_conn_params_init
    main.o(i.conn_params_init) refers to app_error.o(i.app_error_handler_bare) for app_error_handler_bare
    main.o(i.conn_params_init) refers to main.o(i.on_conn_params_evt) for on_conn_params_evt
    main.o(i.conn_params_init) refers to main.o(i.conn_params_error_handler) for conn_params_error_handler
    main.o(i.delete_bonds) refers to nrf_log_frontend.o(i.nrf_log_frontend_std_0) for nrf_log_frontend_std_0
    main.o(i.delete_bonds) refers to peer_manager.o(i.pm_peers_delete) for pm_peers_delete
    main.o(i.delete_bonds) refers to app_error.o(i.app_error_handler_bare) for app_error_handler_bare
    main.o(i.delete_bonds) refers to nrf_log_frontend.o(log_const_data) for m_nrf_log_app_logs_data_const
    main.o(i.gap_params_init) refers to app_error.o(i.app_error_handler_bare) for app_error_handler_bare
    main.o(i.gatt_init) refers to nrf_ble_gatt.o(i.nrf_ble_gatt_init) for nrf_ble_gatt_init
    main.o(i.gatt_init) refers to app_error.o(i.app_error_handler_bare) for app_error_handler_bare
    main.o(i.gatt_init) refers to main.o(.bss) for m_gatt
    main.o(i.hids_init) refers to memseta.o(.text) for __aeabi_memclr4
[...]
    0x00027fdc   0x00000076   Code   RO          900    i.ble_device_addr_encode  ble_advdata.o
    0x00028052   0x00000002   PAD
    0x00028054   0x00000210   Code   RO            8    i.ble_evt_handler   main.o
    0x00028264   0x00000078   Code   RO          756    i.ble_evt_handler   bsp_btn_ble.o
    0x000282dc   0x00000040   Code   RO         1174    i.ble_evt_handler   ble_conn_params.o
    0x0002831c   0x000000b8   Code   RO         1287    i.ble_evt_handler   ble_conn_state.o
    0x000283d4   0x0000002c   Code   RO         2602    i.ble_evt_handler   peer_manager.o
    0x00028400   0x0000005e   Code   RO         8296    i.ble_hids_client_context_size_calc  ble_hids.o
    0x0002845e   0x00000166   Code   RO         8297    i.ble_hids_init     ble_hids.o
    0x000285c4   0x0000003c   Code   RO         8299    i.ble_hids_on_ble_evt  ble_hids.o
    0x00028600   0x0000007a   Code   RO         8478    i.ble_nus_data_send  ble_nus.o
    0x0002867a   0x00000002   PAD
    0x0002867c   0x00000108   Code   RO         8479    i.ble_nus_init      ble_nus.o
    0x00028784   0x00000044   Code   RO         8480    i.ble_nus_on_ble_evt  ble_nus.o
    0x000287c8   0x00000012   Code   RO         1464    i.ble_srv_is_notification_enabled  ble_srv_common.o
    0x000287da   0x0000003c   Code   RO         1465    i.ble_srv_report_ref_encode  ble_srv_common.o
    0x00028816   0x00000056   Code   RO            9    i.ble_stack_init    main.o
    0x0002886c   0x0000007c   Code   RO         8301    i.boot_inp_rep_char_add  ble_hids.o
    0x000288e8   0x0000006e   Code   RO         8302    i.boot_kb_outp_rep_char_add  ble_hids.o
    0x00028956   0x00000002   PAD
    0x00028958   0x0000000c   Code   RO          516    i.bsp_board_button_idx_to_pin  boards.o
    0x00028964   0x00000030   Code   RO          517    i.bsp_board_button_state_get  boards.o
    0x00028994   0x0000002c   Code   RO          518    i.bsp_board_buttons_init  boards.o
    0x000289c0   0x0000001a   Code   RO          519    i.bsp_board_init    boards.o
    0x000289da   0x00000002   PAD
    0x000289dc   0x00000030   Code   RO          521    i.bsp_board_led_invert  boards.o
    0x00028a0c   0x00000014   Code   RO          522    i.bsp_board_led_off  boards.o
    0x00028a20   0x00000014   Code   RO          523    i.bsp_board_led_on  boards.o
    0x00028a34   0x00000030   Code   RO          524    i.bsp_board_led_state_get  boards.o
    0x00028a64   0x00000030   Code   RO          525    i.bsp_board_leds_init  boards.o
    0x00028a94   0x00000014   Code   RO          526    i.bsp_board_leds_off  boards.o
    0x00028aa8   0x00000014   Code   RO          527    i.bsp_board_leds_on  boards.o
    0x00028abc   0x00000024   Code   RO          528    i.bsp_board_pin_to_button_idx  boards.o
    0x00028ae0   0x0000002c   Code   RO          757    i.bsp_btn_ble_init  bsp_btn_ble.o
    0x00028b0c   0x00000032   Code   RO          758    i.bsp_btn_ble_sleep_mode_prepare  bsp_btn_ble.o
    0x00028b3e   0x00000002   PAD
    0x00028b40   0x000000c4   Code   RO          642    i.bsp_button_event_handler  bsp.o
    0x00028c04   0x00000014   Code   RO          643    i.bsp_button_is_pressed  bsp.o
    0x00028c18   0x00000074   Code   RO           10    i.bsp_event_handler  main.o
    0x00028c8c   0x0000005c   Code   RO          646    i.bsp_event_to_button_action_assign  bsp.o
    0x00028ce8   0x00000020   Code   RO          647    i.bsp_indication_set  bsp.o
    0x00028d08   0x000000ac   Code   RO          648    i.bsp_init          bsp.o
    0x00028db4   0x00000388   Code   RO          649    i.bsp_led_indication  bsp.o
    0x0002913c   0x0000000e   Code   RO          651    i.bsp_wakeup_button_enable  bsp.o
    0x0002914a   0x00000002   PAD
    0x0002914c   0x000000e8   Code   RO         7551    i.buf_prealloc      nrf_log_frontend.o
    0x00029234   0x0000002c   Code   RO         6545    i.buffer_add        nrf_fprintf_format.o
    0x00029260   0x00000018   Code   RO         7552    i.buffer_is_empty   nrf_log_frontend.o
    0x00029278   0x0000002c   Code   RO         4948    i.button_get        app_button.o
    0x000292a4   0x0000000e   Code   RO          652    i.button_timer_handler  bsp.o
    0x000292b2   0x00000002   PAD
    0x000292b4   0x00000054   Code   RO           11    i.buttons_leds_init  main.o
    0x00029308   0x0000002c   Code   RO         1534    i.car_update_needed  gatt_cache_manager.o
    0x00029334   0x00000040   Code   RO         1535    i.car_update_pending_handle  gatt_cache_manager.o
    0x00029374   0x00000020   Code   RO         1536    i.cccd_written      gatt_cache_manager.o
    0x00029394   0x00000020   Code   RO         4054    i.channel_free      nrfx_gpiote.o
    0x000293b4   0x00000010   Code   RO         4055    i.channel_handler_get  nrfx_gpiote.o
    0x000293c4   0x00000080   Code   RO         4056    i.channel_port_alloc  nrfx_gpiote.o
    0x00029444   0x0000000c   Code   RO         4057    i.channel_port_get  nrfx_gpiote.o
    0x00029450   0x000001c8   Code   RO         1466    i.characteristic_add  ble_srv_common.o
    0x00029618   0x0000004c   Code   RO         2507    i.claim             peer_id.o
    0x00029664   0x00000030   Code   RO         3520    i.clock_clk_started_notify  nrf_drv_clock.o
    0x00029694   0x00000028   Code   RO         3521    i.clock_irq_handler  nrf_drv_clock.o
    0x000296bc   0x00000026   Code   RO         5215    i.compare_func      app_timer2.o
    0x000296e2   0x00000028   Code   RO         1032    i.config_is_valid   ble_advertising.o
    0x0002970a   0x0000003c   Code   RO         1288    i.conn_handle_list_get  ble_conn_state.o
    0x00029746   0x0000005a   Code   RO          901    i.conn_int_check    ble_advdata.o
    0x000297a0   0x00000068   Code   RO          902    i.conn_int_encode   ble_advdata.o
    0x00029808   0x00000010   Code   RO           12    i.conn_params_error_handler  main.o
    0x00029818   0x0000005c   Code   RO           13    i.conn_params_init  main.o
    0x00029874   0x00000054   Code   RO         1175    i.conn_params_negotiation  ble_conn_params.o
    0x000298c8   0x00000044   Code   RO         3083    i.conn_sec_failure  security_dispatcher.o
    0x0002990c   0x00000058   Code   RO         3084    i.conn_sec_update_process  security_dispatcher.o
    0x00029964   0x00000010   Code   RO         2925    i.conn_secure       peer_manager_handler.o
    0x00029974   0x00000054   Code   RO          759    i.connection_buttons_configure  bsp_btn_ble.o
    0x000299c8   0x00000130   Code   RO         1997    i.data_length_update  nrf_ble_gatt.o
    0x00029af8   0x0000004c   Code   RO         1537    i.db_update_pending_handle  gatt_cache_manager.o
    0x00029b44   0x00000048   Code   RO           14    i.delete_bonds      main.o
    0x00029b8c   0x00000052   Code   RO         5691    i.delete_execute    fds.o
    0x00029bde   0x000000be   Code   RO         1467    i.descriptor_add    ble_srv_common.o
    0x00029c9c   0x00000060   Code   RO         4949    i.detection_delay_timeout_handler  app_button.o
    0x00029cfc   0x00000022   Code   RO         3085    i.disconnect_process  security_dispatcher.o
    0x00029d1e   0x00000002   PAD
    0x00029d20   0x00000018   Code   RO         7553    i.dropped_sat16_get  nrf_log_frontend.o
    0x00029d38   0x00000016   Code   RO         5472    i.drv_rtc_compare_disable  drv_rtc.o
    0x00029d4e   0x0000001a   Code   RO         5475    i.drv_rtc_compare_pending  drv_rtc.o
    0x00029d68   0x0000005c   Code   RO         5476    i.drv_rtc_compare_set  drv_rtc.o
    0x00029dc4   0x0000000c   Code   RO         5477    i.drv_rtc_counter_get  drv_rtc.o
    0x00029dd0   0x00000128   Code   RO         5478    i.drv_rtc_init      drv_rtc.o
    0x00029ef8   0x00000024   Code   RO         5479    i.drv_rtc_irq_trigger  drv_rtc.o
    0x00029f1c   0x00000012   Code   RO         5481    i.drv_rtc_overflow_enable  drv_rtc.o
    0x00029f2e   0x00000010   Code   RO         5482    i.drv_rtc_overflow_pending  drv_rtc.o
    0x00029f3e   0x0000000e   Code   RO         5483    i.drv_rtc_start     drv_rtc.o
    0x00029f4c   0x0000000e   Code   RO         5484    i.drv_rtc_stop      drv_rtc.o
    0x00029f5a   0x000000fc   Code   RO         5489    i.drv_rtc_windowed_compare_set  drv_rtc.o
    0x0002a056   0x00000046   Code   RO         8303    i.encode_hid_information  ble_hids.o
    0x0002a09c   0x00000016   Code   RO         3086    i.encryption_failure  security_dispatcher.o
    0x0002a0b2   0x00000002   PAD
    0x0002a0b4   0x00000058   Code   RO         6682    i.erase             nrf_fstorage_sd.o
    0x0002a10c   0x0000000e   Code   RO         6683    i.erase_execute     nrf_fstorage_sd.o
    0x0002a11a   0x0000007e   Code   RO         5692    i.event_prepare     fds.o
    0x0002a198   0x00000028   Code   RO         5693    i.event_send        fds.o
    0x0002a1c0   0x00000068   Code   RO         6684    i.event_send        nrf_fstorage_sd.o
    0x0002a228   0x000000a0   Code   RO         3270    i.events_send_from_err_code  security_manager.o
    0x0002a2c8   0x00000018   Code   RO         5490    i.evt_disable       drv_rtc.o
    0x0002a2e0   0x0000001c   Code   RO         5491    i.evt_enable        drv_rtc.o
    0x0002a2fc   0x0000000c   Code   RO         3271    i.evt_forward       security_manager.o
    0x0002a308   0x000000f0   Code   RO         4950    i.evt_handle        app_button.o
    0x0002a3f8   0x0000001c   Code   RO         5492    i.evt_pending       drv_rtc.o
    0x0002a414   0x00000028   Code   RO         1538    i.evt_send          gatt_cache_manager.o
    0x0002a43c   0x00000028   Code   RO         1724    i.evt_send          gatts_cache_manager.o
    0x0002a464   0x00000020   Code   RO         1824    i.evt_send          id_manager.o
    0x0002a484   0x00000028   Code   RO         2603    i.evt_send          peer_manager.o
    0x0002a4ac   0x00000028   Code   RO         3087    i.evt_send          security_dispatcher.o
    0x0002a4d4   0x00000020   Code   RO         3272    i.evt_send          security_manager.o
    0x0002a4f4   0x000000f4   Code   RO         2175    i.fds_evt_handler   peer_data_storage.o
    0x0002a5e8   0x0000004c   Code   RO         5695    i.fds_file_delete   fds.o
    0x0002a634   0x00000044   Code   RO         5696    i.fds_gc            fds.o
    0x0002a678   0x000000cc   Code   RO         5697    i.fds_init          fds.o
    0x0002a744   0x00000068   Code   RO         5698    i.fds_record_close  fds.o
    0x0002a7ac   0x00000016   Code   RO         5700    i.fds_record_find   fds.o
    0x0002a7c2   0x00000014   Code   RO         5701    i.fds_record_find_by_key  fds.o
    0x0002a7d6   0x00000014   Code   RO         5702    i.fds_record_find_in_file  fds.o
    0x0002a7ea   0x00000014   Code   RO         5703    i.fds_record_id_from_desc  fds.o
    0x0002a7fe   0x00000002   PAD
    0x0002a800   0x00000050   Code   RO         5705    i.fds_record_open   fds.o
    0x0002a850   0x0000001c   Code   RO         5706    i.fds_record_update  fds.o
    0x0002a86c   0x00000014   Code   RO         5707    i.fds_record_write  fds.o
    0x0002a880   0x00000034   Code   RO         5709    i.fds_register      fds.o
    0x0002a8b4   0x000000c4   Code   RO         5712    i.fds_stat          fds.o
    0x0002a978   0x00000072   Code   RO         8304    i.feature_rep_characteristics_add  ble_hids.o
    0x0002a9ea   0x00000018   Code   RO         7318    i.fifo_get          app_fifo.o
    0x0002aa02   0x0000000a   Code   RO         7194    i.fifo_length       app_uart_fifo.o
    0x0002aa0c   0x0000000a   Code   RO         7319    i.fifo_length       app_fifo.o
    0x0002aa16   0x00000012   Code   RO         7320    i.fifo_peek         app_fifo.o
    0x0002aa28   0x00000012   Code   RO         7321    i.fifo_put          app_fifo.o
    0x0002aa3a   0x00000002   PAD
    0x0002aa3c   0x00000034   Code   RO         5713    i.file_find_and_delete  fds.o
    0x0002aa70   0x0000000a   Code   RO         2176    i.file_id_to_peer_id  peer_data_storage.o
    0x0002aa7a   0x00000018   Code   RO         2177    i.file_id_within_pm_range  peer_data_storage.o
    0x0002aa92   0x00000012   Code   RO         3088    i.flag_id_init      security_dispatcher.o
    0x0002aaa4   0x00000012   Code   RO         3273    i.flag_id_init      security_manager.o
    0x0002aab6   0x0000001e   Code   RO         1289    i.flag_toggle       ble_conn_state.o
    0x0002aad4   0x00000036   Code   RO          903    i.flags_encode      ble_advdata.o
    0x0002ab0a   0x0000002c   Code   RO         1033    i.flags_set         ble_advertising.o
    0x0002ab36   0x00000002   PAD
    0x0002ab38   0x0000004c   Code   RO         3274    i.flags_set_from_err_code  security_manager.o
    0x0002ab84   0x0000001c   Code   RO         5714    i.flash_bounds_set  fds.o
    0x0002aba0   0x00000036   Code   RO         5715    i.flash_end_addr    fds.o
    0x0002abd6   0x00000002   PAD
    0x0002abd8   0x0000001c   Code   RO         5716    i.flash_subsystem_init  fds.o
    0x0002abf4   0x00000032   Code   RO         1290    i.for_each_set_flag  ble_conn_state.o
    0x0002ac26   0x0000000c   Code   RO         5717    i.fs_event_handler  fds.o
    0x0002ac32   0x00000002   PAD
    0x0002ac34   0x000000a0   Code   RO           15    i.gap_params_init   main.o
    0x0002acd4   0x00000024   Code   RO           16    i.gatt_init         main.o
    0x0002acf8   0x00000074   Code   RO         5718    i.gc_execute        fds.o
    0x0002ad6c   0x00000040   Code   RO         5719    i.gc_init           fds.o
    0x0002adac   0x00000028   Code   RO         5720    i.gc_next_page      fds.o
    0x0002add4   0x0000004c   Code   RO         5721    i.gc_page_erase     fds.o
    0x0002ae20   0x00000050   Code   RO         5722    i.gc_page_next      fds.o
    0x0002ae70   0x00000040   Code   RO         5723    i.gc_record_copy    fds.o
    0x0002aeb0   0x00000024   Code   RO         5724    i.gc_record_find_next  fds.o
    0x0002aed4   0x00000058   Code   RO         5725    i.gc_state_advance  fds.o
    0x0002af2c   0x0000002c   Code   RO         5726    i.gc_swap_erase     fds.o
    0x0002af58   0x00000060   Code   RO         5727    i.gc_swap_pages     fds.o
    0x0002afb8   0x00000024   Code   RO         5728    i.gc_swap_promote   fds.o
    0x0002afdc   0x00000018   Code   RO         5729    i.gc_tag_new_swap   fds.o
    0x0002aff4   0x00000020   Code   RO         5730    i.gc_update_swap_offset  fds.o
    0x0002b014   0x00000298   Code   RO         1539    i.gcm_ble_evt_handler  gatt_cache_manager.o
    0x0002b2ac   0x00000026   Code   RO         1540    i.gcm_im_evt_handler  gatt_cache_manager.o
    0x0002b2d2   0x00000002   PAD
    0x0002b2d4   0x000000e4   Code   RO         1541    i.gcm_init          gatt_cache_manager.o
    0x0002b3b8   0x0000009c   Code   RO         1544    i.gcm_pdb_evt_handler  gatt_cache_manager.o
    0x0002b454   0x0000003c   Code   RO         5216    i.get_now           app_timer2.o
    0x0002b490   0x00000048   Code   RO         4951    i.gpiote_event_handler  app_button.o
    0x0002b4d8   0x0000001c   Code   RO         1725    i.gscm_db_change_notification_done  gatts_cache_manager.o
    0x0002b4f4   0x00000014   Code   RO         1726    i.gscm_init         gatts_cache_manager.o
    0x0002b508   0x000000b8   Code   RO         1728    i.gscm_local_db_cache_apply  gatts_cache_manager.o
    0x0002b5c0   0x000000c8   Code   RO         1729    i.gscm_local_db_cache_update  gatts_cache_manager.o
    0x0002b688   0x0000001c   Code   RO         1730    i.gscm_pdb_evt_handler  gatts_cache_manager.o
    0x0002b6a4   0x00000028   Code   RO         1731    i.gscm_service_changed_ind_needed  gatts_cache_manager.o
    0x0002b6cc   0x00000074   Code   RO         1732    i.gscm_service_changed_ind_send  gatts_cache_manager.o
    0x0002b740   0x00000030   Code   RO         5731    i.header_check      fds.o
    0x0002b770   0x00000016   Code   RO         5732    i.header_has_next   fds.o
    0x0002b786   0x0000000e   Code   RO         5733    i.header_jump       fds.o
    0x0002b794   0x0000004e   Code   RO         8305    i.hid_control_point_char_add  ble_hids.o
    0x0002b7e2   0x00000056   Code   RO         8306    i.hid_information_char_add  ble_hids.o
    0x0002b838   0x000000d4   Code   RO           17    i.hids_init         main.o
    0x0002b90c   0x0000000e   Code   RO           18    i.idle_state_handle  main.o
    0x0002b91a   0x0000004c   Code   RO         1825    i.im_address_resolve  id_manager.o
    0x0002b966   0x00000002   PAD
    0x0002b968   0x00000038   Code   RO         1826    i.im_ble_addr_get   id_manager.o
    0x0002b9a0   0x000000ec   Code   RO         1827    i.im_ble_evt_handler  id_manager.o
    0x0002ba8c   0x00000040   Code   RO         1828    i.im_conn_handle_get  id_manager.o
    0x0002bacc   0x00000038   Code   RO         1830    i.im_find_duplicate_bonding_data  id_manager.o
    0x0002bb04   0x00000090   Code   RO         1833    i.im_is_duplicate_bonding_data  id_manager.o
    0x0002bb94   0x00000022   Code   RO         1834    i.im_master_id_is_valid  id_manager.o
    0x0002bbb6   0x00000032   Code   RO         1835    i.im_master_ids_compare  id_manager.o
    0x0002bbe8   0x00000014   Code   RO         1836    i.im_new_peer_id    id_manager.o
    0x0002bbfc   0x00000030   Code   RO         1837    i.im_peer_free      id_manager.o
    0x0002bc2c   0x00000028   Code   RO         1838    i.im_peer_id_get_by_conn_handle  id_manager.o
    0x0002bc54   0x00000040   Code   RO         1839    i.im_peer_id_get_by_master_id  id_manager.o
    0x0002bc94   0x0000002e   Code   RO         8307    i.includes_add      ble_hids.o
    0x0002bcc2   0x00000002   PAD
    0x0002bcc4   0x0000003c   Code   RO         6685    i.init              nrf_fstorage_sd.o
    0x0002bd00   0x00000134   Code   RO         5734    i.init_execute      fds.o
    0x0002be34   0x00000040   Code   RO         8308    i.inp_rep_cccd_identify  ble_hids.o
    0x0002be74   0x00000086   Code   RO         8309    i.inp_rep_characteristics_add  ble_hids.o
    0x0002befa   0x00000002   PAD
    0x0002befc   0x0000002c   Code   RO         1176    i.instance_get      ble_conn_params.o
    0x0002bf28   0x000000be   Code   RO         6546    i.int_print         nrf_fprintf_format.o
    0x0002bfe6   0x00000002   PAD
    0x0002bfe8   0x0000000c   Code   RO         1545    i.internal_state_reset  gatt_cache_manager.o
    0x0002bff4   0x00000018   Code   RO         1733    i.internal_state_reset  gatts_cache_manager.o
    0x0002c00c   0x00000020   Code   RO         2353    i.internal_state_reset  peer_database.o
    0x0002c02c   0x0000000e   Code   RO         2508    i.internal_state_reset  peer_id.o
    0x0002c03a   0x00000002   PAD
    0x0002c03c   0x00000018   Code   RO         2604    i.internal_state_reset  peer_manager.o
    0x0002c054   0x00000094   Code   RO         4479    i.interrupts_enable  nrfx_uart.o
    0x0002c0e8   0x000000b4   Code   RO         4724    i.interrupts_enable  nrfx_uarte.o
    0x0002c19c   0x00000046   Code   RO         7555    i.invalid_packets_omit  nrf_log_frontend.o
    0x0002c1e2   0x00000002   PAD
    0x0002c1e4   0x00000014   Code   RO         6686    i.is_busy           nrf_fstorage_sd.o
    0x0002c1f8   0x00000072   Code   RO         1177    i.is_conn_params_ok  ble_conn_params.o
    0x0002c26a   0x00000018   Code   RO         1844    i.is_valid_irk      id_manager.o
    0x0002c282   0x00000010   Code   RO         5735    i.is_word_aligned   fds.o
    0x0002c292   0x0000000c   Code   RO         3524    i.item_dequeue      nrf_drv_clock.o
    0x0002c29e   0x00000026   Code   RO         3275    i.key_is_lesc       security_manager.o
    0x0002c2c4   0x00000026   Code   RO         4058    i.latch_pending_read_and_check  nrfx_gpiote.o
    0x0002c2ea   0x00000002   PAD
    0x0002c2ec   0x00000028   Code   RO          653    i.leds_off          bsp.o
    0x0002c314   0x00000020   Code   RO          654    i.leds_timer_handler  bsp.o
    0x0002c334   0x00000018   Code   RO         3526    i.lfclk_stop        nrf_drv_clock.o
    0x0002c34c   0x00000014   Code   RO         1998    i.link_init         nrf_ble_gatt.o
    0x0002c360   0x000000e8   Code   RO         3276    i.link_secure       security_manager.o
    0x0002c448   0x00000018   Code   RO         3089    i.link_secure_authenticate  security_dispatcher.o
    0x0002c460   0x0000003c   Code   RO         3090    i.link_secure_failure  security_dispatcher.o
    0x0002c49c   0x0000003c   Code   RO         3277    i.link_secure_pending_handle  security_manager.o
    0x0002c4d8   0x00000018   Code   RO         3091    i.link_secure_peripheral  security_dispatcher.o
    0x0002c4f0   0x000000c4   Code   RO         1546    i.local_db_apply_in_evt  gatt_cache_manager.o
    0x0002c5b4   0x00000018   Code   RO         1547    i.local_db_update   gatt_cache_manager.o
    0x0002c5cc   0x00000120   Code   RO         1548    i.local_db_update_in_evt  gatt_cache_manager.o
    0x0002c6ec   0x00000026   Code   RO           19    i.log_init          main.o
    0x0002c712   0x00000002   PAD
    0x0002c714   0x000000cc   Code   RO         7556    i.log_skip          nrf_log_frontend.o
    0x0002c7e0   0x00000080   Code   RO           20    i.main              main.o
    0x0002c860   0x00000018   Code   RO         8310    i.make_char_id      ble_hids.o
    0x0002c878   0x00000076   Code   RO          904    i.manuf_specific_data_encode  ble_advdata.o
    0x0002c8ee   0x000000ca   Code   RO         6817    i.memobj_op         nrf_memobj.o
    0x0002c9b8   0x00000038   Code   RO         7557    i.module_idx_get    nrf_log_frontend.o
    0x0002c9f0   0x00000026   Code   RO         3022    i.mutex_lock        pm_buffer.o
    0x0002ca16   0x00000020   Code   RO         3023    i.mutex_lock_status_get  pm_buffer.o
    0x0002ca36   0x00000020   Code   RO         3024    i.mutex_unlock      pm_buffer.o
    0x0002ca56   0x000000c8   Code   RO          905    i.name_encode       ble_advdata.o
    0x0002cb1e   0x00000002   PAD
    0x0002cb20   0x00000020   Code   RO         3278    i.new_context_get   security_manager.o
    0x0002cb40   0x00000032   Code   RO         3279    i.new_evt           security_manager.o
    0x0002cb72   0x00000034   Code   RO         2509    i.next_id_get       peer_id.o
    0x0002cba6   0x00000002   PAD
    0x0002cba8   0x00000058   Code   RO         8633    i.nrf52_errata_108  system_nrf52.o
    0x0002cc00   0x00000058   Code   RO         8645    i.nrf52_errata_12   system_nrf52.o
    0x0002cc58   0x00000058   Code   RO         8656    i.nrf52_errata_136  system_nrf52.o
    0x0002ccb0   0x0000003c   Code   RO         8675    i.nrf52_errata_16   system_nrf52.o
    0x0002ccec   0x0000003c   Code   RO         8692    i.nrf52_errata_182  system_nrf52.o
    0x0002cd28   0x00000058   Code   RO         8739    i.nrf52_errata_31   system_nrf52.o
    0x0002cd80   0x0000003c   Code   RO         8740    i.nrf52_errata_32   system_nrf52.o
    0x0002cdbc   0x00000058   Code   RO         8744    i.nrf52_errata_36   system_nrf52.o
    0x0002ce14   0x0000003c   Code   RO         8745    i.nrf52_errata_37   system_nrf52.o
    0x0002ce50   0x0000003c   Code   RO         8761    i.nrf52_errata_57   system_nrf52.o
    0x0002ce8c   0x00000058   Code   RO         8767    i.nrf52_errata_66   system_nrf52.o
    0x0002cee4   0x00000016   Code   RO         6183    i.nrf_atfifo_clear  nrf_atfifo.o
    0x0002cefa   0x00000028   Code   RO         6185    i.nrf_atfifo_init   nrf_atfifo.o
    0x0002cf22   0x0000001c   Code   RO         6186    i.nrf_atfifo_item_alloc  nrf_atfifo.o
    0x0002cf3e   0x0000001c   Code   RO         6187    i.nrf_atfifo_item_free  nrf_atfifo.o
    0x0002cf5a   0x0000001c   Code   RO         6188    i.nrf_atfifo_item_get  nrf_atfifo.o
    0x0002cf76   0x0000001c   Code   RO         6189    i.nrf_atfifo_item_put  nrf_atfifo.o
    0x0002cf92   0x0000001e   Code   RO         6254    i.nrf_atflags_clear  nrf_atflags.o
    0x0002cfb0   0x0000002e   Code   RO         6256    i.nrf_atflags_fetch_set  nrf_atflags.o
    0x0002cfde   0x00000060   Code   RO         6258    i.nrf_atflags_find_and_set_flag  nrf_atflags.o
    0x0002d03e   0x0000001e   Code   RO         6259    i.nrf_atflags_get   nrf_atflags.o
    0x0002d05c   0x0000001e   Code   RO         6261    i.nrf_atflags_set   nrf_atflags.o
    0x0002d07a   0x0000000e   Code   RO         6322    i.nrf_atomic_flag_clear_fetch  nrf_atomic.o
    0x0002d088   0x0000000e   Code   RO         6323    i.nrf_atomic_flag_set  nrf_atomic.o
    0x0002d096   0x0000000e   Code   RO         6324    i.nrf_atomic_flag_set_fetch  nrf_atomic.o
    0x0002d0a4   0x00000016   Code   RO         6325    i.nrf_atomic_u32_add  nrf_atomic.o
    0x0002d0ba   0x00000016   Code   RO         6326    i.nrf_atomic_u32_and  nrf_atomic.o
    0x0002d0d0   0x00000016   Code   RO         6328    i.nrf_atomic_u32_fetch_add  nrf_atomic.o
    0x0002d0e6   0x00000016   Code   RO         6329    i.nrf_atomic_u32_fetch_and  nrf_atomic.o
    0x0002d0fc   0x00000016   Code   RO         6330    i.nrf_atomic_u32_fetch_or  nrf_atomic.o
    0x0002d112   0x00000016   Code   RO         6331    i.nrf_atomic_u32_fetch_store  nrf_atomic.o
    0x0002d128   0x00000016   Code   RO         6335    i.nrf_atomic_u32_or  nrf_atomic.o
    0x0002d13e   0x00000016   Code   RO         6337    i.nrf_atomic_u32_sub  nrf_atomic.o
    0x0002d154   0x00000052   Code   RO         6459    i.nrf_balloc_alloc  nrf_balloc.o
    0x0002d1a6   0x00000010   Code   RO         6460    i.nrf_balloc_block2idx  nrf_balloc.o
    0x0002d1b6   0x00000030   Code   RO         6461    i.nrf_balloc_free   nrf_balloc.o
    0x0002d1e6   0x0000000c   Code   RO         6462    i.nrf_balloc_idx2block  nrf_balloc.o
    0x0002d1f2   0x0000003c   Code   RO         6463    i.nrf_balloc_init   nrf_balloc.o
    0x0002d22e   0x00000016   Code   RO         4059    i.nrf_bitmask_bit_is_set  nrfx_gpiote.o
    0x0002d244   0x00000034   Code   RO         2004    i.nrf_ble_gatt_init  nrf_ble_gatt.o
    0x0002d278   0x0000012c   Code   RO         2005    i.nrf_ble_gatt_on_ble_evt  nrf_ble_gatt.o
    0x0002d3a4   0x00000020   Code   RO         2119    i.nrf_ble_qwr_conn_handle_assign  nrf_ble_qwr.o
    0x0002d3c4   0x00000032   Code   RO         2120    i.nrf_ble_qwr_init  nrf_ble_qwr.o
    0x0002d3f6   0x0000007c   Code   RO         2121    i.nrf_ble_qwr_on_ble_evt  nrf_ble_qwr.o
    0x0002d472   0x00000012   Code   RO         3886    i.nrf_clock_event_check  nrfx_clock.o
    0x0002d484   0x00000012   Code   RO         3887    i.nrf_clock_event_clear  nrfx_clock.o
    0x0002d496   0x00000002   PAD
    0x0002d498   0x0000000c   Code   RO         3888    i.nrf_clock_int_disable  nrfx_clock.o
    0x0002d4a4   0x00000008   Code   RO         3890    i.nrf_clock_task_trigger  nrfx_clock.o
    0x0002d4ac   0x0000004c   Code   RO         3532    i.nrf_drv_clock_init  nrf_drv_clock.o
    0x0002d4f8   0x00000030   Code   RO         3536    i.nrf_drv_clock_lfclk_release  nrf_drv_clock.o
    0x0002d528   0x0000008c   Code   RO         3691    i.nrf_drv_uart_init  nrf_drv_uart.o
    0x0002d5b4   0x00000044   Code   RO         7195    i.nrf_drv_uart_rx   app_uart_fifo.o
    0x0002d5f8   0x00000044   Code   RO         7196    i.nrf_drv_uart_tx   app_uart_fifo.o
    0x0002d63c   0x0000002a   Code   RO         6506    i.nrf_fprintf       nrf_fprintf.o
    0x0002d666   0x0000001c   Code   RO         6507    i.nrf_fprintf_buffer_flush  nrf_fprintf.o
    0x0002d682   0x000001f0   Code   RO         6547    i.nrf_fprintf_fmt   nrf_fprintf_format.o
    0x0002d872   0x00000002   PAD
    0x0002d874   0x00000170   Code   RO         6593    i.nrf_fstorage_erase  nrf_fstorage.o
    0x0002d9e4   0x000000ac   Code   RO         6594    i.nrf_fstorage_init  nrf_fstorage.o
    0x0002da90   0x0000001c   Code   RO         6687    i.nrf_fstorage_sdh_req_handler  nrf_fstorage_sd.o
    0x0002daac   0x0000002c   Code   RO         6688    i.nrf_fstorage_sdh_state_handler  nrf_fstorage_sd.o
    0x0002dad8   0x0000008c   Code   RO         6689    i.nrf_fstorage_sys_evt_handler  nrf_fstorage_sd.o
    0x0002db64   0x00000264   Code   RO         6600    i.nrf_fstorage_write  nrf_fstorage.o
    0x0002ddc8   0x00000028   Code   RO          530    i.nrf_gpio_cfg      boards.o
    0x0002ddf0   0x00000028   Code   RO         4060    i.nrf_gpio_cfg      nrfx_gpiote.o
    0x0002de18   0x00000028   Code   RO         4480    i.nrf_gpio_cfg      nrfx_uart.o
    0x0002de40   0x00000028   Code   RO         4725    i.nrf_gpio_cfg      nrfx_uarte.o
    0x0002de68   0x0000001a   Code   RO         4482    i.nrf_gpio_cfg_input  nrfx_uart.o
    0x0002de82   0x0000001a   Code   RO         4727    i.nrf_gpio_cfg_input  nrfx_uarte.o
    0x0002de9c   0x00000018   Code   RO         4483    i.nrf_gpio_cfg_output  nrfx_uart.o
    0x0002deb4   0x00000018   Code   RO         4728    i.nrf_gpio_cfg_output  nrfx_uarte.o
    0x0002decc   0x00000032   Code   RO         4062    i.nrf_gpio_cfg_sense_set  nrfx_gpiote.o
    0x0002defe   0x00000002   PAD
    0x0002df00   0x00000034   Code   RO         4063    i.nrf_gpio_latches_read_and_clear  nrfx_gpiote.o
    0x0002df34   0x00000022   Code   RO         4065    i.nrf_gpio_pin_present_check  nrfx_gpiote.o
    0x0002df56   0x00000018   Code   RO         4066    i.nrf_gpio_pin_read  nrfx_gpiote.o
    0x0002df6e   0x00000016   Code   RO         4484    i.nrf_gpio_pin_set  nrfx_uart.o
    0x0002df84   0x00000016   Code   RO         4729    i.nrf_gpio_pin_set  nrfx_uarte.o
    0x0002df9a   0x0000003a   Code   RO          531    i.nrf_gpio_pin_write  boards.o
    0x0002dfd4   0x0000000c   Code   RO         4068    i.nrf_gpiote_event_addr_get  nrfx_gpiote.o
    0x0002dfe0   0x0000001c   Code   RO         4069    i.nrf_gpiote_event_clear  nrfx_gpiote.o
    0x0002dffc   0x00000016   Code   RO         4070    i.nrf_gpiote_event_is_set  nrfx_gpiote.o
    0x0002e012   0x00000002   PAD
    0x0002e014   0x0000000c   Code   RO         4071    i.nrf_gpiote_int_enable  nrfx_gpiote.o
    0x0002e020   0x00000054   Code   RO         7558    i.nrf_log_backend_add  nrf_log_frontend.o
    0x0002e074   0x00000002   Code   RO         7391    i.nrf_log_backend_rtt_flush  nrf_log_backend_rtt.o
    0x0002e076   0x00000008   Code   RO         7392    i.nrf_log_backend_rtt_init  nrf_log_backend_rtt.o
    0x0002e07e   0x00000002   Code   RO         7393    i.nrf_log_backend_rtt_panic_set  nrf_log_backend_rtt.o
    0x0002e080   0x00000020   Code   RO         7394    i.nrf_log_backend_rtt_put  nrf_log_backend_rtt.o
    0x0002e0a0   0x000000f2   Code   RO         7462    i.nrf_log_backend_serial_put  nrf_log_backend_serial.o
    0x0002e192   0x00000002   PAD
    0x0002e194   0x00000038   Code   RO         7560    i.nrf_log_color_id_get  nrf_log_frontend.o
    0x0002e1cc   0x00000028   Code   RO         7514    i.nrf_log_default_backends_init  nrf_log_default_backends.o
    0x0002e1f4   0x0000031c   Code   RO         7561    i.nrf_log_frontend_dequeue  nrf_log_frontend.o
    0x0002e510   0x000000e8   Code   RO         7562    i.nrf_log_frontend_hexdump  nrf_log_frontend.o
    0x0002e5f8   0x00000014   Code   RO         7563    i.nrf_log_frontend_std_0  nrf_log_frontend.o
    0x0002e60c   0x00000018   Code   RO         7564    i.nrf_log_frontend_std_1  nrf_log_frontend.o
    0x0002e624   0x00000020   Code   RO         7565    i.nrf_log_frontend_std_2  nrf_log_frontend.o
    0x0002e644   0x00000028   Code   RO         7566    i.nrf_log_frontend_std_3  nrf_log_frontend.o
    0x0002e66c   0x0000002c   Code   RO         7567    i.nrf_log_frontend_std_4  nrf_log_frontend.o
    0x0002e698   0x0000003c   Code   RO         7569    i.nrf_log_frontend_std_6  nrf_log_frontend.o
    0x0002e6d4   0x000000bc   Code   RO         7754    i.nrf_log_hexdump_entry_process  nrf_log_str_formatter.o
    0x0002e790   0x00000048   Code   RO         7570    i.nrf_log_init      nrf_log_frontend.o
    0x0002e7d8   0x00000014   Code   RO         7571    i.nrf_log_module_cnt_get  nrf_log_frontend.o
    0x0002e7ec   0x00000024   Code   RO         7575    i.nrf_log_module_name_get  nrf_log_frontend.o
    0x0002e810   0x00000034   Code   RO         7576    i.nrf_log_panic     nrf_log_frontend.o
    0x0002e844   0x000000c8   Code   RO         7755    i.nrf_log_std_entry_process  nrf_log_str_formatter.o
    0x0002e90c   0x0000007a   Code   RO         6818    i.nrf_memobj_alloc  nrf_memobj.o
    0x0002e986   0x00000040   Code   RO         6819    i.nrf_memobj_free   nrf_memobj.o
    0x0002e9c6   0x00000010   Code   RO         6820    i.nrf_memobj_get    nrf_memobj.o
    0x0002e9d6   0x0000000c   Code   RO         6821    i.nrf_memobj_pool_init  nrf_memobj.o
    0x0002e9e2   0x0000001e   Code   RO         6822    i.nrf_memobj_put    nrf_memobj.o
    0x0002ea00   0x00000022   Code   RO         6823    i.nrf_memobj_read   nrf_memobj.o
    0x0002ea22   0x00000022   Code   RO         6824    i.nrf_memobj_write  nrf_memobj.o
    0x0002ea44   0x00000016   Code   RO         1549    i.nrf_mtx_unlock    gatt_cache_manager.o
    0x0002ea5a   0x00000002   PAD
    0x0002ea5c   0x00000040   Code   RO         6897    i.nrf_pwr_mgmt_init  nrf_pwr_mgmt.o
    0x0002ea9c   0x0000006c   Code   RO         6898    i.nrf_pwr_mgmt_run  nrf_pwr_mgmt.o
    0x0002eb08   0x00000010   Code   RO           21    i.nrf_qwr_error_handler  main.o
    0x0002eb18   0x0000001c   Code   RO         6977    i.nrf_ringbuf_init  nrf_ringbuf.o
    0x0002eb34   0x0000000c   Code   RO         5493    i.nrf_rtc_cc_get    drv_rtc.o
    0x0002eb40   0x0000000a   Code   RO         5494    i.nrf_rtc_cc_set    drv_rtc.o
    0x0002eb4a   0x00000008   Code   RO         5495    i.nrf_rtc_counter_get  drv_rtc.o
    0x0002eb52   0x0000000e   Code   RO         5496    i.nrf_rtc_event_clear  drv_rtc.o
    0x0002eb60   0x00000006   Code   RO         5497    i.nrf_rtc_event_disable  drv_rtc.o
    0x0002eb66   0x00000006   Code   RO         5498    i.nrf_rtc_event_enable  drv_rtc.o
    0x0002eb6c   0x00000006   Code   RO         5499    i.nrf_rtc_int_disable  drv_rtc.o
    0x0002eb72   0x00000006   Code   RO         5500    i.nrf_rtc_int_enable  drv_rtc.o
    0x0002eb78   0x00000006   Code   RO         5501    i.nrf_rtc_task_trigger  drv_rtc.o
    0x0002eb7e   0x00000002   PAD
    0x0002eb80   0x00000018   Code   RO         8201    i.nrf_sdh_ble_app_ram_start_get  nrf_sdh_ble.o
    0x0002eb98   0x00000160   Code   RO         8202    i.nrf_sdh_ble_default_cfg_set  nrf_sdh_ble.o
    0x0002ecf8   0x0000014c   Code   RO         8203    i.nrf_sdh_ble_enable  nrf_sdh_ble.o
    0x0002ee44   0x00000070   Code   RO         8204    i.nrf_sdh_ble_evts_poll  nrf_sdh_ble.o
    0x0002eeb4   0x00000064   Code   RO         8072    i.nrf_sdh_disable_request  nrf_sdh.o
    0x0002ef18   0x00000084   Code   RO         8073    i.nrf_sdh_enable_request  nrf_sdh.o
    0x0002ef9c   0x00000030   Code   RO         8074    i.nrf_sdh_evts_poll  nrf_sdh.o
    0x0002efcc   0x0000000c   Code   RO         8075    i.nrf_sdh_is_enabled  nrf_sdh.o
    0x0002efd8   0x00000028   Code   RO         8077    i.nrf_sdh_request_continue  nrf_sdh.o
    0x0002f000   0x00000054   Code   RO         8260    i.nrf_sdh_soc_evts_poll  nrf_sdh_soc.o
    0x0002f054   0x00000006   Code   RO         8080    i.nrf_section_iter_get  nrf_sdh.o
    0x0002f05a   0x00000014   Code   RO         7035    i.nrf_section_iter_init  nrf_section_iter.o
    0x0002f06e   0x0000002e   Code   RO         7036    i.nrf_section_iter_item_set  nrf_section_iter.o
    0x0002f09c   0x0000002e   Code   RO         7037    i.nrf_section_iter_next  nrf_section_iter.o
    0x0002f0ca   0x00000028   Code   RO         7070    i.nrf_sortlist_add  nrf_sortlist.o
    0x0002f0f2   0x00000008   Code   RO         7072    i.nrf_sortlist_peek  nrf_sortlist.o
    0x0002f0fa   0x00000018   Code   RO         7073    i.nrf_sortlist_pop  nrf_sortlist.o
    0x0002f112   0x00000026   Code   RO         7074    i.nrf_sortlist_remove  nrf_sortlist.o
    0x0002f138   0x00000040   Code   RO         7126    i.nrf_strerror_find  nrf_strerror.o
    0x0002f178   0x0000001c   Code   RO         7127    i.nrf_strerror_get  nrf_strerror.o
    0x0002f194   0x0000000c   Code   RO         4485    i.nrf_uart_errorsrc_get_and_clear  nrfx_uart.o
    0x0002f1a0   0x0000000e   Code   RO         4486    i.nrf_uart_event_check  nrfx_uart.o
    0x0002f1ae   0x0000000e   Code   RO         4487    i.nrf_uart_event_clear  nrfx_uart.o
    0x0002f1bc   0x0000000a   Code   RO         4488    i.nrf_uart_hwfc_pins_set  nrfx_uart.o
    0x0002f1c6   0x00000006   Code   RO         4489    i.nrf_uart_int_disable  nrfx_uart.o
    0x0002f1cc   0x00000006   Code   RO         4490    i.nrf_uart_int_enable  nrfx_uart.o
    0x0002f1d2   0x00000012   Code   RO         4491    i.nrf_uart_int_enable_check  nrfx_uart.o
    0x0002f1e4   0x00000006   Code   RO         4492    i.nrf_uart_task_trigger  nrfx_uart.o
    0x0002f1ea   0x0000000a   Code   RO         4493    i.nrf_uart_txrx_pins_set  nrfx_uart.o
    0x0002f1f4   0x0000000c   Code   RO         4730    i.nrf_uarte_errorsrc_get_and_clear  nrfx_uarte.o
    0x0002f200   0x0000000e   Code   RO         4731    i.nrf_uarte_event_check  nrfx_uarte.o
    0x0002f20e   0x0000000e   Code   RO         4732    i.nrf_uarte_event_clear  nrfx_uarte.o
    0x0002f21c   0x0000000c   Code   RO         4733    i.nrf_uarte_hwfc_pins_set  nrfx_uarte.o
    0x0002f228   0x00000006   Code   RO         4734    i.nrf_uarte_int_disable  nrfx_uarte.o
    0x0002f22e   0x00000006   Code   RO         4735    i.nrf_uarte_int_enable  nrfx_uarte.o
    0x0002f234   0x0000000a   Code   RO         4736    i.nrf_uarte_rx_amount_get  nrfx_uarte.o
    0x0002f23e   0x0000000c   Code   RO         4737    i.nrf_uarte_shorts_disable  nrfx_uarte.o
    0x0002f24a   0x00000006   Code   RO         4738    i.nrf_uarte_task_trigger  nrfx_uarte.o
    0x0002f250   0x0000000a   Code   RO         4739    i.nrf_uarte_tx_amount_get  nrfx_uarte.o
    0x0002f25a   0x0000000e   Code   RO         4740    i.nrf_uarte_txrx_pins_set  nrfx_uarte.o
    0x0002f268   0x00000014   Code   RO         3539    i.nrf_wdt_started   nrf_drv_clock.o
    0x0002f27c   0x00000014   Code   RO         3896    i.nrfx_clock_enable  nrfx_clock.o
    0x0002f290   0x00000024   Code   RO         3899    i.nrfx_clock_init   nrfx_clock.o
    0x0002f2b4   0x0000002c   Code   RO         3902    i.nrfx_clock_lfclk_stop  nrfx_clock.o
    0x0002f2e0   0x00000018   Code   RO         5502    i.nrfx_coredep_delay_us  drv_rtc.o
    0x0002f2f8   0x00000008   Code   RO         3904    i.nrfx_get_irq_number  nrfx_clock.o
    0x0002f300   0x00000008   Code   RO         4074    i.nrfx_get_irq_number  nrfx_gpiote.o
    0x0002f308   0x00000008   Code   RO         4494    i.nrfx_get_irq_number  nrfx_uart.o
    0x0002f310   0x00000008   Code   RO         4741    i.nrfx_get_irq_number  nrfx_uarte.o
    0x0002f318   0x000000ac   Code   RO         4080    i.nrfx_gpiote_in_event_enable  nrfx_gpiote.o
    0x0002f3c4   0x000000f4   Code   RO         4082    i.nrfx_gpiote_in_init  nrfx_gpiote.o
    0x0002f4b8   0x00000014   Code   RO         4083    i.nrfx_gpiote_in_is_set  nrfx_gpiote.o
    0x0002f4cc   0x000000d4   Code   RO         4085    i.nrfx_gpiote_init  nrfx_gpiote.o
    0x0002f5a0   0x00000014   Code   RO         4086    i.nrfx_gpiote_is_init  nrfx_gpiote.o
    0x0002f5b4   0x00000014   Code   RO         4742    i.nrfx_is_in_ram    nrfx_uarte.o
    0x0002f5c8   0x000000b0   Code   RO         3905    i.nrfx_power_clock_irq_init  nrfx_clock.o
    0x0002f678   0x0000004e   Code   RO         4424    i.nrfx_prs_acquire  nrfx_prs.o
    0x0002f6c6   0x00000002   PAD
    0x0002f6c8   0x00000014   Code   RO         4495    i.nrfx_uart_0_irq_handler  nrfx_uart.o
    0x0002f6dc   0x00000088   Code   RO         4497    i.nrfx_uart_init    nrfx_uart.o
    0x0002f764   0x00000124   Code   RO         4498    i.nrfx_uart_rx      nrfx_uart.o
    0x0002f888   0x0000008c   Code   RO         4503    i.nrfx_uart_tx      nrfx_uart.o
    0x0002f914   0x00000024   Code   RO         4505    i.nrfx_uart_tx_in_progress  nrfx_uart.o
    0x0002f938   0x00000014   Code   RO         4743    i.nrfx_uarte_0_irq_handler  nrfx_uarte.o
    0x0002f94c   0x00000080   Code   RO         4745    i.nrfx_uarte_init   nrfx_uarte.o
    0x0002f9cc   0x00000138   Code   RO         4746    i.nrfx_uarte_rx     nrfx_uarte.o
    0x0002fb04   0x000000c0   Code   RO         4749    i.nrfx_uarte_tx     nrfx_uarte.o
    0x0002fbc4   0x00000020   Code   RO         4751    i.nrfx_uarte_tx_in_progress  nrfx_uarte.o
    0x0002fbe4   0x00000108   Code   RO           22    i.nus_data_handler  main.o
    0x0002fcec   0x00000064   Code   RO           23    i.on_adv_evt        main.o
    0x0002fd50   0x00000014   Code   RO         5217    i.on_compare1_evt   app_timer2.o
    0x0002fd64   0x00000020   Code   RO         5218    i.on_compare_evt    app_timer2.o
    0x0002fd84   0x0000002c   Code   RO           24    i.on_conn_params_evt  main.o
    0x0002fdb0   0x00000030   Code   RO         1178    i.on_conn_params_update  ble_conn_params.o
    0x0002fde0   0x00000070   Code   RO         1179    i.on_connect        ble_conn_params.o
    0x0002fe50   0x0000007c   Code   RO         8311    i.on_connect        ble_hids.o
    0x0002fecc   0x00000074   Code   RO         8481    i.on_connect        ble_nus.o
    0x0002ff40   0x0000000e   Code   RO         1034    i.on_connected      ble_advertising.o
    0x0002ff4e   0x00000002   PAD
    0x0002ff50   0x00000138   Code   RO         2006    i.on_connected_evt  nrf_ble_gatt.o
    0x00030088   0x0000006e   Code   RO         8312    i.on_control_point_write  ble_hids.o
    0x000300f6   0x00000002   PAD
    0x000300f8   0x00000150   Code   RO         2007    i.on_data_length_update_evt  nrf_ble_gatt.o
    0x00030248   0x00000090   Code   RO         2008    i.on_data_length_update_request_evt  nrf_ble_gatt.o
    0x000302d8   0x00000032   Code   RO         1180    i.on_disconnect     ble_conn_params.o
    0x0003030a   0x00000032   Code   RO         1035    i.on_disconnected   ble_advertising.o
    0x0003033c   0x00000014   Code   RO         2009    i.on_disconnected_evt  nrf_ble_gatt.o
    0x00030350   0x0000017c   Code   RO         2010    i.on_exchange_mtu_request_evt  nrf_ble_gatt.o
    0x000304cc   0x000000c0   Code   RO         2011    i.on_exchange_mtu_rsp_evt  nrf_ble_gatt.o
    0x0003058c   0x0000002c   Code   RO           25    i.on_hids_evt       main.o
    0x000305b8   0x00000048   Code   RO         8482    i.on_hvx_tx_complete  ble_nus.o
    0x00030600   0x00000024   Code   RO         6690    i.on_operation_failure  nrf_fstorage_sd.o
    0x00030624   0x00000060   Code   RO         6691    i.on_operation_success  nrf_fstorage_sd.o
    0x00030684   0x0000001c   Code   RO         5219    i.on_overflow_evt   app_timer2.o
    0x000306a0   0x00000074   Code   RO         8313    i.on_protocol_mode_read_auth  ble_hids.o
    0x00030714   0x0000006e   Code   RO         8314    i.on_protocol_mode_write  ble_hids.o
    0x00030782   0x00000042   Code   RO         8315    i.on_report_cccd_write  ble_hids.o
    0x000307c4   0x000000ac   Code   RO         8316    i.on_report_value_read_auth  ble_hids.o
    0x00030870   0x0000008e   Code   RO         8317    i.on_report_value_write  ble_hids.o
    0x000308fe   0x0000006a   Code   RO         2122    i.on_rw_authorize_request  nrf_ble_qwr.o
    0x00030968   0x000000fe   Code   RO         8318    i.on_rw_authorize_request  ble_hids.o
    0x00030a66   0x00000040   Code   RO         1036    i.on_terminated     ble_advertising.o
    0x00030aa6   0x00000002   Code   RO         2123    i.on_user_mem_release  nrf_ble_qwr.o
    0x00030aa8   0x00000020   Code   RO         2124    i.on_user_mem_request  nrf_ble_qwr.o
    0x00030ac8   0x00000058   Code   RO         1181    i.on_write          ble_conn_params.o
    0x00030b20   0x0000016c   Code   RO         8319    i.on_write          ble_hids.o
    0x00030c8c   0x00000094   Code   RO         8483    i.on_write          ble_nus.o
    0x00030d20   0x00000080   Code   RO         8320    i.outp_rep_characteristics_add  ble_hids.o
    0x00030da0   0x00000034   Code   RO         5736    i.page_can_tag      fds.o
    0x00030dd4   0x00000048   Code   RO         5737    i.page_from_record  fds.o
    0x00030e1c   0x00000034   Code   RO         5738    i.page_has_space    fds.o
    0x00030e50   0x00000030   Code   RO         5739    i.page_identify     fds.o
    0x00030e80   0x0000001c   Code   RO         5740    i.page_offsets_update  fds.o
    0x00030e9c   0x00000078   Code   RO         5741    i.page_scan         fds.o
    0x00030f14   0x00000020   Code   RO         5742    i.page_tag_write_data  fds.o
    0x00030f34   0x00000024   Code   RO         5743    i.page_tag_write_swap  fds.o
    0x00030f58   0x00000170   Code   RO         5744    i.pages_init        fds.o
    0x000310c8   0x00000014   Code   RO         3092    i.pairing           security_dispatcher.o
    0x000310dc   0x00000080   Code   RO         3093    i.pairing_failure   security_dispatcher.o
    0x0003115c   0x00000034   Code   RO         3094    i.pairing_success_evt_send  security_dispatcher.o
    0x00031190   0x00000010   Code   RO         3280    i.params_reply_pending_handle  security_manager.o
    0x000311a0   0x00000022   Code   RO         3281    i.params_req_send   security_manager.o
    0x000311c2   0x00000002   PAD
    0x000311c4   0x00000020   Code   RO         2354    i.pdb_evt_send      peer_database.o
    0x000311e4   0x00000088   Code   RO         2355    i.pdb_init          peer_database.o
    0x0003126c   0x0000006c   Code   RO         2356    i.pdb_pds_evt_handler  peer_database.o
    0x000312d8   0x00000016   Code   RO         2357    i.pdb_peer_data_ptr_get  peer_database.o
    0x000312ee   0x00000002   PAD
    0x000312f0   0x000000ac   Code   RO         2358    i.pdb_peer_free     peer_database.o
    0x0003139c   0x000000f0   Code   RO         2359    i.pdb_write_buf_get  peer_database.o
    0x0003148c   0x00000020   Code   RO         2360    i.pdb_write_buf_release  peer_database.o
    0x000314ac   0x00000044   Code   RO         2361    i.pdb_write_buf_store  peer_database.o
    0x000314f0   0x00000024   Code   RO         2178    i.pds_evt_send      peer_data_storage.o
    0x00031514   0x000000b0   Code   RO         2179    i.pds_init          peer_data_storage.o
    0x000315c4   0x0000000c   Code   RO         2180    i.pds_next_deleted_peer_id_get  peer_data_storage.o
    0x000315d0   0x0000000c   Code   RO         2181    i.pds_next_peer_id_get  peer_data_storage.o
    0x000315dc   0x0000006c   Code   RO         2184    i.pds_peer_data_iterate  peer_data_storage.o
    0x00031648   0x00000010   Code   RO         2185    i.pds_peer_data_iterate_prepare  peer_data_storage.o
    0x00031658   0x0000009a   Code   RO         2186    i.pds_peer_data_read  peer_data_storage.o
    0x000316f2   0x00000002   PAD
    0x000316f4   0x000000d4   Code   RO         2187    i.pds_peer_data_store  peer_data_storage.o
    0x000317c8   0x0000000c   Code   RO         2188    i.pds_peer_id_allocate  peer_data_storage.o
    0x000317d4   0x0000001e   Code   RO         2189    i.pds_peer_id_free  peer_data_storage.o
    0x000317f2   0x0000000c   Code   RO         2190    i.pds_peer_id_is_allocated  peer_data_storage.o
    0x000317fe   0x0000001c   Code   RO         2362    i.peer_data_const_point_to_buffer  peer_database.o
    0x0003181a   0x00000002   PAD
    0x0003181c   0x000000a8   Code   RO         2192    i.peer_data_delete_process  peer_data_storage.o
    0x000318c4   0x00000040   Code   RO         2193    i.peer_data_find    peer_data_storage.o
    0x00031904   0x00000026   Code   RO         2194    i.peer_data_id_is_valid  peer_data_storage.o
    0x0003192a   0x0000000a   Code   RO         2195    i.peer_data_id_to_record_key  peer_data_storage.o
    0x00031934   0x0000001a   Code   RO         2363    i.peer_data_point_to_buffer  peer_database.o
    0x0003194e   0x00000002   PAD
    0x00031950   0x00000014   Code   RO         2510    i.peer_id_allocate  peer_id.o
    0x00031964   0x0000002c   Code   RO         2511    i.peer_id_delete    peer_id.o
    0x00031990   0x0000001c   Code   RO         2512    i.peer_id_free      peer_id.o
    0x000319ac   0x00000014   Code   RO         2513    i.peer_id_get_next_deleted  peer_id.o
    0x000319c0   0x00000038   Code   RO         2514    i.peer_id_get_next_used  peer_id.o
    0x000319f8   0x00000010   Code   RO         2515    i.peer_id_init      peer_id.o
    0x00031a08   0x0000001c   Code   RO         2516    i.peer_id_is_allocated  peer_id.o
    0x00031a24   0x0000001c   Code   RO         2517    i.peer_id_is_deleted  peer_id.o
    0x00031a40   0x0000000a   Code   RO         2196    i.peer_id_to_file_id  peer_data_storage.o
    0x00031a4a   0x00000046   Code   RO         2197    i.peer_ids_load     peer_data_storage.o
    0x00031a90   0x000000ec   Code   RO           26    i.peer_manager_init  main.o
    0x00031b7c   0x00000016   Code   RO         1037    i.phy_is_valid      ble_advertising.o
    0x00031b92   0x00000002   PAD
    0x00031b94   0x00000020   Code   RO         4104    i.pin_configured_set  nrfx_gpiote.o
    0x00031bb4   0x0000001c   Code   RO         4105    i.pin_in_use_by_gpiote  nrfx_gpiote.o
    0x00031bd0   0x00000018   Code   RO         4106    i.pin_in_use_by_port  nrfx_gpiote.o
    0x00031be8   0x00000020   Code   RO         4107    i.pin_in_use_by_te  nrfx_gpiote.o
    0x00031c08   0x0000000c   Code   RO         4108    i.pin_in_use_clear  nrfx_gpiote.o
    0x00031c14   0x00000062   Code   RO         3025    i.pm_buffer_block_acquire  pm_buffer.o
    0x00031c76   0x0000002a   Code   RO         3026    i.pm_buffer_init    pm_buffer.o
    0x00031ca0   0x00000030   Code   RO         3027    i.pm_buffer_ptr_get  pm_buffer.o
    0x00031cd0   0x00000028   Code   RO         3028    i.pm_buffer_release  pm_buffer.o
    0x00031cf8   0x00000024   Code   RO         2610    i.pm_conn_sec_status_get  peer_manager.o
    0x00031d1c   0x0000002c   Code   RO         2611    i.pm_conn_secure    peer_manager.o
    0x00031d48   0x00000024   Code   RO           27    i.pm_evt_handler    main.o
    0x00031d6c   0x0000000c   Code   RO         2613    i.pm_gcm_evt_handler  peer_manager.o
    0x00031d78   0x0000000c   Code   RO         2614    i.pm_gscm_evt_handler  peer_manager.o
    0x00031d84   0x00000318   Code   RO         2928    i.pm_handler_flash_clean  peer_manager_handler.o
    0x0003209c   0x0000001c   Code   RO         2929    i.pm_handler_flash_clean_on_return  peer_manager_handler.o
    0x000320b8   0x0000005c   Code   RO         2930    i.pm_handler_on_pm_evt  peer_manager_handler.o
    0x00032114   0x000003d8   Code   RO         2931    i.pm_handler_pm_evt_log  peer_manager_handler.o
    0x000324ec   0x0000000c   Code   RO         2617    i.pm_im_evt_handler  peer_manager.o
    0x000324f8   0x0000023c   Code   RO         2618    i.pm_init           peer_manager.o
    0x00032734   0x0000017c   Code   RO         2622    i.pm_pdb_evt_handler  peer_manager.o
    0x000328b0   0x00000020   Code   RO         2633    i.pm_peer_delete    peer_manager.o
    0x000328d0   0x00000144   Code   RO         2637    i.pm_peer_rank_highest  peer_manager.o
    0x00032a14   0x00000114   Code   RO         2638    i.pm_peer_ranks_get  peer_manager.o
    0x00032b28   0x000000b4   Code   RO         2639    i.pm_peers_delete   peer_manager.o
    0x00032bdc   0x00000040   Code   RO         2642    i.pm_register       peer_manager.o
    0x00032c1c   0x00000024   Code   RO         2644    i.pm_sec_params_set  peer_manager.o
    0x00032c40   0x00000016   Code   RO         2645    i.pm_sm_evt_handler  peer_manager.o
    0x00032c56   0x00000002   PAD
    0x00032c58   0x000000c0   Code   RO         4109    i.port_event_handle  nrfx_gpiote.o
    0x00032d18   0x00000010   Code   RO         4110    i.port_handler_pin_get  nrfx_gpiote.o
    0x00032d28   0x00000010   Code   RO         4111    i.port_handler_polarity_get  nrfx_gpiote.o
    0x00032d38   0x00000048   Code   RO         7757    i.postfix_process   nrf_log_str_formatter.o
    0x00032d80   0x0000001c   Code   RO           28    i.power_management_init  main.o
    0x00032d9c   0x000000a4   Code   RO         7758    i.prefix_process    nrf_log_str_formatter.o
    0x00032e40   0x00000066   Code   RO         8321    i.protocol_mode_char_add  ble_hids.o
    0x00032ea6   0x00000002   PAD
    0x00032ea8   0x00000018   Code   RO         4426    i.prs_box_get       nrfx_prs.o
    0x00032ec0   0x00000020   Code   RO         5745    i.queue_buf_get     fds.o
    0x00032ee0   0x00000014   Code   RO         5746    i.queue_buf_store   fds.o
    0x00032ef4   0x00000014   Code   RO         5747    i.queue_free        fds.o
    0x00032f08   0x00000018   Code   RO         6692    i.queue_free        nrf_fstorage_sd.o
    0x00032f20   0x00000018   Code   RO         5748    i.queue_has_next    fds.o
    0x00032f38   0x0000001c   Code   RO         5749    i.queue_init        fds.o
    0x00032f54   0x00000014   Code   RO         5750    i.queue_load        fds.o
    0x00032f68   0x0000002c   Code   RO         6693    i.queue_load_next   nrf_fstorage_sd.o
    0x00032f94   0x000000c4   Code   RO         5751    i.queue_process     fds.o
    0x00033058   0x00000090   Code   RO         6694    i.queue_process     nrf_fstorage_sd.o
    0x000330e8   0x00000018   Code   RO         5752    i.queue_start       fds.o
    0x00033100   0x0000001c   Code   RO         6695    i.queue_start       nrf_fstorage_sd.o
    0x0003311c   0x00000010   Code   RO         8205    i.ram_end_address_get  nrf_sdh_ble.o
    0x0003312c   0x0000001c   Code   RO         2934    i.rank_highest      peer_manager_handler.o
    0x00033148   0x00000008   Code   RO         2648    i.rank_init         peer_manager.o
    0x00033150   0x00000040   Code   RO         2649    i.rank_vars_update  peer_manager.o
    0x00033190   0x0000001c   Code   RO         6696    i.read              nrf_fstorage_sd.o
    0x000331ac   0x00000078   Code   RO         2364    i.reattempt_previous_operations  peer_database.o
    0x00033224   0x00000028   Code   RO         1291    i.record_activate   ble_conn_state.o
    0x0003324c   0x00000094   Code   RO         5753    i.record_find       fds.o
    0x000332e0   0x0000003c   Code   RO         5754    i.record_find_and_delete  fds.o
    0x0003331c   0x0000007c   Code   RO         5755    i.record_find_by_desc  fds.o
    0x00033398   0x00000078   Code   RO         5756    i.record_find_next  fds.o
    0x00033410   0x00000040   Code   RO         5757    i.record_header_flag_dirty  fds.o
    0x00033450   0x0000002c   Code   RO         5758    i.record_header_write_begin  fds.o
    0x0003347c   0x00000038   Code   RO         5759    i.record_header_write_finalize  fds.o
    0x000334b4   0x00000038   Code   RO         5760    i.record_header_write_id  fds.o
    0x000334ec   0x00000010   Code   RO         5761    i.record_id_new     fds.o
    0x000334fc   0x00000020   Code   RO         1292    i.record_invalidate  ble_conn_state.o
    0x0003351c   0x00000006   Code   RO         2198    i.record_key_to_peer_data_id  peer_data_storage.o
    0x00033522   0x00000018   Code   RO         2199    i.record_key_within_pm_range  peer_data_storage.o
    0x0003353a   0x00000002   PAD
    0x0003353c   0x00000048   Code   RO         1293    i.record_purge_disconnected  ble_conn_state.o
    0x00033584   0x00000014   Code   RO         1294    i.record_set_disconnected  ble_conn_state.o
    0x00033598   0x00000030   Code   RO         5762    i.record_write_data  fds.o
    0x000335c8   0x000000a4   Code   RO         5763    i.records_stat      fds.o
    0x0003366c   0x00000014   Code   RO         2519    i.release           peer_id.o
    0x00033680   0x000000a4   Code   RO         8322    i.rep_char_add      ble_hids.o
    0x00033724   0x000000d0   Code   RO         8323    i.rep_map_char_add  ble_hids.o
    0x000337f4   0x0000011a   Code   RO         8324    i.rep_value_identify  ble_hids.o
    0x0003390e   0x00000006   Code   RO         6697    i.rmap              nrf_fstorage_sd.o
    0x00033914   0x0000003e   Code   RO         5220    i.rtc_irq           app_timer2.o
    0x00033952   0x00000002   PAD
    0x00033954   0x0000007c   Code   RO         5221    i.rtc_schedule      app_timer2.o
    0x000339d0   0x000000a4   Code   RO         5222    i.rtc_update        app_timer2.o
    0x00033a74   0x0000003e   Code   RO         4508    i.rx_byte           nrfx_uart.o
    0x00033ab2   0x0000001c   Code   RO         4509    i.rx_done_event     nrfx_uart.o
    0x00033ace   0x0000001c   Code   RO         4754    i.rx_done_event     nrfx_uarte.o
    0x00033aea   0x00000022   Code   RO         4510    i.rx_enable         nrfx_uart.o
    0x00033b0c   0x00000020   Code   RO         1550    i.sc_send_pending_handle  gatt_cache_manager.o
    0x00033b2c   0x0000007c   Code   RO         8081    i.sd_nvic_DisableIRQ  nrf_sdh.o
    0x00033ba8   0x000000a4   Code   RO         8082    i.sd_nvic_EnableIRQ  nrf_sdh.o
    0x00033c4c   0x00000068   Code   RO         5373    i.sd_nvic_critical_region_enter  app_util_platform.o
    0x00033cb4   0x00000090   Code   RO         3540    i.sd_state_evt_handler  nrf_drv_clock.o
    0x00033d44   0x0000003c   Code   RO         8083    i.sdh_request_observer_notify  nrf_sdh.o
    0x00033d80   0x00000034   Code   RO         8084    i.sdh_state_observer_notify  nrf_sdh.o
    0x00033db4   0x000000f8   Code   RO         3095    i.sec_info_request_process  security_dispatcher.o
    0x00033eac   0x00000110   Code   RO         3096    i.sec_keyset_fill   security_dispatcher.o
    0x00033fbc   0x00000030   Code   RO         3097    i.sec_params_request_process  security_dispatcher.o
    0x00033fec   0x000000e8   Code   RO         3282    i.sec_params_verify  security_manager.o
    0x000340d4   0x00000058   Code   RO         3098    i.sec_proc_start    security_dispatcher.o
    0x0003412c   0x00000068   Code   RO         3283    i.sec_req_process   security_manager.o
    0x00034194   0x00000028   Code   RO         3099    i.sec_start_send    security_dispatcher.o
    0x000341bc   0x00000022   Code   RO         3100    i.send_config_req   security_dispatcher.o
    0x000341de   0x00000002   PAD
    0x000341e0   0x00000018   Code   RO         1182    i.send_error_evt    ble_conn_params.o
    0x000341f8   0x00000028   Code   RO         3101    i.send_params_req   security_dispatcher.o
    0x00034220   0x00000024   Code   RO         3102    i.send_storage_full_evt  security_dispatcher.o
    0x00034244   0x00000028   Code   RO         1551    i.send_unexpected_error  gatt_cache_manager.o
    0x0003426c   0x00000028   Code   RO         2200    i.send_unexpected_error  peer_data_storage.o
    0x00034294   0x00000028   Code   RO         3103    i.send_unexpected_error  security_dispatcher.o
    0x000342bc   0x0000001e   Code   RO         3284    i.send_unexpected_error  security_manager.o
    0x000342da   0x00000024   Code   RO         1183    i.send_update_request  ble_conn_params.o
    0x000342fe   0x00000002   PAD
    0x00034300   0x00000084   Code   RO         7395    i.serial_tx         nrf_log_backend_rtt.o
    0x00034384   0x00000074   Code   RO         1552    i.service_changed_cccd  gatt_cache_manager.o
    0x000343f8   0x00000020   Code   RO         1553    i.service_changed_needed  gatt_cache_manager.o
    0x00034418   0x00000018   Code   RO         1554    i.service_changed_pending_flags_check  gatt_cache_manager.o
    0x00034430   0x000000a8   Code   RO         1734    i.service_changed_pending_set  gatts_cache_manager.o
    0x000344d8   0x00000124   Code   RO         1555    i.service_changed_send_in_evt  gatt_cache_manager.o
    0x000345fc   0x00000096   Code   RO          906    i.service_data_encode  ble_advdata.o
    0x00034692   0x00000010   Code   RO           29    i.service_error_handler  main.o
    0x000346a2   0x00000002   PAD
    0x000346a4   0x0000005c   Code   RO           30    i.services_init     main.o
    0x00034700   0x00000030   Code   RO         1038    i.set_adv_mode_directed  ble_advertising.o
    0x00034730   0x00000024   Code   RO         1039    i.set_adv_mode_directed_high_duty  ble_advertising.o
    0x00034754   0x0000005c   Code   RO         1040    i.set_adv_mode_fast  ble_advertising.o
    0x000347b0   0x0000005c   Code   RO         1041    i.set_adv_mode_slow  ble_advertising.o
    0x0003480c   0x000000be   Code   RO         1468    i.set_security_req  ble_srv_common.o
    0x000348ca   0x0000004c   Code   RO           31    i.sleep_mode_enter  main.o
    0x00034916   0x00000002   PAD
    0x00034918   0x00000034   Code   RO         3285    i.sm_ble_evt_handler  security_manager.o
    0x0003494c   0x0000009a   Code   RO         3287    i.sm_conn_sec_status_get  security_manager.o
    0x000349e6   0x00000002   PAD
    0x000349e8   0x00000064   Code   RO         3288    i.sm_init           security_manager.o
    0x00034a4c   0x00000018   Code   RO         3290    i.sm_link_secure    security_manager.o
    0x00034a64   0x00000058   Code   RO         3291    i.sm_pdb_evt_handler  security_manager.o
    0x00034abc   0x00000030   Code   RO         3292    i.sm_sec_is_sufficient  security_manager.o
    0x00034aec   0x00000048   Code   RO         3294    i.sm_sec_params_set  security_manager.o
    0x00034b34   0x00000032   Code   RO         3295    i.sm_smd_evt_handler  security_manager.o
    0x00034b66   0x0000004c   Code   RO         3104    i.smd_ble_evt_handler  security_dispatcher.o
    0x00034bb2   0x00000002   PAD
    0x00034bb4   0x0000007c   Code   RO         3106    i.smd_init          security_dispatcher.o
    0x00034c30   0x00000028   Code   RO         3107    i.smd_link_secure   security_dispatcher.o
    0x00034c58   0x000000c0   Code   RO         3108    i.smd_params_reply  security_dispatcher.o
    0x00034d18   0x00000040   Code   RO         3296    i.smd_params_reply_perform  security_manager.o
    0x00034d58   0x0000001c   Code   RO         3541    i.soc_evt_handler   nrf_drv_clock.o
    0x00034d74   0x0000001e   Code   RO         8085    i.softdevice_evt_irq_disable  nrf_sdh.o
    0x00034d92   0x0000001e   Code   RO         8086    i.softdevices_evt_irq_enable  nrf_sdh.o
    0x00034db0   0x00000014   Code   RO         5223    i.sorted_list_stop_all  app_timer2.o
    0x00034dc4   0x00000018   Code   RO         5224    i.sortlist_pop      app_timer2.o
    0x00034ddc   0x00000026   Code   RO          760    i.startup_event_extract  bsp_btn_ble.o
    0x00034e02   0x00000002   PAD
    0x00034e04   0x00000020   Code   RO         4952    i.state_get         app_button.o
    0x00034e24   0x00000048   Code   RO         4953    i.state_set         app_button.o
    0x00034e6c   0x00000064   Code   RO         7578    i.std_header_set    nrf_log_frontend.o
    0x00034ed0   0x00000070   Code   RO         7579    i.std_n             nrf_log_frontend.o
    0x00034f40   0x00000078   Code   RO         1556    i.store_car_value   gatt_cache_manager.o
    0x00034fb8   0x00000074   Code   RO         6548    i.string_print      nrf_fprintf_format.o
    0x0003502c   0x0000000a   Code   RO         5503    i.ticks_sub         drv_rtc.o
    0x00035036   0x00000002   PAD
    0x00035038   0x0000006c   Code   RO         5225    i.timer_expire      app_timer2.o
    0x000350a4   0x00000094   Code   RO         5226    i.timer_req_process  app_timer2.o
    0x00035138   0x00000040   Code   RO         5227    i.timer_req_schedule  app_timer2.o
    0x00035178   0x00000020   Code   RO         4954    i.timer_start       app_button.o
    0x00035198   0x0000001c   Code   RO           32    i.timers_init       main.o
    0x000351b4   0x00000002   Code   RO         7759    i.timestamp_print   nrf_log_str_formatter.o
    0x000351b6   0x00000036   Code   RO         4511    i.tx_blocking       nrfx_uart.o
    0x000351ec   0x00000026   Code   RO         4512    i.tx_byte           nrfx_uart.o
    0x00035212   0x00000020   Code   RO         4513    i.tx_done_event     nrfx_uart.o
    0x00035232   0x00000020   Code   RO         4755    i.tx_done_event     nrfx_uarte.o
    0x00035252   0x00000036   Code   RO          907    i.tx_power_level_encode  ble_advdata.o
    0x00035288   0x00000120   Code   RO           33    i.uart_event_handle  main.o
    0x000353a8   0x000000e4   Code   RO         7197    i.uart_event_handler  app_uart_fifo.o
    0x0003548c   0x00000038   Code   RO         3692    i.uart_evt_handler  nrf_drv_uart.o
    0x000354c4   0x0000005c   Code   RO           34    i.uart_init         main.o
    0x00035520   0x0000014e   Code   RO         4514    i.uart_irq_handler  nrfx_uart.o
    0x0003566e   0x00000002   PAD
    0x00035670   0x00000038   Code   RO         3693    i.uarte_evt_handler  nrf_drv_uart.o
    0x000356a8   0x00000134   Code   RO         4756    i.uarte_irq_handler  nrfx_uarte.o
    0x000357dc   0x0000000c   Code   RO         1469    i.uint16_decode     ble_srv_common.o
    0x000357e8   0x0000000c   Code   RO          908    i.uint16_encode     ble_advdata.o
    0x000357f4   0x00000024   Code   RO         6698    i.uninit            nrf_fstorage_sd.o
    0x00035818   0x000000b8   Code   RO         6549    i.unsigned_print    nrf_fprintf_format.o
    0x000358d0   0x00000034   Code   RO         1557    i.update_pending_flags_check  gatt_cache_manager.o
    0x00035904   0x00000074   Code   RO         1184    i.update_timeout_handler  ble_conn_params.o
    0x00035978   0x0000001e   Code   RO         1042    i.use_whitelist     ble_advertising.o
    0x00035996   0x00000002   PAD
    0x00035998   0x00000014   Code   RO         1295    i.user_flag_is_acquired  ble_conn_state.o
    0x000359ac   0x0000002c   Code   RO         2125    i.user_mem_reply    nrf_ble_qwr.o
    0x000359d8   0x0000001e   Code   RO         4955    i.usr_event         app_button.o
    0x000359f6   0x0000004e   Code   RO          909    i.uuid_list_encode  ble_advdata.o
    0x00035a44   0x000000d6   Code   RO          910    i.uuid_list_sized_encode  ble_advdata.o
    0x00035b1a   0x00000056   Code   RO          655    i.wakeup_button_cfg  bsp.o
    0x00035b70   0x00000008   Code   RO         1043    i.whitelist_has_entries  ble_advertising.o
    0x00035b78   0x00000006   Code   RO         6699    i.wmap              nrf_fstorage_sd.o
    0x00035b7e   0x00000002   PAD
    0x00035b80   0x00000054   Code   RO         6700    i.write             nrf_fstorage_sd.o
    0x00035bd4   0x00000038   Code   RO         2365    i.write_buf_length_words_set  peer_database.o
    0x00035c0c   0x00000160   Code   RO         2366    i.write_buf_store   peer_database.o
    0x00035d6c   0x00000070   Code   RO         2367    i.write_buf_store_in_event  peer_database.o
    0x00035ddc   0x00000024   Code   RO         2368    i.write_buffer_record_acquire  peer_database.o
    0x00035e00   0x0000004c   Code   RO         2369    i.write_buffer_record_find  peer_database.o
    0x00035e4c   0x00000034   Code   RO         2370    i.write_buffer_record_find_next  peer_database.o
    0x00035e80   0x00000030   Code   RO         2371    i.write_buffer_record_find_stored  peer_database.o
    0x00035eb0   0x0000000e   Code   RO         2372    i.write_buffer_record_find_unused  peer_database.o
    0x00035ebe   0x00000024   Code   RO         2373    i.write_buffer_record_invalidate  peer_database.o
    0x00035ee2   0x00000002   PAD
    0x00035ee4   0x00000028   Code   RO         2374    i.write_buffer_record_release  peer_database.o
    0x00035f0c   0x000000e8   Code   RO         5764    i.write_enqueue     fds.o
    0x00035ff4   0x000000c8   Code   RO         5765    i.write_execute     fds.o
    0x000360bc   0x00000058   Code   RO         6701    i.write_execute     nrf_fstorage_sd.o
    0x00036114   0x00000024   Code   RO         5766    i.write_space_free  fds.o
    0x00036138   0x0000007c   Code   RO         5767    i.write_space_reserve  fds.o
    0x000361b4   0x00000018   Data   RO           36    .constdata          main.o
    0x000361cc   0x00000008   Data   RO          532    .constdata          boards.o
    0x000361d4   0x0000002c   Data   RO          657    .constdata          bsp.o
    0x00036200   0x0000006c   Data   RO         1558    .constdata          gatt_cache_manager.o
    0x0003626c   0x00000018   Data   RO         1735    .constdata          gatts_cache_manager.o
    0x00036284   0x00000008   Data   RO         1847    .constdata          id_manager.o
    0x0003628c   0x00000016   Data   RO         2012    .constdata          nrf_ble_gatt.o
    0x000362a2   0x00000002   PAD
    0x000362a4   0x00000018   Data   RO         2201    .constdata          peer_data_storage.o
    0x000362bc   0x00000010   Data   RO         2376    .constdata          peer_database.o
    0x000362cc   0x0000002c   Data   RO         2651    .constdata          peer_manager.o
    0x000362f8   0x00000034   Data   RO         2937    .constdata          peer_manager_handler.o
    0x0003632c   0x00000078   Data   RO         3110    .constdata          security_dispatcher.o
    0x000363a4   0x00000005   Data   RO         3297    .constdata          security_manager.o
    0x000363a9   0x00000003   PAD
    0x000363ac   0x0000003e   Data   RO         4113    .constdata          nrfx_gpiote.o
    0x000363ea   0x00000002   PAD
    0x000363ec   0x0000002e   Data   RO         4516    .constdata          nrfx_uart.o
    0x0003641a   0x00000002   PAD
    0x0003641c   0x00000030   Data   RO         4758    .constdata          nrfx_uarte.o
    0x0003644c   0x00000007   Data   RO         4957    .constdata          app_button.o
    0x00036453   0x00000001   PAD
    0x00036454   0x00000014   Data   RO         5229    .constdata          app_timer2.o
    0x00036468   0x00000008   PAD
    0x00036470   0x00000006   Data   RO         5504    .constdata          drv_rtc.o
    0x00036476   0x00000002   PAD
    0x00036478   0x00000018   Data   RO         5769    .constdata          fds.o
    0x00036490   0x00000010   Data   RO         6550    .constdata          nrf_fprintf_format.o
    0x000364a0   0x0000005e   Data   RO         6601    .constdata          nrf_fstorage.o
    0x000364fe   0x00000002   PAD
    0x00036500   0x00000030   Data   RO         6703    .constdata          nrf_fstorage_sd.o
    0x00036530   0x00000024   Data   RO         6902    .constdata          nrf_pwr_mgmt.o
    0x00036554   0x0000013c   Data   RO         7128    .constdata          nrf_strerror.o
    0x00036690   0x00000020   Data   RO         7199    .constdata          app_uart_fifo.o
    0x000366b0   0x00000016   Data   RO         7397    .constdata          nrf_log_backend_rtt.o
    0x000366c6   0x00000002   PAD
    0x000366c8   0x0000000c   Data   RO         7581    .constdata          nrf_log_frontend.o
    0x000366d4   0x00000058   Data   RO         8087    .constdata          nrf_sdh.o
    0x0003672c   0x00000030   Data   RO         8206    .constdata          nrf_sdh_ble.o
    0x0003675c   0x0000001c   Data   RO         8261    .constdata          nrf_sdh_soc.o
    0x00036778   0x00000010   Data   RO         8484    .constdata          ble_nus.o
    0x00036788   0x00000081   Data   RO        10291    .constdata          mc_w.l(ctype_o.o)
    0x00036809   0x00000003   PAD
    0x0003680c   0x00000004   Data   RO        10292    .constdata          mc_w.l(ctype_o.o)
    0x00036810   0x000001a4   Data   RO         1559    .conststring        gatt_cache_manager.o
    0x000369b4   0x0000019c   Data   RO         1736    .conststring        gatts_cache_manager.o
    0x00036b50   0x0000013e   Data   RO         2013    .conststring        nrf_ble_gatt.o
    0x00036c8e   0x00000002   PAD
    0x00036c90   0x000000e8   Data   RO         2202    .conststring        peer_data_storage.o
    0x00036d78   0x00000180   Data   RO         2377    .conststring        peer_database.o
    0x00036ef8   0x00000090   Data   RO         2652    .conststring        peer_manager.o
    0x00036f88   0x00000613   Data   RO         2938    .conststring        peer_manager_handler.o
    0x0003759b   0x00000001   PAD
    0x0003759c   0x000002b2   Data   RO         3111    .conststring        security_dispatcher.o
    0x0003784e   0x00000002   PAD
    0x00037850   0x0000017b   Data   RO         3298    .conststring        security_manager.o
    0x000379cb   0x00000001   PAD
    0x000379cc   0x0000004f   Data   RO         6602    .conststring        nrf_fstorage.o
    0x00037a1b   0x00000001   PAD
    0x00037a1c   0x000003eb   Data   RO         7129    .conststring        nrf_strerror.o
    0x00037e07   0x00000001   PAD
    0x00037e08   0x00000066   Data   RO         7760    .conststring        nrf_log_str_formatter.o
    0x00037e6e   0x00000002   PAD
    0x00037e70   0x00000188   Data   RO         8207    .conststring        nrf_sdh_ble.o
    0x00037ff8   0x00000011   Data   RO         1560    .conststrlit        gatt_cache_manager.o
    0x00038009   0x00000003   PAD
    0x0003800c   0x00000012   Data   RO         1737    .conststrlit        gatts_cache_manager.o
    0x0003801e   0x00000002   PAD
    0x00038020   0x00000010   Data   RO         1849    .conststrlit        id_manager.o
    0x00038030   0x0000000d   Data   RO         2014    .conststrlit        nrf_ble_gatt.o
    0x0003803d   0x00000003   PAD
    0x00038040   0x00000011   Data   RO         2203    .conststrlit        peer_data_storage.o
    0x00038051   0x00000003   PAD
    0x00038054   0x00000011   Data   RO         2378    .conststrlit        peer_database.o
    0x00038065   0x00000003   PAD
    0x00038068   0x0000000d   Data   RO         2653    .conststrlit        peer_manager.o
    0x00038075   0x00000003   PAD
    0x00038078   0x00000015   Data   RO         2939    .conststrlit        peer_manager_handler.o
    0x0003808d   0x00000003   PAD
    0x00038090   0x00000011   Data   RO         3112    .conststrlit        security_dispatcher.o
    0x000380a1   0x00000003   PAD
    0x000380a4   0x00000010   Data   RO         3299    .conststrlit        security_manager.o
    0x000380b4   0x00000006   Data   RO         3544    .conststrlit        nrf_drv_clock.o
    0x000380ba   0x00000002   PAD
    0x000380bc   0x00000006   Data   RO         3907    .conststrlit        nrfx_clock.o
    0x000380c2   0x00000002   PAD
    0x000380c4   0x00000007   Data   RO         4114    .conststrlit        nrfx_gpiote.o
    0x000380cb   0x00000001   PAD
    0x000380cc   0x00000004   Data   RO         4428    .conststrlit        nrfx_prs.o
    0x000380d0   0x00000005   Data   RO         4517    .conststrlit        nrfx_uart.o
    0x000380d5   0x00000003   PAD
    0x000380d8   0x00000006   Data   RO         4759    .conststrlit        nrfx_uarte.o
    0x000380de   0x00000002   PAD
    0x000380e0   0x0000000b   Data   RO         4958    .conststrlit        app_button.o
    0x000380eb   0x00000001   PAD
    0x000380ec   0x0000000a   Data   RO         5230    .conststrlit        app_timer2.o
    0x000380f6   0x00000002   PAD
    0x000380f8   0x0000000d   Data   RO         6603    .conststrlit        nrf_fstorage.o
    0x00038105   0x00000003   PAD
    0x00038108   0x00000009   Data   RO         6903    .conststrlit        nrf_pwr_mgmt.o
    0x00038111   0x00000003   PAD
    0x00038114   0x00000009   Data   RO         7075    .conststrlit        nrf_sortlist.o
    0x0003811d   0x00000003   PAD
    0x00038120   0x00000010   Data   RO         7515    .conststrlit        nrf_log_default_backends.o
    0x00038130   0x00000004   Data   RO         7582    .conststrlit        nrf_log_frontend.o
    0x00038134   0x00000008   Data   RO         8088    .conststrlit        nrf_sdh.o
    0x0003813c   0x0000000c   Data   RO         8208    .conststrlit        nrf_sdh_ble.o
    0x00038148   0x0000000c   Data   RO         8262    .conststrlit        nrf_sdh_soc.o
    0x00038154   0x00000008   Data   RO         8485    .conststrlit        ble_nus.o
    0x0003815c   0x00000020   Data   RO        10626    Region$$Table       anon$$obj.o
    0x0003817c   0x00000010   Data   RO         7517    log_backends        nrf_log_default_backends.o
    0x0003818c   0x00000008   Data   RO         1562    log_const_data      gatt_cache_manager.o
    0x00038194   0x00000008   Data   RO         1739    log_const_data      gatts_cache_manager.o
    0x0003819c   0x00000008   Data   RO         1851    log_const_data      id_manager.o
    0x000381a4   0x00000008   Data   RO         2015    log_const_data      nrf_ble_gatt.o
    0x000381ac   0x00000008   Data   RO         2205    log_const_data      peer_data_storage.o
    0x000381b4   0x00000008   Data   RO         2380    log_const_data      peer_database.o
    0x000381bc   0x00000008   Data   RO         2655    log_const_data      peer_manager.o
    0x000381c4   0x00000008   Data   RO         2941    log_const_data      peer_manager_handler.o
    0x000381cc   0x00000008   Data   RO         3114    log_const_data      security_dispatcher.o
    0x000381d4   0x00000008   Data   RO         3301    log_const_data      security_manager.o
    0x000381dc   0x00000008   Data   RO         3545    log_const_data      nrf_drv_clock.o
    0x000381e4   0x00000008   Data   RO         3909    log_const_data      nrfx_clock.o
    0x000381ec   0x00000008   Data   RO         4115    log_const_data      nrfx_gpiote.o
    0x000381f4   0x00000008   Data   RO         4430    log_const_data      nrfx_prs.o
    0x000381fc   0x00000008   Data   RO         4518    log_const_data      nrfx_uart.o
    0x00038204   0x00000008   Data   RO         4760    log_const_data      nrfx_uarte.o
    0x0003820c   0x00000008   Data   RO         4960    log_const_data      app_button.o
    0x00038214   0x00000008   Data   RO         5232    log_const_data      app_timer2.o
    0x0003821c   0x00000008   Data   RO         6604    log_const_data      nrf_fstorage.o
    0x00038224   0x00000008   Data   RO         6905    log_const_data      nrf_pwr_mgmt.o
    0x0003822c   0x00000008   Data   RO         7076    log_const_data      nrf_sortlist.o
    0x00038234   0x00000008   Data   RO         7584    log_const_data      nrf_log_frontend.o
    0x0003823c   0x00000008   Data   RO         8090    log_const_data      nrf_sdh.o
    0x00038244   0x00000008   Data   RO         8210    log_const_data      nrf_sdh_ble.o
    0x0003824c   0x00000008   Data   RO         8263    log_const_data      nrf_sdh_soc.o
    0x00038254   0x00000008   Data   RO         8486    log_const_data      ble_nus.o
    0x0003825c   0x00000014   Data   RO         7585    nrf_balloc          nrf_log_frontend.o
    0x00038270   0x00000008   Data   RO         1297    sdh_ble_observers0  ble_conn_state.o
    0x00038278   0x00000010   Data   RO           38    sdh_ble_observers1  main.o
    0x00038288   0x00000008   Data   RO          762    sdh_ble_observers1  bsp_btn_ble.o
    0x00038290   0x00000008   Data   RO         1187    sdh_ble_observers1  ble_conn_params.o
    0x00038298   0x00000008   Data   RO         2656    sdh_ble_observers1  peer_manager.o
    0x000382a0   0x00000018   Data   RO           39    sdh_ble_observers2  main.o
    0x000382b8   0x00000008   Data   RO           40    sdh_ble_observers3  main.o
    0x000382c0   0x00000008   Data   RO         6705    sdh_req_observers0  nrf_fstorage_sd.o
    0x000382c8   0x00000008   Data   RO         3546    sdh_soc_observers0  nrf_drv_clock.o
    0x000382d0   0x00000008   Data   RO         6706    sdh_soc_observers0  nrf_fstorage_sd.o
    0x000382d8   0x00000008   Data   RO         8211    sdh_stack_observers0  nrf_sdh_ble.o
    0x000382e0   0x00000008   Data   RO         8264    sdh_stack_observers0  nrf_sdh_soc.o
    0x000382e8   0x00000008   Data   RO         3547    sdh_state_observers0  nrf_drv_clock.o
    0x000382f0   0x00000008   Data   RO         6707    sdh_state_observers0  nrf_fstorage_sd.o


    Execution Region RW_IRAM1 (Base: 0x20002250, Size: 0x00003a68, Max: 0x0000ddb0, ABSOLUTE, COMPRESSED[0x00000110])

    Base Addr    Size         Type   Attr      Idx    E Section Name        Object

    0x20002250   0x000001d8   Data   RW           37    .data               main.o
    0x20002428   0x00000015   Data   RW          658    .data               bsp.o
    0x2000243d   0x00000003   PAD
    0x20002440   0x00000008   Data   RW          761    .data               bsp_btn_ble.o
    0x20002448   0x00000008   Data   RW         1186    .data               ble_conn_params.o
    0x20002450   0x00000013   Data   RW         1561    .data               gatt_cache_manager.o
    0x20002463   0x00000001   PAD
    0x20002464   0x0000000a   Data   RW         1738    .data               gatts_cache_manager.o
    0x2000246e   0x00000002   PAD
    0x20002470   0x0000000c   Data   RW         2204    .data               peer_data_storage.o
    0x2000247c   0x00000008   Data   RW         2379    .data               peer_database.o
    0x20002484   0x0000000f   Data   RW         2654    .data               peer_manager.o
    0x20002493   0x00000001   PAD
    0x20002494   0x000000b4   Data   RW         2940    .data               peer_manager_handler.o
    0x20002548   0x00000005   Data   RW         3113    .data               security_dispatcher.o
    0x2000254d   0x00000003   PAD
    0x20002550   0x00000018   Data   RW         3300    .data               security_manager.o
    0x20002568   0x00000009   Data   RW         3694    .data               nrf_drv_uart.o
    0x20002571   0x00000003   PAD
    0x20002574   0x00000008   Data   RW         3908    .data               nrfx_clock.o
    0x2000257c   0x00000008   Data   RW         4429    .data               nrfx_prs.o
    0x20002584   0x00000004   PAD
    0x20002588   0x00000018   Data   RW         4959    .data               app_button.o
    0x200025a0   0x00000024   Data   RW         5231    .data               app_timer2.o
    0x200025c4   0x0000000c   Data   RW         5505    .data               drv_rtc.o
    0x200025d0   0x00000030   Data   RW         5770    .data               fds.o
    0x20002600   0x00000008   Data   RW         6704    .data               nrf_fstorage_sd.o
    0x20002608   0x00000009   Data   RW         6904    .data               nrf_pwr_mgmt.o
    0x20002611   0x00000003   PAD
    0x20002614   0x0000001b   Data   RW         7200    .data               app_uart_fifo.o
    0x2000262f   0x00000001   Data   RW         7398    .data               nrf_log_backend_rtt.o
    0x20002630   0x00000008   Data   RW         7516    .data               nrf_log_default_backends.o
    0x20002638   0x00000014   Data   RW         7583    .data               nrf_log_frontend.o
    0x2000264c   0x00000040   Data   RW         7761    .data               nrf_log_str_formatter.o
    0x2000268c   0x00000003   Data   RW         8089    .data               nrf_sdh.o
    0x2000268f   0x00000001   Data   RW         8209    .data               nrf_sdh_ble.o
    0x20002690   0x00000004   Data   RW         8885    .data               system_nrf52.o
    0x20002694   0x00000014   Data   RW         5771    fs_data             fds.o
    0x200026a8   0x0000067c   Zero   RW           35    .bss                main.o
    0x20002d24   0x00000004   PAD
    0x20002d28   0x00000070   Zero   RW          656    .bss                bsp.o
    0x20002d98   0x00000050   Zero   RW         1185    .bss                ble_conn_params.o
    0x20002de8   0x0000007c   Zero   RW         1296    .bss                ble_conn_state.o
    0x20002e64   0x000000d8   Zero   RW         1846    .bss                id_manager.o
    0x20002f3c   0x00000180   Zero   RW         2375    .bss                peer_database.o
    0x200030bc   0x00000040   Zero   RW         2520    .bss                peer_id.o
    0x200030fc   0x0000000c   Zero   RW         2650    .bss                peer_manager.o
    0x20003108   0x00000040   Zero   RW         3109    .bss                security_dispatcher.o
    0x20003148   0x00000014   Zero   RW         3542    .bss                nrf_drv_clock.o
    0x2000315c   0x0000005c   Zero   RW         4112    .bss                nrfx_gpiote.o
    0x200031b8   0x0000002c   Zero   RW         4515    .bss                nrfx_uart.o
    0x200031e4   0x00000024   Zero   RW         4757    .bss                nrfx_uarte.o
    0x20003208   0x00000030   Zero   RW         4956    .bss                app_button.o
    0x20003238   0x00000068   Zero   RW         5228    .bss                app_timer2.o
    0x200032a0   0x0000000c   Zero   RW         5374    .bss                app_util_platform.o
    0x200032ac   0x000000f0   Zero   RW         5768    .bss                fds.o
    0x2000339c   0x000000b0   Zero   RW         6702    .bss                nrf_fstorage_sd.o
    0x2000344c   0x0000000c   Zero   RW         6901    .bss                nrf_pwr_mgmt.o
    0x20003458   0x00000020   Zero   RW         7198    .bss                app_uart_fifo.o
    0x20003478   0x00000040   Zero   RW         7396    .bss                nrf_log_backend_rtt.o
    0x200034b8   0x00000578   Zero   RW         7580    .bss                nrf_log_frontend.o
    0x20003a30   0x00000288   Zero   RW         7841    .bss                segger_rtt.o
    0x20003cb8   0x00002000   Zero   RW         8535    STACK               arm_startup_nrf52.o


==============================================================================

Image component sizes


      Code (inc. data)   RO Data    RW Data    ZI Data      Debug   Object Name

       838        102         26         24         48      17738   app_button.o
        28          0          0          0          0       2473   app_error.o
       188         44          0          0          0      34101   app_error_weak.o
       170          0          0          0          0       5398   app_fifo.o
         0          0          0          0          0      37126   app_scheduler.o
      1122        124         38         36        104      18425   app_timer2.o
       786        108         32         27         32      16810   app_uart_fifo.o
       200         24          0          0         12      11330   app_util_platform.o
        36          8        512          0       8192        896   arm_startup_nrf52.o
      1770          0          0          0          0      55520   ble_advdata.o
      1464          6          0          0          0      17327   ble_advertising.o
       936         56          8          8         80      11715   ble_conn_params.o
       896         82          8          0        124      17624   ble_conn_state.o
      3704          0          0          0          0      63869   ble_hids.o
       108          0          0          0          0       1552   ble_link_ctx_manager.o
       790          4         32          0          0       7152   ble_nus.o
       926          6          0          0          0      42982   ble_srv_common.o
       488         38          8          0          0      15387   boards.o
      1614        124         44         21        112      15667   bsp.o
       420         16          8          8          0       5892   bsp_btn_ble.o
      1010         98          6         12          0      53145   drv_rtc.o
      5244        484         24         68        240      60914   fds.o
      2606        620        553         19          0      35639   gatt_cache_manager.o
       848         90        462         10          0      16631   gatts_cache_manager.o
      1080         34         32          0        216      16966   id_manager.o
      3112        550         72        472       1660     215498   main.o
       374          0          0          0          0       6616   nrf_atfifo.o
       232          0          0          0          0       4876   nrf_atflags.o
       444          0          0          0          0      10096   nrf_atomic.o
       218          0          0          0          0       3731   nrf_balloc.o
      2060        788        361          0          0      38927   nrf_ble_gatt.o
       390          0          0          0          0       6069   nrf_ble_qwr.o
       440         52         30          0         20      44372   nrf_drv_clock.o
       252         42          0          9          0      17584   nrf_drv_uart.o
        70          0          0          0          0       3497   nrf_fprintf.o
      1030          6         16          0          0       7082   nrf_fprintf_format.o
      1216        430        194          0          0       7984   nrf_fstorage.o
      1118        118         72          8        176      18767   nrf_fstorage_sd.o
       176         16         22          1         64       6849   nrf_log_backend_rtt.o
       242          0          0          0          0      10909   nrf_log_backend_serial.o
        40          6         32          8          0       3277   nrf_log_default_backends.o
      2450        158         44         20       1400      34972   nrf_log_frontend.o
       626        112        102         64          0       5884   nrf_log_str_formatter.o
       514          0          0          0          0       9531   nrf_memobj.o
       172         22         53          9         12      41518   nrf_pwr_mgmt.o
        28          0          0          0          0       2295   nrf_ringbuf.o
       862         86        104          3          0      44958   nrf_sdh.o
       836        238        468          1          0       6375   nrf_sdh_ble.o
        84          4         56          0          0       2644   nrf_sdh_soc.o
       112          0          0          0          0       2740   nrf_section_iter.o
       110          0         17          0          0       3921   nrf_sortlist.o
        92         10       1319          0          0       2675   nrf_strerror.o
       424         32         14          8          0      48796   nrfx_clock.o
      1738        124         77          0         92      70830   nrfx_gpiote.o
       118         14         12          8          0       3729   nrfx_prs.o
      1694         46         59          0         44      34629   nrfx_uart.o
      1612         46         62          0         36      30215   nrfx_uarte.o
      1488        150        281         12          0      21634   peer_data_storage.o
      1838        276        425          8        384      22422   peer_database.o
       402         46          0          0         64       9503   peer_id.o
      2182        512        217         15         12      20151   peer_manager.o
      2340        866       1636        180          0       8428   peer_manager_handler.o
       330          0          0          0          0       6371   pm_buffer.o
      2368        290        835          5         64      31399   security_dispatcher.o
      1778        164        408         24          0      55442   security_manager.o
       470         44          0          0        648       8313   segger_rtt.o
      1508        158          0          4          0       9923   system_nrf52.o

    ----------------------------------------------------------------------
     64986       7474       8892       1112      13840    1527711   Object Totals
         0          0         32          0          0          0   (incl. Generated)
       124          0         79         20          4          0   (incl. Padding)

    ----------------------------------------------------------------------

      Code (inc. data)   RO Data    RW Data    ZI Data      Debug   Library Member Name

        86          0          0          0          0          0   __dczerorl2.o
         8          4        133          0          0         68   ctype_o.o
         0          0          0          0          0          0   entry.o
         0          0          0          0          0          0   entry10a.o
         0          0          0          0          0          0   entry11a.o
         8          4          0          0          0          0   entry2.o
         4          0          0          0          0          0   entry5.o
         0          0          0          0          0          0   entry7b.o
         0          0          0          0          0          0   entry8b.o
         8          4          0          0          0          0   entry9a.o
        30          0          0          0          0          0   handlers.o
        36          8          0          0          0         68   init.o
        30          0          0          0          0         68   llshl.o
        32          0          0          0          0         68   llushr.o
        26          0          0          0          0         80   memcmp.o
        36          0          0          0          0         68   memcpya.o
        36          0          0          0          0        108   memseta.o
        18          0          0          0          0         68   strcpy.o
        14          0          0          0          0         68   strlen.o
        98          0          0          0          0         92   uldiv.o

    ----------------------------------------------------------------------
       474         20        136          0          0        756   Library Totals
         4          0          3          0          0          0   (incl. Padding)

    ----------------------------------------------------------------------

      Code (inc. data)   RO Data    RW Data    ZI Data      Debug   Library Name

       470         20        133          0          0        756   mc_w.l

    ----------------------------------------------------------------------
       474         20        136          0          0        756   Library Totals

    ----------------------------------------------------------------------

==============================================================================


      Code (inc. data)   RO Data    RW Data    ZI Data      Debug   

     65460       7494       9028       1112      13840    1449891   Grand Totals
     65460       7494       9028        272      13840    1449891   ELF Image Totals (compressed)
     65460       7494       9028        272          0          0   ROM Totals

==============================================================================

    Total RO  Size (Code + RO Data)                74488 (  72.74kB)
    Total RW  Size (RW Data + ZI Data)             14952 (  14.60kB)
    Total ROM Size (Code + RO Data + RW Data)      74760 (  73.01kB)

==============================================================================

